Archive member included to satisfy reference by file (symbol)

c:/nxp/s32ds.3.6.0/s32ds/build_tools/gcc_v10.2/gcc-10.2-arm32-eabi/bin/../lib/gcc/arm-none-eabi/10.2.0/../../../../arm-none-eabi/lib/thumb/v6-m/nofp\libc_nano.a(lib_a-memcpy-stub.o)
                              ./src/main.o (memcpy)
c:/nxp/s32ds.3.6.0/s32ds/build_tools/gcc_v10.2/gcc-10.2-arm32-eabi/bin/../lib/gcc/arm-none-eabi/10.2.0/../../../../arm-none-eabi/lib/thumb/v6-m/nofp\libc_nano.a(lib_a-memset.o)
                              ./Project_Settings/Startup_Code/startup.o (memset)
c:/nxp/s32ds.3.6.0/s32ds/build_tools/gcc_v10.2/gcc-10.2-arm32-eabi/bin/../lib/gcc/arm-none-eabi/10.2.0/thumb/v6-m/nofp\libgcc.a(_thumb1_case_uqi.o)
                              ./RTD/src/Flexio_Lin_Ip.o (__gnu_thumb1_case_uqi)
c:/nxp/s32ds.3.6.0/s32ds/build_tools/gcc_v10.2/gcc-10.2-arm32-eabi/bin/../lib/gcc/arm-none-eabi/10.2.0/thumb/v6-m/nofp\libgcc.a(_thumb1_case_shi.o)
                              ./RTD/src/Lpuart_Lin_Ip.o (__gnu_thumb1_case_shi)
c:/nxp/s32ds.3.6.0/s32ds/build_tools/gcc_v10.2/gcc-10.2-arm32-eabi/bin/../lib/gcc/arm-none-eabi/10.2.0/thumb/v6-m/nofp\libgcc.a(_udivsi3.o)
                              ./RTD/src/Clock_Ip_Monitor.o (__aeabi_uidiv)
c:/nxp/s32ds.3.6.0/s32ds/build_tools/gcc_v10.2/gcc-10.2-arm32-eabi/bin/../lib/gcc/arm-none-eabi/10.2.0/thumb/v6-m/nofp\libgcc.a(_divsi3.o)
                              ./RTD/src/Clock_Ip_Monitor.o (__aeabi_idiv)
c:/nxp/s32ds.3.6.0/s32ds/build_tools/gcc_v10.2/gcc-10.2-arm32-eabi/bin/../lib/gcc/arm-none-eabi/10.2.0/thumb/v6-m/nofp\libgcc.a(_dvmd_tls.o)
                              c:/nxp/s32ds.3.6.0/s32ds/build_tools/gcc_v10.2/gcc-10.2-arm32-eabi/bin/../lib/gcc/arm-none-eabi/10.2.0/thumb/v6-m/nofp\libgcc.a(_udivsi3.o) (__aeabi_idiv0)

Discarded input sections

 .group         0x00000000        0xc ./Project_Settings/Startup_Code/exceptions.o
 .group         0x00000000        0xc ./Project_Settings/Startup_Code/exceptions.o
 .group         0x00000000        0xc ./Project_Settings/Startup_Code/exceptions.o
 .group         0x00000000        0xc ./Project_Settings/Startup_Code/exceptions.o
 .group         0x00000000        0xc ./Project_Settings/Startup_Code/exceptions.o
 .group         0x00000000        0xc ./Project_Settings/Startup_Code/exceptions.o
 .group         0x00000000        0xc ./Project_Settings/Startup_Code/exceptions.o
 .group         0x00000000        0xc ./Project_Settings/Startup_Code/exceptions.o
 .group         0x00000000        0xc ./Project_Settings/Startup_Code/exceptions.o
 .group         0x00000000        0xc ./Project_Settings/Startup_Code/exceptions.o
 .group         0x00000000        0xc ./Project_Settings/Startup_Code/exceptions.o
 .group         0x00000000        0xc ./Project_Settings/Startup_Code/exceptions.o
 .group         0x00000000        0xc ./Project_Settings/Startup_Code/exceptions.o
 .group         0x00000000        0xc ./Project_Settings/Startup_Code/exceptions.o
 .group         0x00000000        0xc ./Project_Settings/Startup_Code/exceptions.o
 .group         0x00000000        0xc ./Project_Settings/Startup_Code/exceptions.o
 .group         0x00000000        0xc ./Project_Settings/Startup_Code/exceptions.o
 .group         0x00000000        0xc ./Project_Settings/Startup_Code/exceptions.o
 .group         0x00000000        0xc ./Project_Settings/Startup_Code/exceptions.o
 .group         0x00000000        0xc ./Project_Settings/Startup_Code/exceptions.o
 .group         0x00000000        0xc ./Project_Settings/Startup_Code/exceptions.o
 .group         0x00000000        0xc ./Project_Settings/Startup_Code/exceptions.o
 .group         0x00000000        0xc ./Project_Settings/Startup_Code/exceptions.o
 .group         0x00000000        0xc ./Project_Settings/Startup_Code/exceptions.o
 .group         0x00000000        0xc ./Project_Settings/Startup_Code/nvic.o
 .group         0x00000000        0xc ./Project_Settings/Startup_Code/nvic.o
 .group         0x00000000        0xc ./Project_Settings/Startup_Code/nvic.o
 .group         0x00000000        0xc ./Project_Settings/Startup_Code/nvic.o
 .group         0x00000000        0xc ./Project_Settings/Startup_Code/nvic.o
 .group         0x00000000        0xc ./Project_Settings/Startup_Code/nvic.o
 .group         0x00000000        0xc ./Project_Settings/Startup_Code/nvic.o
 .group         0x00000000        0xc ./Project_Settings/Startup_Code/nvic.o
 .group         0x00000000        0xc ./Project_Settings/Startup_Code/nvic.o
 .group         0x00000000        0xc ./Project_Settings/Startup_Code/nvic.o
 .group         0x00000000        0xc ./Project_Settings/Startup_Code/nvic.o
 .group         0x00000000        0xc ./Project_Settings/Startup_Code/nvic.o
 .group         0x00000000        0xc ./Project_Settings/Startup_Code/nvic.o
 .group         0x00000000        0xc ./Project_Settings/Startup_Code/nvic.o
 .group         0x00000000        0xc ./Project_Settings/Startup_Code/nvic.o
[...]
Memory Configuration

Name             Origin             Length             Attributes
int_flash_interrupts 0x00000000         0x00000400
int_flash_config 0x00000400         0x00000010
int_flash        0x00000410         0x0001fbf0
int_sram_results 0x1ffffc00         0x00000100
int_sram         0x1ffffd00         0x00002b00
int_sram_stack_c0 0x20002800         0x00001000
ram_rsvd2        0x20003800         0x00000000
*default*        0x00000000         0xffffffff

Linker script and memory map

LOAD ./Project_Settings/Startup_Code/Vector_Table.o
LOAD ./Project_Settings/Startup_Code/exceptions.o
LOAD ./Project_Settings/Startup_Code/nvic.o
LOAD ./Project_Settings/Startup_Code/startup.o
LOAD ./Project_Settings/Startup_Code/startup_cm0p.o
LOAD ./Project_Settings/Startup_Code/system.o
LOAD ./RTD/src/Clock_Ip.o
LOAD ./RTD/src/Clock_Ip_Data.o
LOAD ./RTD/src/Clock_Ip_Divider.o
LOAD ./RTD/src/Clock_Ip_DividerTrigger.o
LOAD ./RTD/src/Clock_Ip_ExtOsc.o
LOAD ./RTD/src/Clock_Ip_FracDiv.o
LOAD ./RTD/src/Clock_Ip_Frequency.o
LOAD ./RTD/src/Clock_Ip_Gate.o
LOAD ./RTD/src/Clock_Ip_IntOsc.o
LOAD ./RTD/src/Clock_Ip_Irq.o
LOAD ./RTD/src/Clock_Ip_Monitor.o
LOAD ./RTD/src/Clock_Ip_Pll.o
LOAD ./RTD/src/Clock_Ip_ProgFreqSwitch.o
LOAD ./RTD/src/Clock_Ip_Selector.o
LOAD ./RTD/src/Clock_Ip_Specific.o
LOAD ./RTD/src/Det.o
LOAD ./RTD/src/Flexio_Lin_Ip.o
LOAD ./RTD/src/Flexio_Mcl_Ip.o
LOAD ./RTD/src/Flexio_Mcl_Ip_HwAccess.o
LOAD ./RTD/src/Flexio_Mcl_Ip_Irq.o
LOAD ./RTD/src/IntCtrl_Ip.o
LOAD ./RTD/src/Lin_Ip_Common.o
LOAD ./RTD/src/Lpuart_Lin_Ip.o
LOAD ./RTD/src/Lpuart_Lin_Ip_Hw_Access.o
LOAD ./RTD/src/Lpuart_Lin_Ip_Irq.o
LOAD ./RTD/src/OsIf_Interrupts.o
LOAD ./RTD/src/OsIf_Timer.o
LOAD ./RTD/src/OsIf_Timer_System.o
LOAD ./RTD/src/OsIf_Timer_System_Internal_Systick.o
LOAD ./RTD/src/Port_Ci_Port_Ip.o
LOAD ./RTD/src/SchM_Lin_43_LPUART_FLEXIO.o
LOAD ./RTD/src/SchM_Mcl.o
LOAD ./RTD/src/SchM_Mcu.o
LOAD ./RTD/src/SchM_Port.o
LOAD ./board/Port_Ci_Port_Ip_Cfg.o
LOAD ./generate/src/Clock_Ip_Cfg.o
LOAD ./generate/src/Flexio_Lin_Ip_Sa_BOARD_InitPeripherals_PBcfg.o
LOAD ./generate/src/Flexio_Mcl_Ip_BOARD_InitPeripherals_PBcfg.o
LOAD ./generate/src/IntCtrl_Ip_Cfg.o
LOAD ./generate/src/Lpuart_Lin_Ip_Sa_BOARD_InitPeripherals_PBcfg.o
LOAD ./generate/src/OsIf_Cfg.o
LOAD ./src/main.o
LOAD c:/nxp/s32ds.3.6.0/s32ds/build_tools/gcc_v10.2/gcc-10.2-arm32-eabi/bin/../lib/gcc/arm-none-eabi/10.2.0/../../../../arm-none-eabi/lib/thumb/v6-m/nofp\libc_nano.a
LOAD c:/nxp/s32ds.3.6.0/s32ds/build_tools/gcc_v10.2/gcc-10.2-arm32-eabi/bin/../lib/gcc/arm-none-eabi/10.2.0/../../../../arm-none-eabi/lib/thumb/v6-m/nofp\libm.a
LOAD c:/nxp/s32ds.3.6.0/s32ds/build_tools/gcc_v10.2/gcc-10.2-arm32-eabi/bin/../lib/gcc/arm-none-eabi/10.2.0/thumb/v6-m/nofp\libgcc.a
LOAD c:/nxp/s32ds.3.6.0/s32ds/build_tools/gcc_v10.2/gcc-10.2-arm32-eabi/bin/../lib/gcc/arm-none-eabi/10.2.0/../../../../arm-none-eabi/lib/thumb/v6-m/nofp\libc_nano.a
LOAD c:/nxp/s32ds.3.6.0/s32ds/build_tools/gcc_v10.2/gcc-10.2-arm32-eabi/bin/../lib/gcc/arm-none-eabi/10.2.0/../../../../arm-none-eabi/lib/thumb/v6-m/nofp\libm.a
LOAD c:/nxp/s32ds.3.6.0/s32ds/build_tools/gcc_v10.2/gcc-10.2-arm32-eabi/bin/../lib/gcc/arm-none-eabi/10.2.0/thumb/v6-m/nofp\libgcc.a
START GROUP
LOAD c:/nxp/s32ds.3.6.0/s32ds/build_tools/gcc_v10.2/gcc-10.2-arm32-eabi/bin/../lib/gcc/arm-none-eabi/10.2.0/thumb/v6-m/nofp\libgcc.a
LOAD c:/nxp/s32ds.3.6.0/s32ds/build_tools/gcc_v10.2/gcc-10.2-arm32-eabi/bin/../lib/gcc/arm-none-eabi/10.2.0/../../../../arm-none-eabi/lib/thumb/v6-m/nofp\libg_nano.a
LOAD c:/nxp/s32ds.3.6.0/s32ds/build_tools/gcc_v10.2/gcc-10.2-arm32-eabi/bin/../lib/gcc/arm-none-eabi/10.2.0/../../../../arm-none-eabi/lib/thumb/v6-m/nofp\libc_nano.a
END GROUP
START GROUP
LOAD c:/nxp/s32ds.3.6.0/s32ds/build_tools/gcc_v10.2/gcc-10.2-arm32-eabi/bin/../lib/gcc/arm-none-eabi/10.2.0/thumb/v6-m/nofp\libgcc.a
LOAD c:/nxp/s32ds.3.6.0/s32ds/build_tools/gcc_v10.2/gcc-10.2-arm32-eabi/bin/../lib/gcc/arm-none-eabi/10.2.0/../../../../arm-none-eabi/lib/thumb/v6-m/nofp\libc_nano.a
LOAD c:/nxp/s32ds.3.6.0/s32ds/build_tools/gcc_v10.2/gcc-10.2-arm32-eabi/bin/../lib/gcc/arm-none-eabi/10.2.0/../../../../arm-none-eabi/lib/thumb/v6-m/nofp\libnosys.a
END GROUP
START GROUP
LOAD c:/nxp/s32ds.3.6.0/s32ds/build_tools/gcc_v10.2/gcc-10.2-arm32-eabi/bin/../lib/gcc/arm-none-eabi/10.2.0/thumb/v6-m/nofp\libgcc.a
LOAD c:/nxp/s32ds.3.6.0/s32ds/build_tools/gcc_v10.2/gcc-10.2-arm32-eabi/bin/../lib/gcc/arm-none-eabi/10.2.0/../../../../arm-none-eabi/lib/thumb/v6-m/nofp\libc_nano.a
LOAD c:/nxp/s32ds.3.6.0/s32ds/build_tools/gcc_v10.2/gcc-10.2-arm32-eabi/bin/../lib/gcc/arm-none-eabi/10.2.0/../../../../arm-none-eabi/lib/thumb/v6-m/nofp\libnosys.a
END GROUP
                0x00000200                HEAP_SIZE = DEFINED (__heap_size__)?__heap_size__:0x200

.flash_interrupts
                0x00000000      0x310
                0x00000000                . = ALIGN (0x100)
                0x00000000                __interrupts_rom_start = .
 *(.intc_vector)
 .intc_vector   0x00000000      0x310 ./Project_Settings/Startup_Code/Vector_Table.o
                0x00000000                VTABLE
                0x00000310                . = ALIGN (0x4)
                0x00000310                __interrupts_rom_end = .

.flash_config   0x00000400       0x10
 *(.flash_config)
 .flash_config  0x00000400       0x10 ./Project_Settings/Startup_Code/startup_cm0p.o

.flash          0x00000410     0x7174
                0x00000410                . = ALIGN (0x4)
 *(.startup)
 .startup       0x00000410       0xac ./Project_Settings/Startup_Code/startup_cm0p.o
                0x00000410                Reset_Handler
                0x00000410                _start
                0x0000047c                MCAL_LTB_TRACE_OFF
                0x0000047e                _end_of_eunit_test
                0x000004bc                . = ALIGN (0x4)
 *(.systeminit)
 .systeminit    0x000004bc        0x2 ./Project_Settings/Startup_Code/exceptions.o
                0x000004bc                NMI_Handler
 *fill*         0x000004be        0x2 
 .systeminit    0x000004c0       0x70 ./Project_Settings/Startup_Code/system.o
                0x000004c0                SystemInit
                0x00000530                . = ALIGN (0x4)
 *(.text.startup)
 .text.startup  0x00000530       0xf8 ./src/main.o
                0x00000530                main
                0x00000628                . = ALIGN (0x4)
 *(.text)
 .text          0x00000628        0x0 ./Project_Settings/Startup_Code/Vector_Table.o
 .text          0x00000628       0x12 ./Project_Settings/Startup_Code/exceptions.o
                0x00000628                HardFault_Handler
                0x0000062a                SVC_Handler
                0x0000062c                MemManage_Handler
                0x0000062e                BusFault_Handler
                0x00000630                UsageFault_Handler
                0x00000632                DebugMon_Handler
                0x00000634                PendSV_Handler
                0x00000636                SysTick_Handler
                0x00000638                undefined_handler
 *fill*         0x0000063a        0x2 
 .text          0x0000063c       0x5c ./Project_Settings/Startup_Code/nvic.o
                0x0000063c                NVIC_EnableIRQ
                0x00000650                NVIC_DisableIRQ
                0x00000664                NVIC_SetPriority
 .text          0x00000698       0x50 ./Project_Settings/Startup_Code/startup.o
                0x00000698                init_data_bss
 .text          0x000006e8        0x0 ./Project_Settings/Startup_Code/startup_cm0p.o
 .text          0x000006e8        0x8 ./Project_Settings/Startup_Code/system.o
                0x000006e8                startup_go_to_user_mode
                0x000006ea                default_interrupt_routine
                0x000006ec                Sys_GetCoreID
 .text          0x000006f0        0x0 ./RTD/src/Clock_Ip.o
 .text          0x000006f0        0x0 ./RTD/src/Clock_Ip_Data.o
 .text          0x000006f0        0x0 ./RTD/src/Clock_Ip_Divider.o
 .text          0x000006f0        0x0 ./RTD/src/Clock_Ip_DividerTrigger.o
 .text          0x000006f0        0x0 ./RTD/src/Clock_Ip_ExtOsc.o
 .text          0x000006f0        0x0 ./RTD/src/Clock_Ip_FracDiv.o
 .text          0x000006f0        0x0 ./RTD/src/Clock_Ip_Frequency.o
 .text          0x000006f0        0x0 ./RTD/src/Clock_Ip_Gate.o
 .text          0x000006f0        0x0 ./RTD/src/Clock_Ip_IntOsc.o
 .text          0x000006f0        0x0 ./RTD/src/Clock_Ip_Irq.o
 .text          0x000006f0        0x0 ./RTD/src/Clock_Ip_Monitor.o
 .text          0x000006f0        0x0 ./RTD/src/Clock_Ip_Pll.o
 .text          0x000006f0        0x0 ./RTD/src/Clock_Ip_ProgFreqSwitch.o
 .text          0x000006f0        0x0 ./RTD/src/Clock_Ip_Selector.o
 .text          0x000006f0        0x0 ./RTD/src/Clock_Ip_Specific.o
 .text          0x000006f0        0x0 ./RTD/src/Det.o
 .text          0x000006f0        0x0 ./RTD/src/Flexio_Lin_Ip.o
 .text          0x000006f0        0x0 ./RTD/src/Flexio_Mcl_Ip.o
 .text          0x000006f0        0x0 ./RTD/src/Flexio_Mcl_Ip_HwAccess.o
 .text          0x000006f0        0x0 ./RTD/src/Flexio_Mcl_Ip_Irq.o
 .text          0x000006f0       0x16 ./RTD/src/IntCtrl_Ip.o
 .text          0x00000706        0x0 ./RTD/src/Lin_Ip_Common.o
 .text          0x00000706        0x0 ./RTD/src/Lpuart_Lin_Ip.o
 .text          0x00000706        0x0 ./RTD/src/Lpuart_Lin_Ip_Hw_Access.o
 .text          0x00000706        0x0 ./RTD/src/Lpuart_Lin_Ip_Irq.o
 .text          0x00000706        0x0 ./RTD/src/OsIf_Interrupts.o
 .text          0x00000706        0x0 ./RTD/src/OsIf_Timer.o
 .text          0x00000706        0x0 ./RTD/src/OsIf_Timer_System.o
 .text          0x00000706        0x0 ./RTD/src/OsIf_Timer_System_Internal_Systick.o
 .text          0x00000706        0x0 ./RTD/src/Port_Ci_Port_Ip.o
 .text          0x00000706        0x6 ./RTD/src/SchM_Lin_43_LPUART_FLEXIO.o
                0x00000706                Lin_schm_read_msr
 .text          0x0000070c        0x6 ./RTD/src/SchM_Mcl.o
                0x0000070c                Mcl_schm_read_msr
 .text          0x00000712        0x6 ./RTD/src/SchM_Mcu.o
                0x00000712                Mcu_schm_read_msr
 .text          0x00000718        0x6 ./RTD/src/SchM_Port.o
                0x00000718                Port_schm_read_msr
 .text          0x0000071e        0x0 ./board/Port_Ci_Port_Ip_Cfg.o
 .text          0x0000071e        0x0 ./generate/src/Clock_Ip_Cfg.o
 .text          0x0000071e        0x0 ./generate/src/Flexio_Lin_Ip_Sa_BOARD_InitPeripherals_PBcfg.o
 .text          0x0000071e        0x0 ./generate/src/Flexio_Mcl_Ip_BOARD_InitPeripherals_PBcfg.o
 .text          0x0000071e        0x0 ./generate/src/IntCtrl_Ip_Cfg.o
 .text          0x0000071e        0x0 ./generate/src/Lpuart_Lin_Ip_Sa_BOARD_InitPeripherals_PBcfg.o
 .text          0x0000071e        0x0 ./generate/src/OsIf_Cfg.o
 .text          0x0000071e       0x4c ./src/main.o
                0x0000071e                LpuartSlaveCallback
                0x00000744                FlexioSlaveCallback
 .text          0x0000076a        0x0 c:/nxp/s32ds.3.6.0/s32ds/build_tools/gcc_v10.2/gcc-10.2-arm32-eabi/bin/../lib/gcc/arm-none-eabi/10.2.0/../../../../arm-none-eabi/lib/thumb/v6-m/nofp\libc_nano.a(lib_a-memcpy-stub.o)
 .text          0x0000076a        0x0 c:/nxp/s32ds.3.6.0/s32ds/build_tools/gcc_v10.2/gcc-10.2-arm32-eabi/bin/../lib/gcc/arm-none-eabi/10.2.0/../../../../arm-none-eabi/lib/thumb/v6-m/nofp\libc_nano.a(lib_a-memset.o)
 *fill*         0x0000076a        0x2 
 .text          0x0000076c       0x14 c:/nxp/s32ds.3.6.0/s32ds/build_tools/gcc_v10.2/gcc-10.2-arm32-eabi/bin/../lib/gcc/arm-none-eabi/10.2.0/thumb/v6-m/nofp\libgcc.a(_thumb1_case_uqi.o)
                0x0000076c                __gnu_thumb1_case_uqi
 .text          0x00000780       0x14 c:/nxp/s32ds.3.6.0/s32ds/build_tools/gcc_v10.2/gcc-10.2-arm32-eabi/bin/../lib/gcc/arm-none-eabi/10.2.0/thumb/v6-m/nofp\libgcc.a(_thumb1_case_shi.o)
                0x00000780                __gnu_thumb1_case_shi
 .text          0x00000794      0x114 c:/nxp/s32ds.3.6.0/s32ds/build_tools/gcc_v10.2/gcc-10.2-arm32-eabi/bin/../lib/gcc/arm-none-eabi/10.2.0/thumb/v6-m/nofp\libgcc.a(_udivsi3.o)
                0x00000794                __aeabi_uidiv
                0x00000794                __udivsi3
                0x000008a0                __aeabi_uidivmod
 .text          0x000008a8      0x1d4 c:/nxp/s32ds.3.6.0/s32ds/build_tools/gcc_v10.2/gcc-10.2-arm32-eabi/bin/../lib/gcc/arm-none-eabi/10.2.0/thumb/v6-m/nofp\libgcc.a(_divsi3.o)
                0x000008a8                __divsi3
                0x000008a8                __aeabi_idiv
                0x00000a74                __aeabi_idivmod
 .text          0x00000a7c        0x4 c:/nxp/s32ds.3.6.0/s32ds/build_tools/gcc_v10.2/gcc-10.2-arm32-eabi/bin/../lib/gcc/arm-none-eabi/10.2.0/thumb/v6-m/nofp\libgcc.a(_dvmd_tls.o)
                0x00000a7c                __aeabi_idiv0
                0x00000a7c                __aeabi_ldiv0
 *(.text*)
 .text.memcpy   0x00000a80       0x12 c:/nxp/s32ds.3.6.0/s32ds/build_tools/gcc_v10.2/gcc-10.2-arm32-eabi/bin/../lib/gcc/arm-none-eabi/10.2.0/../../../../arm-none-eabi/lib/thumb/v6-m/nofp\libc_nano.a(lib_a-memcpy-stub.o)
                0x00000a80                memcpy
 .text.memset   0x00000a92       0x10 c:/nxp/s32ds.3.6.0/s32ds/build_tools/gcc_v10.2/gcc-10.2-arm32-eabi/bin/../lib/gcc/arm-none-eabi/10.2.0/../../../../arm-none-eabi/lib/thumb/v6-m/nofp\libc_nano.a(lib_a-memset.o)
                0x00000a92                memset
                0x00000aa4                . = ALIGN (0x4)
 *fill*         0x00000aa2        0x2 
 *(.mcal_text)
 .mcal_text     0x00000aa4      0x850 ./RTD/src/Clock_Ip.o
                0x00000aa6                Clock_Ip_InitClock
                0x00001044                Clock_Ip_GetPllStatus
                0x000010dc                Clock_Ip_DistributePll
                0x000011cc                Clock_Ip_Init
                0x000011f4                Clock_Ip_DisableClockMonitor
                0x0000121c                Clock_Ip_InstallNotificationsCallback
                0x00001228                Clock_Ip_DisableModuleClock
                0x00001254                Clock_Ip_EnableModuleClock
                0x00001280                Clock_Ip_PowerModeChangeNotification
                0x000012a8                Clock_Ip_ReportClockErrors
                0x000012b8                Clock_Ip_StartTimeout
                0x000012d8                Clock_Ip_TimeoutExpired
 .mcal_text     0x000012f4      0x1e4 ./RTD/src/Clock_Ip_Divider.o
                0x000012f6                Clock_Ip_SetScgAsyncDiv1_TrustedCall
                0x00001334                Clock_Ip_SetScgAsyncDiv2_TrustedCall
                0x00001378                Clock_Ip_SetScgRunDivcore_TrustedCall
                0x000013a0                Clock_Ip_SetScgRunDivbus_TrustedCall
                0x000013c8                Clock_Ip_SetScgRunDivslow_TrustedCall
                0x000013ec                Clock_Ip_SetScgVlprDivcore_TrustedCall
                0x00001414                Clock_Ip_SetScgVlprDivbus_TrustedCall
                0x0000143c                Clock_Ip_SetScgVlprDivslow_TrustedCall
                0x00001460                Clock_Ip_SetSimClkoutDiv_TrustedCall
                0x00001490                Clock_Ip_SetPccPcdDivFrac_TrustedCall
 .mcal_text     0x000014d8        0x2 ./RTD/src/Clock_Ip_DividerTrigger.o
 *fill*         0x000014da        0x2 
 .mcal_text     0x000014dc      0x16c ./RTD/src/Clock_Ip_ExtOsc.o
                0x00001530                Clock_Ip_ResetSOSC_TrustedCall
                0x00001570                Clock_Ip_SetSOSC_TrustedCall
                0x00001610                Clock_Ip_DisableSOSC_TrustedCall
                0x00001628                Clock_Ip_EnableSOSC_TrustedCall
 .mcal_text     0x00001648        0x6 ./RTD/src/Clock_Ip_FracDiv.o
 .mcal_text     0x0000164e        0x2 ./RTD/src/Clock_Ip_Frequency.o
                0x0000164e                Clock_Ip_SetExternalSignalFrequency
 .mcal_text     0x00001650      0x14c ./RTD/src/Clock_Ip_Gate.o
                0x00001654                Clock_Ip_ClockSetSimLPO1KEnable_TrustedCall
                0x0000168c                Clock_Ip_ClockSetSimLPO32KEnable_TrustedCall
                0x000016c4                Clock_Ip_ClockSetSimClkoutEnable_TrustedCall
                0x00001700                Clock_Ip_ClockSetPccCgcEnable_TrustedCall
                0x00001750                Clock_Ip_ClockSetSimGate_TrustedCall
 .mcal_text     0x0000179c      0x43c ./RTD/src/Clock_Ip_IntOsc.o
                0x000017f8                Clock_Ip_SetSirc_TrustedCall
                0x0000189c                Clock_Ip_EnableSirc_TrustedCall
                0x00001904                Clock_Ip_DisableSirc_TrustedCall
                0x00001928                Clock_Ip_SetSircVlp_TrustedCall
                0x00001964                Clock_Ip_EnableSircVlp_TrustedCall
                0x0000198c                Clock_Ip_DisableSircVlp_TrustedCall
                0x000019a8                Clock_Ip_SetSircStop_TrustedCall
                0x000019e4                Clock_Ip_EnableSircStop_TrustedCall
                0x00001a0c                Clock_Ip_DisableSircStop_TrustedCall
                0x00001a28                Clock_Ip_SetFirc_TrustedCall
                0x00001b58                Clock_Ip_EnableFirc_TrustedCall
                0x00001bbc                Clock_Ip_DisableFirc_TrustedCall
 .mcal_text     0x00001bd8        0x8 ./RTD/src/Clock_Ip_Irq.o
                0x00001bd8                Mcu_Cmu_ClockFail_IRQHandler
 .mcal_text     0x00001be0      0x24c ./RTD/src/Clock_Ip_Monitor.o
                0x00001dd6                Clock_Ip_CMU_GetInterruptStatus
                0x00001de8                Clock_Ip_CMU_ClockFailInt
 .mcal_text     0x00001e2c        0x8 ./RTD/src/Clock_Ip_Pll.o
 .mcal_text     0x00001e34        0x2 ./RTD/src/Clock_Ip_ProgFreqSwitch.o
 *fill*         0x00001e36        0x2 
 .mcal_text     0x00001e38      0x30c ./RTD/src/Clock_Ip_Selector.o
                0x00001e3a                Clock_Ip_ResetScgRunSel_TrustedCall
                0x00001e6c                Clock_Ip_SetScgRunSel_TrustedCall
                0x00001ea0                Clock_Ip_SetScgVlprSel_TrustedCall
                0x00001ed4                Clock_Ip_ResetSimRtcSel_TrustedCall
                0x00001efc                Clock_Ip_SetSimRtcSel_TrustedCall
                0x00001f28                Clock_Ip_ResetSimLpoSel_TrustedCall
                0x00001f50                Clock_Ip_SetSimLpoSel_TrustedCall
                0x00001f7c                Clock_Ip_ResetScgClkoutSel_TrustedCall
                0x00001fa8                Clock_Ip_SetScgClkoutSel_TrustedCall
                0x00001fd8                Clock_Ip_ResetSimFtmoptSel_TrustedCall
                0x00002024                Clock_Ip_SetSimFtmoptSel_TrustedCall
                0x00002070                Clock_Ip_ResetSimClkoutSel_TrustedCall
                0x00002090                Clock_Ip_SetSimClkoutSel_TrustedCall
                0x000020bc                Clock_Ip_ResetPccPcsSelect_TrustedCall
                0x000020fc                Clock_Ip_SetPccPcsSelect_TrustedCall
 .mcal_text     0x00002144      0x794 ./RTD/src/Clock_Ip_Specific.o
                0x00002144                SetFircToResetValue_TrustedCall
                0x00002160                SetSimLpoclksRegister_TrustedCall
                0x000021cc                Clock_Ip_EnableCmu0Gate_TrustedCall
                0x000021f0                Clock_Ip_EnableCmu1Gate_TrustedCall
                0x00002214                Clock_Ip_ClockPowerModeChangeNotification
                0x000023a4                Clock_Ip_Command
 .mcal_text     0x000028d8       0xa4 ./RTD/src/Det.o
                0x000028d8                Det_Init
                0x000028da                Det_ReportError
                0x00002910                Det_ReportRuntimeError
                0x00002944                Det_ReportTransientFault
                0x00002978                Det_Start
 .mcal_text     0x0000297c      0xb40 ./RTD/src/Flexio_Lin_Ip.o
                0x000029b4                Flexio_Lin_Ip_Init
                0x00002bc4                Flexio_Lin_Ip_GoToIdleState
                0x00002c70                Flexio_Lin_Ip_SendFrame
                0x00002df8                Flexio_Lin_Ip_GoToSleepMode
                0x00002f08                Flexio_Lin_Ip_SendWakeupSignal
                0x00002f5c                Flexio_Lin_Ip_IrqHandler
                0x00003238                Flexio_Lin_Ip_Deinit
                0x000032f8                Flexio_Lin_Ip_GetStatus
                0x000033d8                Flexio_Lin_Ip_AbortTransferData
                0x00003480                Flexio_Lin_Ip_TimerExpiredService
 .mcal_text     0x000034bc       0x50 ./RTD/src/Flexio_Mcl_Ip.o
                0x000034bc                Flexio_Mcl_Ip_InitDevice
                0x000034f0                Flexio_Mcl_Ip_DeinitDevice
 .mcal_text     0x0000350c      0x150 ./RTD/src/Flexio_Mcl_Ip_HwAccess.o
                0x0000350c                Flexio_Mcl_Ip_SetSoftwareReset
                0x0000352c                Flexio_Mcl_Ip_SetDebugEnable
                0x00003550                Flexio_Mcl_Ip_SetEnable
                0x0000356a                Flexio_Mcl_Ip_GetShifterStatus
                0x00003574                Flexio_Mcl_Ip_GetAllShifterStatus
                0x00003578                Flexio_Mcl_Ip_ClearShifterStatus
                0x00003580                Flexio_Mcl_Ip_GetShifterErrorStatus
                0x0000358a                Flexio_Mcl_Ip_GetAllShifterErrorStatus
                0x0000358e                Flexio_Mcl_Ip_ClearShifterErrorStatus
                0x00003596                Flexio_Mcl_Ip_GetTimerStatus
                0x000035a0                Flexio_Mcl_Ip_GetTimerInterruptEnable
                0x000035aa                Flexio_Mcl_Ip_GetAllTimerStatus
                0x000035ae                Flexio_Mcl_Ip_ClearTimerStatus
                0x000035b6                Flexio_Mcl_Ip_GetAllShifterInterrupt
                0x000035ba                Flexio_Mcl_Ip_GetAllShifterErrorInterrupt
                0x000035be                Flexio_Mcl_Ip_SetShifterErrorInterrupt
                0x000035e0                Flexio_Mcl_Ip_SetShifterInterrupt
                0x00003602                Flexio_Mcl_Ip_SetShifterDMARequest
                0x00003624                Flexio_Mcl_Ip_GetAllTimerInterrupt
                0x00003628                Flexio_Mcl_Ip_SetTimerInterrupt
                0x0000364a                Flexio_Mcl_Ip_Init
 .mcal_text     0x0000365c       0x98 ./RTD/src/Flexio_Mcl_Ip_Irq.o
                0x0000365c                MCL_FLEXIO_ISR
 .mcal_text     0x000036f4      0x2a8 ./RTD/src/IntCtrl_Ip.o
                0x000036f4                IntCtrl_Ip_InstallHandlerPrivileged
                0x00003754                IntCtrl_Ip_EnableIrqPrivileged
                0x00003784                IntCtrl_Ip_DisableIrqPrivileged
                0x000037b8                IntCtrl_Ip_SetPriorityPrivileged
                0x00003814                IntCtrl_Ip_GetPriorityPrivileged
                0x0000384c                IntCtrl_Ip_ClearPendingPrivileged
                0x00003880                IntCtrl_Ip_SetPendingPrivileged
                0x000038b4                IntCtrl_Ip_GetPendingPrivileged
                0x000038e8                IntCtrl_Ip_Init
                0x00003954                IntCtrl_Ip_InstallHandler
                0x0000395c                IntCtrl_Ip_EnableIrq
                0x00003964                IntCtrl_Ip_DisableIrq
                0x0000396c                IntCtrl_Ip_SetPriority
                0x00003974                IntCtrl_Ip_GetPriority
                0x0000397c                IntCtrl_Ip_ClearPending
                0x00003984                IntCtrl_Ip_SetPending
                0x0000398c                IntCtrl_Ip_GetPending
 .mcal_text     0x0000399c       0x7a ./RTD/src/Lin_Ip_Common.o
                0x0000399c                Lin_Ip_ProcessParity
                0x000039e4                Lin_Ip_MakeChecksumByte
 *fill*         0x00003a16        0x2 
 .mcal_text     0x00003a18      0x8f0 ./RTD/src/Lpuart_Lin_Ip.o
                0x00003a18                Lpuart_Lin_Ip_Init
                0x00003b2c                Lpuart_Lin_Ip_Deinit
                0x00003bb0                Lpuart_Lin_Ip_GoToSleepMode
                0x00003c04                Lpuart_Lin_Ip_SendWakeupSignal
                0x00003c3c                Lpuart_Lin_Ip_GoToIdleState
                0x00003ca0                Lpuart_Lin_Ip_TimerExpiredService
                0x00003cdc                Lpuart_Lin_Ip_SendFrame
                0x00003e30                Lpuart_Lin_Ip_GetStatus
                0x00003f08                Lpuart_Lin_Ip_AbortTransferData
                0x0000400c                Lpuart_Lin_Ip_IRQHandler
 .mcal_text     0x00004308      0x32c ./RTD/src/Lpuart_Lin_Ip_Hw_Access.o
                0x00004308                Lpuart_Lin_Ip_HwInit
                0x00004320                Lpuart_Lin_Ip_HwSetBreakCharDetectLength
                0x00004340                Lpuart_Lin_Ip_HwSetRxDataPolarity
                0x00004364                Lpuart_Lin_Ip_HwSetBaudRateDivisor
                0x00004382                Lpuart_Lin_Ip_HwSetStopBitCount
                0x000043a4                Lpuart_Lin_Ip_HwSetBitCountPerChar
                0x000043e4                Lpuart_Lin_Ip_HwSetParityMode
                0x0000440e                Lpuart_Lin_Ip_HwSetIntMode
                0x00004448                Lpuart_Lin_Ip_HwGetIntMode
                0x0000446e                Lpuart_Lin_Ip_HwGetStatusFlag
                0x0000448c                Lpuart_Lin_Ip_HwClearStatusFlag
                0x00004538                Lpuart_Lin_Ip_StartTimeout
                0x00004556                Lpuart_Lin_Ip_TimeoutExpired
                0x00004572                Lpuart_Lin_Ip_HwSetTransmitterCmd
                0x000045d4                Lpuart_Lin_Ip_HwSetReceiverCmd
 .mcal_text     0x00004634       0x14 ./RTD/src/Lpuart_Lin_Ip_Irq.o
                0x00004634                LPUART0_LIN_IP_RxTx_IRQHandler
                0x0000463e                LPUART1_LIN_IP_RxTx_IRQHandler
 .mcal_text     0x00004648       0x22 ./RTD/src/OsIf_Timer.o
                0x00004648                OsIf_Init
                0x00004652                OsIf_GetCounter
                0x00004656                OsIf_GetElapsed
                0x0000465c                OsIf_SetTimerFrequency
                0x0000465e                OsIf_MicrosToTicks
 *fill*         0x0000466a        0x2 
 .mcal_text     0x0000466c       0x50 ./RTD/src/OsIf_Timer_System_Internal_Systick.o
                0x0000466c                OsIf_Timer_System_Internal_Init
                0x00004688                OsIf_Timer_System_Internal_GetCounter
                0x00004698                OsIf_Timer_System_Internal_GetElapsed
 .mcal_text     0x000046bc      0x194 ./RTD/src/Port_Ci_Port_Ip.o
                0x000046bc                Port_Ci_Port_Ip_Init
                0x000047ac                Port_Ci_Port_Ip_SetMuxModeSel
                0x000047d8                Port_Ci_Port_Ip_EnableDigitalFilter
                0x000047f4                Port_Ci_Port_Ip_DisableDigitalFilter
                0x00004810                Port_Ci_Port_Ip_ConfigDigitalFilter
                0x00004828                Port_Ci_Port_Ip_SetGlobalPinControl
 .mcal_text     0x00004850      0x678 ./RTD/src/SchM_Lin_43_LPUART_FLEXIO.o
                0x00004850                SchM_Enter_Lin_43_LPUART_FLEXIO_LIN_EXCLUSIVE_AREA_08
                0x00004880                SchM_Exit_Lin_43_LPUART_FLEXIO_LIN_EXCLUSIVE_AREA_08
                0x000048ac                SchM_Enter_Lin_43_LPUART_FLEXIO_LIN_EXCLUSIVE_AREA_09
                0x000048dc                SchM_Exit_Lin_43_LPUART_FLEXIO_LIN_EXCLUSIVE_AREA_09
                0x00004908                SchM_Enter_Lin_43_LPUART_FLEXIO_LIN_EXCLUSIVE_AREA_10
                0x00004938                SchM_Exit_Lin_43_LPUART_FLEXIO_LIN_EXCLUSIVE_AREA_10
                0x00004964                SchM_Enter_Lin_43_LPUART_FLEXIO_LIN_EXCLUSIVE_AREA_11
                0x00004994                SchM_Exit_Lin_43_LPUART_FLEXIO_LIN_EXCLUSIVE_AREA_11
                0x000049c0                SchM_Enter_Lin_43_LPUART_FLEXIO_LIN_EXCLUSIVE_AREA_13
                0x000049f0                SchM_Exit_Lin_43_LPUART_FLEXIO_LIN_EXCLUSIVE_AREA_13
                0x00004a1c                SchM_Enter_Lin_43_LPUART_FLEXIO_LIN_EXCLUSIVE_AREA_15
                0x00004a4c                SchM_Exit_Lin_43_LPUART_FLEXIO_LIN_EXCLUSIVE_AREA_15
                0x00004a78                SchM_Enter_Lin_43_LPUART_FLEXIO_LIN_EXCLUSIVE_AREA_16
                0x00004aa8                SchM_Exit_Lin_43_LPUART_FLEXIO_LIN_EXCLUSIVE_AREA_16
                0x00004ad4                SchM_Enter_Lin_43_LPUART_FLEXIO_LIN_EXCLUSIVE_AREA_17
                0x00004b04                SchM_Exit_Lin_43_LPUART_FLEXIO_LIN_EXCLUSIVE_AREA_17
                0x00004b30                SchM_Enter_Lin_43_LPUART_FLEXIO_LIN_EXCLUSIVE_AREA_18
                0x00004b60                SchM_Exit_Lin_43_LPUART_FLEXIO_LIN_EXCLUSIVE_AREA_18
                0x00004b8c                SchM_Enter_Lin_43_LPUART_FLEXIO_LIN_EXCLUSIVE_AREA_19
                0x00004bbc                SchM_Exit_Lin_43_LPUART_FLEXIO_LIN_EXCLUSIVE_AREA_19
                0x00004be8                SchM_Enter_Lin_43_LPUART_FLEXIO_LIN_EXCLUSIVE_AREA_20
                0x00004c18                SchM_Exit_Lin_43_LPUART_FLEXIO_LIN_EXCLUSIVE_AREA_20
                0x00004c44                SchM_Enter_Lin_43_LPUART_FLEXIO_LIN_EXCLUSIVE_AREA_21
                0x00004c74                SchM_Exit_Lin_43_LPUART_FLEXIO_LIN_EXCLUSIVE_AREA_21
                0x00004ca0                SchM_Enter_Lin_43_LPUART_FLEXIO_LIN_EXCLUSIVE_AREA_22
                0x00004cd0                SchM_Exit_Lin_43_LPUART_FLEXIO_LIN_EXCLUSIVE_AREA_22
                0x00004cfc                SchM_Enter_Lin_43_LPUART_FLEXIO_LIN_EXCLUSIVE_AREA_23
                0x00004d2c                SchM_Exit_Lin_43_LPUART_FLEXIO_LIN_EXCLUSIVE_AREA_23
                0x00004d58                SchM_Enter_Lin_43_LPUART_FLEXIO_LIN_EXCLUSIVE_AREA_24
                0x00004d88                SchM_Exit_Lin_43_LPUART_FLEXIO_LIN_EXCLUSIVE_AREA_24
                0x00004db4                SchM_Enter_Lin_43_LPUART_FLEXIO_LIN_EXCLUSIVE_AREA_25
                0x00004de4                SchM_Exit_Lin_43_LPUART_FLEXIO_LIN_EXCLUSIVE_AREA_25
                0x00004e10                SchM_Enter_Lin_43_LPUART_FLEXIO_LIN_EXCLUSIVE_AREA_26
                0x00004e40                SchM_Exit_Lin_43_LPUART_FLEXIO_LIN_EXCLUSIVE_AREA_26
                0x00004e6c                SchM_Enter_Lin_43_LPUART_FLEXIO_LIN_EXCLUSIVE_AREA_27
                0x00004e9c                SchM_Exit_Lin_43_LPUART_FLEXIO_LIN_EXCLUSIVE_AREA_27
 .mcal_text     0x00004ec8     0x10e4 ./RTD/src/SchM_Mcl.o
                0x00004ec8                SchM_Enter_Mcl_MCL_EXCLUSIVE_AREA_00
                0x00004ef8                SchM_Exit_Mcl_MCL_EXCLUSIVE_AREA_00
                0x00004f24                SchM_Enter_Mcl_MCL_EXCLUSIVE_AREA_01
                0x00004f54                SchM_Exit_Mcl_MCL_EXCLUSIVE_AREA_01
                0x00004f80                SchM_Enter_Mcl_MCL_EXCLUSIVE_AREA_02
                0x00004fb0                SchM_Exit_Mcl_MCL_EXCLUSIVE_AREA_02
                0x00004fdc                SchM_Enter_Mcl_MCL_EXCLUSIVE_AREA_03
                0x0000500c                SchM_Exit_Mcl_MCL_EXCLUSIVE_AREA_03
                0x00005038                SchM_Enter_Mcl_MCL_EXCLUSIVE_AREA_04
                0x00005068                SchM_Exit_Mcl_MCL_EXCLUSIVE_AREA_04
                0x00005094                SchM_Enter_Mcl_MCL_EXCLUSIVE_AREA_05
                0x000050c4                SchM_Exit_Mcl_MCL_EXCLUSIVE_AREA_05
                0x000050f0                SchM_Enter_Mcl_MCL_EXCLUSIVE_AREA_06
                0x00005120                SchM_Exit_Mcl_MCL_EXCLUSIVE_AREA_06
                0x0000514c                SchM_Enter_Mcl_MCL_EXCLUSIVE_AREA_07
                0x0000517c                SchM_Exit_Mcl_MCL_EXCLUSIVE_AREA_07
                0x000051a8                SchM_Enter_Mcl_MCL_EXCLUSIVE_AREA_08
                0x000051d8                SchM_Exit_Mcl_MCL_EXCLUSIVE_AREA_08
                0x00005204                SchM_Enter_Mcl_MCL_EXCLUSIVE_AREA_09
                0x00005234                SchM_Exit_Mcl_MCL_EXCLUSIVE_AREA_09
                0x00005260                SchM_Enter_Mcl_MCL_EXCLUSIVE_AREA_10
                0x00005290                SchM_Exit_Mcl_MCL_EXCLUSIVE_AREA_10
                0x000052bc                SchM_Enter_Mcl_MCL_EXCLUSIVE_AREA_11
                0x000052ec                SchM_Exit_Mcl_MCL_EXCLUSIVE_AREA_11
                0x00005318                SchM_Enter_Mcl_MCL_EXCLUSIVE_AREA_12
                0x00005348                SchM_Exit_Mcl_MCL_EXCLUSIVE_AREA_12
                0x00005374                SchM_Enter_Mcl_MCL_EXCLUSIVE_AREA_13
                0x000053a4                SchM_Exit_Mcl_MCL_EXCLUSIVE_AREA_13
                0x000053d0                SchM_Enter_Mcl_MCL_EXCLUSIVE_AREA_14
                0x00005400                SchM_Exit_Mcl_MCL_EXCLUSIVE_AREA_14
                0x0000542c                SchM_Enter_Mcl_MCL_EXCLUSIVE_AREA_15
                0x0000545c                SchM_Exit_Mcl_MCL_EXCLUSIVE_AREA_15
                0x00005488                SchM_Enter_Mcl_MCL_EXCLUSIVE_AREA_16
                0x000054b8                SchM_Exit_Mcl_MCL_EXCLUSIVE_AREA_16
                0x000054e4                SchM_Enter_Mcl_MCL_EXCLUSIVE_AREA_17
                0x00005514                SchM_Exit_Mcl_MCL_EXCLUSIVE_AREA_17
                0x00005540                SchM_Enter_Mcl_MCL_EXCLUSIVE_AREA_18
                0x00005570                SchM_Exit_Mcl_MCL_EXCLUSIVE_AREA_18
                0x0000559c                SchM_Enter_Mcl_MCL_EXCLUSIVE_AREA_19
                0x000055cc                SchM_Exit_Mcl_MCL_EXCLUSIVE_AREA_19
                0x000055f8                SchM_Enter_Mcl_MCL_EXCLUSIVE_AREA_20
                0x00005628                SchM_Exit_Mcl_MCL_EXCLUSIVE_AREA_20
                0x00005654                SchM_Enter_Mcl_MCL_EXCLUSIVE_AREA_21
                0x00005684                SchM_Exit_Mcl_MCL_EXCLUSIVE_AREA_21
                0x000056b0                SchM_Enter_Mcl_MCL_EXCLUSIVE_AREA_22
                0x000056e0                SchM_Exit_Mcl_MCL_EXCLUSIVE_AREA_22
                0x0000570c                SchM_Enter_Mcl_MCL_EXCLUSIVE_AREA_23
                0x0000573c                SchM_Exit_Mcl_MCL_EXCLUSIVE_AREA_23
                0x00005768                SchM_Enter_Mcl_MCL_EXCLUSIVE_AREA_24
                0x00005798                SchM_Exit_Mcl_MCL_EXCLUSIVE_AREA_24
                0x000057c4                SchM_Enter_Mcl_MCL_EXCLUSIVE_AREA_25
                0x000057f4                SchM_Exit_Mcl_MCL_EXCLUSIVE_AREA_25
                0x00005820                SchM_Enter_Mcl_MCL_EXCLUSIVE_AREA_26
                0x00005850                SchM_Exit_Mcl_MCL_EXCLUSIVE_AREA_26
                0x0000587c                SchM_Enter_Mcl_MCL_EXCLUSIVE_AREA_27
                0x000058ac                SchM_Exit_Mcl_MCL_EXCLUSIVE_AREA_27
                0x000058d8                SchM_Enter_Mcl_MCL_EXCLUSIVE_AREA_28
                0x00005908                SchM_Exit_Mcl_MCL_EXCLUSIVE_AREA_28
                0x00005934                SchM_Enter_Mcl_MCL_EXCLUSIVE_AREA_29
                0x00005964                SchM_Exit_Mcl_MCL_EXCLUSIVE_AREA_29
                0x00005990                SchM_Enter_Mcl_MCL_EXCLUSIVE_AREA_30
                0x000059c0                SchM_Exit_Mcl_MCL_EXCLUSIVE_AREA_30
                0x000059ec                SchM_Enter_Mcl_MCL_EXCLUSIVE_AREA_31
                0x00005a1c                SchM_Exit_Mcl_MCL_EXCLUSIVE_AREA_31
                0x00005a48                SchM_Enter_Mcl_MCL_EXCLUSIVE_AREA_32
                0x00005a78                SchM_Exit_Mcl_MCL_EXCLUSIVE_AREA_32
                0x00005aa4                SchM_Enter_Mcl_MCL_EXCLUSIVE_AREA_33
                0x00005ad4                SchM_Exit_Mcl_MCL_EXCLUSIVE_AREA_33
                0x00005b00                SchM_Enter_Mcl_MCL_EXCLUSIVE_AREA_34
                0x00005b30                SchM_Exit_Mcl_MCL_EXCLUSIVE_AREA_34
                0x00005b5c                SchM_Enter_Mcl_MCL_EXCLUSIVE_AREA_35
                0x00005b8c                SchM_Exit_Mcl_MCL_EXCLUSIVE_AREA_35
                0x00005bb8                SchM_Enter_Mcl_MCL_EXCLUSIVE_AREA_36
                0x00005be8                SchM_Exit_Mcl_MCL_EXCLUSIVE_AREA_36
                0x00005c14                SchM_Enter_Mcl_MCL_EXCLUSIVE_AREA_37
                0x00005c44                SchM_Exit_Mcl_MCL_EXCLUSIVE_AREA_37
                0x00005c70                SchM_Enter_Mcl_MCL_EXCLUSIVE_AREA_38
                0x00005ca0                SchM_Exit_Mcl_MCL_EXCLUSIVE_AREA_38
                0x00005ccc                SchM_Enter_Mcl_MCL_EXCLUSIVE_AREA_39
                0x00005cfc                SchM_Exit_Mcl_MCL_EXCLUSIVE_AREA_39
                0x00005d28                SchM_Enter_Mcl_MCL_EXCLUSIVE_AREA_40
                0x00005d58                SchM_Exit_Mcl_MCL_EXCLUSIVE_AREA_40
                0x00005d84                SchM_Enter_Mcl_MCL_EXCLUSIVE_AREA_41
                0x00005db4                SchM_Exit_Mcl_MCL_EXCLUSIVE_AREA_41
                0x00005de0                SchM_Enter_Mcl_MCL_EXCLUSIVE_AREA_42
                0x00005e10                SchM_Exit_Mcl_MCL_EXCLUSIVE_AREA_42
                0x00005e3c                SchM_Enter_Mcl_MCL_EXCLUSIVE_AREA_43
                0x00005e6c                SchM_Exit_Mcl_MCL_EXCLUSIVE_AREA_43
                0x00005e98                SchM_Enter_Mcl_MCL_EXCLUSIVE_AREA_44
                0x00005ec8                SchM_Exit_Mcl_MCL_EXCLUSIVE_AREA_44
                0x00005ef4                SchM_Enter_Mcl_MCL_EXCLUSIVE_AREA_45
                0x00005f24                SchM_Exit_Mcl_MCL_EXCLUSIVE_AREA_45
                0x00005f50                SchM_Enter_Mcl_MCL_EXCLUSIVE_AREA_46
                0x00005f80                SchM_Exit_Mcl_MCL_EXCLUSIVE_AREA_46
 .mcal_text     0x00005fac      0x114 ./RTD/src/SchM_Mcu.o
                0x00005fac                SchM_Enter_Mcu_MCU_EXCLUSIVE_AREA_00
                0x00005fdc                SchM_Exit_Mcu_MCU_EXCLUSIVE_AREA_00
                0x00006008                SchM_Enter_Mcu_MCU_EXCLUSIVE_AREA_01
                0x00006038                SchM_Exit_Mcu_MCU_EXCLUSIVE_AREA_01
                0x00006064                SchM_Enter_Mcu_MCU_EXCLUSIVE_AREA_02
                0x00006094                SchM_Exit_Mcu_MCU_EXCLUSIVE_AREA_02
 .mcal_text     0x000060c0      0xa10 ./RTD/src/SchM_Port.o
                0x000060c0                SchM_Enter_Port_PORT_EXCLUSIVE_AREA_00
                0x000060f0                SchM_Exit_Port_PORT_EXCLUSIVE_AREA_00
                0x0000611c                SchM_Enter_Port_PORT_EXCLUSIVE_AREA_01
                0x0000614c                SchM_Exit_Port_PORT_EXCLUSIVE_AREA_01
                0x00006178                SchM_Enter_Port_PORT_EXCLUSIVE_AREA_02
                0x000061a8                SchM_Exit_Port_PORT_EXCLUSIVE_AREA_02
                0x000061d4                SchM_Enter_Port_PORT_EXCLUSIVE_AREA_03
                0x00006204                SchM_Exit_Port_PORT_EXCLUSIVE_AREA_03
                0x00006230                SchM_Enter_Port_PORT_EXCLUSIVE_AREA_04
                0x00006260                SchM_Exit_Port_PORT_EXCLUSIVE_AREA_04
                0x0000628c                SchM_Enter_Port_PORT_EXCLUSIVE_AREA_05
                0x000062bc                SchM_Exit_Port_PORT_EXCLUSIVE_AREA_05
                0x000062e8                SchM_Enter_Port_PORT_EXCLUSIVE_AREA_06
                0x00006318                SchM_Exit_Port_PORT_EXCLUSIVE_AREA_06
                0x00006344                SchM_Enter_Port_PORT_EXCLUSIVE_AREA_07
                0x00006374                SchM_Exit_Port_PORT_EXCLUSIVE_AREA_07
                0x000063a0                SchM_Enter_Port_PORT_EXCLUSIVE_AREA_08
                0x000063d0                SchM_Exit_Port_PORT_EXCLUSIVE_AREA_08
                0x000063fc                SchM_Enter_Port_PORT_EXCLUSIVE_AREA_09
                0x0000642c                SchM_Exit_Port_PORT_EXCLUSIVE_AREA_09
                0x00006458                SchM_Enter_Port_PORT_EXCLUSIVE_AREA_10
                0x00006488                SchM_Exit_Port_PORT_EXCLUSIVE_AREA_10
                0x000064b4                SchM_Enter_Port_PORT_EXCLUSIVE_AREA_11
                0x000064e4                SchM_Exit_Port_PORT_EXCLUSIVE_AREA_11
                0x00006510                SchM_Enter_Port_PORT_EXCLUSIVE_AREA_12
                0x00006540                SchM_Exit_Port_PORT_EXCLUSIVE_AREA_12
                0x0000656c                SchM_Enter_Port_PORT_EXCLUSIVE_AREA_13
                0x0000659c                SchM_Exit_Port_PORT_EXCLUSIVE_AREA_13
                0x000065c8                SchM_Enter_Port_PORT_EXCLUSIVE_AREA_14
                0x000065f8                SchM_Exit_Port_PORT_EXCLUSIVE_AREA_14
                0x00006624                SchM_Enter_Port_PORT_EXCLUSIVE_AREA_15
                0x00006654                SchM_Exit_Port_PORT_EXCLUSIVE_AREA_15
                0x00006680                SchM_Enter_Port_PORT_EXCLUSIVE_AREA_16
                0x000066b0                SchM_Exit_Port_PORT_EXCLUSIVE_AREA_16
                0x000066dc                SchM_Enter_Port_PORT_EXCLUSIVE_AREA_17
                0x0000670c                SchM_Exit_Port_PORT_EXCLUSIVE_AREA_17
                0x00006738                SchM_Enter_Port_PORT_EXCLUSIVE_AREA_18
                0x00006768                SchM_Exit_Port_PORT_EXCLUSIVE_AREA_18
                0x00006794                SchM_Enter_Port_PORT_EXCLUSIVE_AREA_19
                0x000067c4                SchM_Exit_Port_PORT_EXCLUSIVE_AREA_19
                0x000067f0                SchM_Enter_Port_PORT_EXCLUSIVE_AREA_20
                0x00006820                SchM_Exit_Port_PORT_EXCLUSIVE_AREA_20
                0x0000684c                SchM_Enter_Port_PORT_EXCLUSIVE_AREA_21
                0x0000687c                SchM_Exit_Port_PORT_EXCLUSIVE_AREA_21
                0x000068a8                SchM_Enter_Port_PORT_EXCLUSIVE_AREA_22
                0x000068d8                SchM_Exit_Port_PORT_EXCLUSIVE_AREA_22
                0x00006904                SchM_Enter_Port_PORT_EXCLUSIVE_AREA_23
                0x00006934                SchM_Exit_Port_PORT_EXCLUSIVE_AREA_23
                0x00006960                SchM_Enter_Port_PORT_EXCLUSIVE_AREA_24
                0x00006990                SchM_Exit_Port_PORT_EXCLUSIVE_AREA_24
                0x000069bc                SchM_Enter_Port_PORT_EXCLUSIVE_AREA_25
                0x000069ec                SchM_Exit_Port_PORT_EXCLUSIVE_AREA_25
                0x00006a18                SchM_Enter_Port_PORT_EXCLUSIVE_AREA_26
                0x00006a48                SchM_Exit_Port_PORT_EXCLUSIVE_AREA_26
                0x00006a74                SchM_Enter_Port_PORT_EXCLUSIVE_AREA_27
                0x00006aa4                SchM_Exit_Port_PORT_EXCLUSIVE_AREA_27
                0x00006ad0                . = ALIGN (0x4)
                0x00006ad0                acfls_code_rom_start = .
                0x00006ad0                . = ALIGN (0x4)
 *(.acfls_code_rom)
                0x00006ad0                . = ALIGN (0x4)
 *(.acmem_43_INFLS_code_rom)
                0x00006ad0                . = ALIGN (0x4)
                0x00006ad0                acfls_code_rom_end = .
 *(.init)
                0x00006ad0                . = ALIGN (0x4)
 *(.fini)
                0x00006ad0                . = ALIGN (0x4)
 *(.rodata)
 .rodata        0x00006ad0        0xb ./RTD/src/Flexio_Lin_Ip.o
 .rodata        0x00006adb        0xd ./RTD/src/Lpuart_Lin_Ip.o
 .rodata        0x00006ae8        0x2 ./generate/src/Flexio_Mcl_Ip_BOARD_InitPeripherals_PBcfg.o
                0x00006ae8                Flexio_Ip_xFlexioInit
 *(.rodata*)
 .rodata.str1.1
                0x00006aea        0x4 ./src/main.o
                0x00006af0                . = ALIGN (0x4)
 *fill*         0x00006aee        0x2 
 *(.mcal_const_cfg)
 .mcal_const_cfg
                0x00006af0      0x34c ./generate/src/Clock_Ip_Cfg.o
                0x00006af0                Clock_Ip_aClockConfig
 .mcal_const_cfg
                0x00006e3c       0x40 ./generate/src/Flexio_Lin_Ip_Sa_BOARD_InitPeripherals_PBcfg.o
                0x00006e3c                Flexio_Lin_Ip_Sa_pHwConfigPB_1_BOARD_INITPERIPHERALS
                0x00006e5c                Flexio_Lin_Ip_Sa_pHwConfigPB_0_BOARD_INITPERIPHERALS
 .mcal_const_cfg
                0x00006e7c       0x2c ./generate/src/IntCtrl_Ip_Cfg.o
                0x00006e7c                IntCtrlConfig_0
 .mcal_const_cfg
                0x00006ea8       0x40 ./generate/src/Lpuart_Lin_Ip_Sa_BOARD_InitPeripherals_PBcfg.o
                0x00006ea8                Lpuart_Lin_Ip_Sa_pHwConfigPB_1_BOARD_INITPERIPHERALS
                0x00006ec8                Lpuart_Lin_Ip_Sa_pHwConfigPB_0_BOARD_INITPERIPHERALS
                0x00006ee8                . = ALIGN (0x4)
 *(.mcal_const)
 .mcal_const    0x00006ee8      0x4cd ./RTD/src/Clock_Ip_Data.o
                0x00006ee8                Clock_Ip_aeHwDfsName
                0x00006eec                Clock_Ip_aeHwPllName
                0x00006ef0                Clock_Ip_aeSourceTypeClockName
                0x00006f88                Clock_Ip_axCmuInfo
                0x00006fa8                Clock_Ip_aeCmuNames
                0x00006fb0                Clock_Ip_apxCmu
                0x00006fb8                Clock_Ip_apxScgPeriphAsyncDivs
                0x00006fc4                Clock_Ip_au8DividerValueHardwareValue
                0x00007005                Clock_Ip_au8SelectorEntrySIMHardwareValue
                0x0000702b                Clock_Ip_au8SelectorEntryPcsHardwareValue
                0x00007051                Clock_Ip_au8SelectorEntryScsHardwareValue
                0x00007077                Clock_Ip_au16SelectorEntryHardwareValue
                0x000070bf                Clock_Ip_au8ClockFeatures
                0x00007347                Clock_Ip_au8CmuCallbackIndex
                0x00007352                Clock_Ip_au8PcfsCallbackIndex
                0x0000735d                Clock_Ip_au8SelectorCallbackIndex
                0x00007368                Clock_Ip_au8PllCallbackIndex
                0x00007373                Clock_Ip_au8FractionalDividerCallbackIndex
                0x0000737e                Clock_Ip_au8GateCallbackIndex
                0x00007389                Clock_Ip_au8IrcoscCallbackIndex
                0x00007394                Clock_Ip_au8XoscCallbackIndex
                0x0000739f                Clock_Ip_au8DividerTriggerCallbackIndex
                0x000073aa                Clock_Ip_au8DividerCallbackIndex
 *fill*         0x000073b5        0x3 
 .mcal_const    0x000073b8       0x2c ./RTD/src/Clock_Ip_Divider.o
                0x000073b8                Clock_Ip_axDividerCallbacks
 .mcal_const    0x000073e4        0x8 ./RTD/src/Clock_Ip_DividerTrigger.o
                0x000073e4                Clock_Ip_axDividerTriggerCallbacks
 .mcal_const    0x000073ec       0x28 ./RTD/src/Clock_Ip_ExtOsc.o
                0x000073ec                Clock_Ip_axExtOscCallbacks
 .mcal_const    0x00007414        0xc ./RTD/src/Clock_Ip_FracDiv.o
                0x00007414                Clock_Ip_axFracDivCallbacks
 .mcal_const    0x00007420       0x30 ./RTD/src/Clock_Ip_Gate.o
                0x00007420                Clock_Ip_axGateCallbacks
 .mcal_const    0x00007450       0x3c ./RTD/src/Clock_Ip_IntOsc.o
                0x00007450                Clock_Ip_axIntOscCallbacks
 .mcal_const    0x0000748c       0x20 ./RTD/src/Clock_Ip_Monitor.o
                0x0000748c                Clock_Ip_axCmuCallbacks
 .mcal_const    0x000074ac       0x14 ./RTD/src/Clock_Ip_Pll.o
                0x000074ac                Clock_Ip_axPllCallbacks
 .mcal_const    0x000074c0        0x4 ./RTD/src/Clock_Ip_ProgFreqSwitch.o
                0x000074c0                Clock_Ip_axPcfsCallbacks
 .mcal_const    0x000074c4       0x48 ./RTD/src/Clock_Ip_Selector.o
                0x000074c4                Clock_Ip_axSelectorCallbacks
 .mcal_const    0x0000750c       0x1c ./RTD/src/Clock_Ip_Specific.o
 .mcal_const    0x00007528        0x4 ./RTD/src/Flexio_Mcl_Ip.o
                0x00007528                Flexio_Ip_paxBase
 .mcal_const    0x0000752c        0x8 ./RTD/src/Lpuart_Lin_Ip.o
 .mcal_const    0x00007534       0x28 ./RTD/src/Port_Ci_Port_Ip.o
                0x00007534                Port_au32PortCiGpioBaseAddr
                0x00007548                Port_au32PortCiPortBaseAddr
                0x0000755c                . = ALIGN (0x4)
 *(.mcal_const_no_cacheable)
                0x0000755c                . = ALIGN (0x4)
                0x0000755c                __init_table = .
 *(.init_table)
 .init_table    0x0000755c       0x1c ./Project_Settings/Startup_Code/startup_cm0p.o
                0x00007578                . = ALIGN (0x4)
                0x00007578                __zero_table = .
 *(.zero_table)
 .zero_table    0x00007578        0xc ./Project_Settings/Startup_Code/startup_cm0p.o
                0x00007584                . = ALIGN (0x4)
 *(.acmcu_code_rom)
                0x00007584                . = ALIGN (0x4)
                0x00007584                _etext = .
                0x00007584                __DATA_ROM = .

.glue_7         0x00007584        0x0
 .glue_7        0x00007584        0x0 linker stubs

.glue_7t        0x00007584        0x0
 .glue_7t       0x00007584        0x0 linker stubs

.vfp11_veneer   0x00007584        0x0
 .vfp11_veneer  0x00007584        0x0 linker stubs

.v4_bx          0x00007584        0x0
 .v4_bx         0x00007584        0x0 linker stubs

.iplt           0x00007584        0x0
 .iplt          0x00007584        0x0 ./Project_Settings/Startup_Code/Vector_Table.o

.igot.plt       0x00007584        0x0
 .igot.plt      0x00007584        0x0 ./Project_Settings/Startup_Code/Vector_Table.o

.rel.dyn        0x00007584        0x0
 .rel.iplt      0x00007584        0x0 ./Project_Settings/Startup_Code/Vector_Table.o
                0x00007584                . = ALIGN (0x4)
                [!provide]                PROVIDE (__exidx_start = .)

.ARM.exidx
 *(.ARM.exidx* .gnu.linkonce.armexidx.*)
                0x00007584                . = ALIGN (0x4)
                [!provide]                PROVIDE (__exidx_end = .)

.ARM.extab      0x1ffffd00        0x0
 *(.ARM.extab*)
                0x1ffffd00                . = ALIGN (0x4)

.sram_interrupts
                0x1ffffd00      0x310
                0x1ffffd00                . = ALIGN (0x100)
                0x1ffffd00                __interrupts_ram_start = .
                0x20000010                . = (. + (__interrupts_rom_end - __interrupts_rom_start))
 *fill*         0x1ffffd00      0x310 
                0x20000010                . = ALIGN (0x4)
                0x20000010                __interrupts_ram_end = .

.sram_data      0x20000010       0xa8 load address 0x00007584
                0x20000010                . = ALIGN (0x4)
                0x20000010                __data_ram_start = .
 *(.ramcode)
                0x20000010                . = ALIGN (0x4)
 *(.data)
 .data          0x20000010        0x0 ./Project_Settings/Startup_Code/Vector_Table.o
 .data          0x20000010        0x0 ./Project_Settings/Startup_Code/exceptions.o
 .data          0x20000010        0x0 ./Project_Settings/Startup_Code/nvic.o
 .data          0x20000010        0x0 ./Project_Settings/Startup_Code/startup.o
 .data          0x20000010        0x0 ./Project_Settings/Startup_Code/startup_cm0p.o
 .data          0x20000010        0x0 ./Project_Settings/Startup_Code/system.o
 .data          0x20000010        0x4 ./RTD/src/Clock_Ip.o
 .data          0x20000014        0x0 ./RTD/src/Clock_Ip_Data.o
 .data          0x20000014        0x0 ./RTD/src/Clock_Ip_Divider.o
 .data          0x20000014        0x0 ./RTD/src/Clock_Ip_DividerTrigger.o
 .data          0x20000014        0x0 ./RTD/src/Clock_Ip_ExtOsc.o
 .data          0x20000014        0x0 ./RTD/src/Clock_Ip_FracDiv.o
 .data          0x20000014        0x0 ./RTD/src/Clock_Ip_Frequency.o
 .data          0x20000014        0x0 ./RTD/src/Clock_Ip_Gate.o
 .data          0x20000014        0x0 ./RTD/src/Clock_Ip_IntOsc.o
 .data          0x20000014        0x0 ./RTD/src/Clock_Ip_Irq.o
 .data          0x20000014        0x0 ./RTD/src/Clock_Ip_Monitor.o
 .data          0x20000014        0x0 ./RTD/src/Clock_Ip_Pll.o
 .data          0x20000014        0x0 ./RTD/src/Clock_Ip_ProgFreqSwitch.o
 .data          0x20000014        0x0 ./RTD/src/Clock_Ip_Selector.o
 .data          0x20000014        0x0 ./RTD/src/Clock_Ip_Specific.o
 .data          0x20000014        0x0 ./RTD/src/Det.o
 .data          0x20000014        0x0 ./RTD/src/Flexio_Lin_Ip.o
 .data          0x20000014        0x0 ./RTD/src/Flexio_Mcl_Ip.o
 .data          0x20000014        0x0 ./RTD/src/Flexio_Mcl_Ip_HwAccess.o
 .data          0x20000014        0x0 ./RTD/src/Flexio_Mcl_Ip_Irq.o
 .data          0x20000014        0x0 ./RTD/src/IntCtrl_Ip.o
 .data          0x20000014        0x0 ./RTD/src/Lin_Ip_Common.o
 .data          0x20000014        0x0 ./RTD/src/Lpuart_Lin_Ip.o
 .data          0x20000014        0x0 ./RTD/src/Lpuart_Lin_Ip_Hw_Access.o
 .data          0x20000014        0x0 ./RTD/src/Lpuart_Lin_Ip_Irq.o
 .data          0x20000014        0x0 ./RTD/src/OsIf_Interrupts.o
 .data          0x20000014        0x0 ./RTD/src/OsIf_Timer.o
 .data          0x20000014        0x0 ./RTD/src/OsIf_Timer_System.o
 .data          0x20000014        0x0 ./RTD/src/OsIf_Timer_System_Internal_Systick.o
 .data          0x20000014        0x0 ./RTD/src/Port_Ci_Port_Ip.o
 .data          0x20000014        0x0 ./RTD/src/SchM_Lin_43_LPUART_FLEXIO.o
 .data          0x20000014        0x0 ./RTD/src/SchM_Mcl.o
 .data          0x20000014        0x0 ./RTD/src/SchM_Mcu.o
 .data          0x20000014        0x0 ./RTD/src/SchM_Port.o
 .data          0x20000014       0xa0 ./board/Port_Ci_Port_Ip_Cfg.o
                0x20000014                g_pin_mux_InitConfigArr_BOARD_InitPins
 .data          0x200000b4        0x0 ./generate/src/Clock_Ip_Cfg.o
 .data          0x200000b4        0x0 ./generate/src/Flexio_Lin_Ip_Sa_BOARD_InitPeripherals_PBcfg.o
 .data          0x200000b4        0x0 ./generate/src/Flexio_Mcl_Ip_BOARD_InitPeripherals_PBcfg.o
 .data          0x200000b4        0x0 ./generate/src/IntCtrl_Ip_Cfg.o
 .data          0x200000b4        0x0 ./generate/src/Lpuart_Lin_Ip_Sa_BOARD_InitPeripherals_PBcfg.o
 .data          0x200000b4        0x0 ./generate/src/OsIf_Cfg.o
 .data          0x200000b4        0x0 ./src/main.o
 .data          0x200000b4        0x0 c:/nxp/s32ds.3.6.0/s32ds/build_tools/gcc_v10.2/gcc-10.2-arm32-eabi/bin/../lib/gcc/arm-none-eabi/10.2.0/../../../../arm-none-eabi/lib/thumb/v6-m/nofp\libc_nano.a(lib_a-memcpy-stub.o)
 .data          0x200000b4        0x0 c:/nxp/s32ds.3.6.0/s32ds/build_tools/gcc_v10.2/gcc-10.2-arm32-eabi/bin/../lib/gcc/arm-none-eabi/10.2.0/../../../../arm-none-eabi/lib/thumb/v6-m/nofp\libc_nano.a(lib_a-memset.o)
 .data          0x200000b4        0x0 c:/nxp/s32ds.3.6.0/s32ds/build_tools/gcc_v10.2/gcc-10.2-arm32-eabi/bin/../lib/gcc/arm-none-eabi/10.2.0/thumb/v6-m/nofp\libgcc.a(_thumb1_case_uqi.o)
 .data          0x200000b4        0x0 c:/nxp/s32ds.3.6.0/s32ds/build_tools/gcc_v10.2/gcc-10.2-arm32-eabi/bin/../lib/gcc/arm-none-eabi/10.2.0/thumb/v6-m/nofp\libgcc.a(_thumb1_case_shi.o)
 .data          0x200000b4        0x0 c:/nxp/s32ds.3.6.0/s32ds/build_tools/gcc_v10.2/gcc-10.2-arm32-eabi/bin/../lib/gcc/arm-none-eabi/10.2.0/thumb/v6-m/nofp\libgcc.a(_udivsi3.o)
 .data          0x200000b4        0x0 c:/nxp/s32ds.3.6.0/s32ds/build_tools/gcc_v10.2/gcc-10.2-arm32-eabi/bin/../lib/gcc/arm-none-eabi/10.2.0/thumb/v6-m/nofp\libgcc.a(_divsi3.o)
 .data          0x200000b4        0x0 c:/nxp/s32ds.3.6.0/s32ds/build_tools/gcc_v10.2/gcc-10.2-arm32-eabi/bin/../lib/gcc/arm-none-eabi/10.2.0/thumb/v6-m/nofp\libgcc.a(_dvmd_tls.o)
 *(.data*)
                0x200000b4                . = ALIGN (0x4)
 *(.mcal_data)
 .mcal_data     0x200000b4        0x1 ./RTD/src/Clock_Ip.o
                0x200000b4                Clock_Ip_bSentFromUpdateDriverContext
 .mcal_data     0x200000b5        0x2 ./RTD/src/Clock_Ip_Specific.o
                0x200000b8                . = ALIGN (0x4)
 *fill*         0x200000b7        0x1 
 *(.mcal_data_no_cacheable)
                0x200000b8                . = ALIGN (0x4)
                0x200000b8                __data_ram_end = .
                0x0000762c                __DATA_ROM_END = (__DATA_ROM + (__data_ram_end - __data_ram_start))

.sram_bss       0x200000b8      0x55c load address 0x0000762c
                0x200000c0                . = ALIGN (0x10)
 *fill*         0x200000b8        0x8 
                0x200000c0                __sram_bss_start = .
 *(.bss)
 .bss           0x200000c0        0x0 ./Project_Settings/Startup_Code/Vector_Table.o
 .bss           0x200000c0        0x0 ./Project_Settings/Startup_Code/exceptions.o
 .bss           0x200000c0        0x0 ./Project_Settings/Startup_Code/nvic.o
 .bss           0x200000c0        0x0 ./Project_Settings/Startup_Code/startup.o
 .bss           0x200000c0        0x0 ./Project_Settings/Startup_Code/startup_cm0p.o
 .bss           0x200000c0        0x4 ./Project_Settings/Startup_Code/system.o
                0x200000c0                RESET_CATCH_CORE
 .bss           0x200000c4        0x0 ./RTD/src/Clock_Ip.o
 .bss           0x200000c4        0x0 ./RTD/src/Clock_Ip_Data.o
 .bss           0x200000c4        0x0 ./RTD/src/Clock_Ip_Divider.o
 .bss           0x200000c4        0x0 ./RTD/src/Clock_Ip_DividerTrigger.o
 .bss           0x200000c4        0x0 ./RTD/src/Clock_Ip_ExtOsc.o
 .bss           0x200000c4        0x0 ./RTD/src/Clock_Ip_FracDiv.o
 .bss           0x200000c4        0x0 ./RTD/src/Clock_Ip_Frequency.o
 .bss           0x200000c4        0x0 ./RTD/src/Clock_Ip_Gate.o
 .bss           0x200000c4        0x0 ./RTD/src/Clock_Ip_IntOsc.o
 .bss           0x200000c4        0x0 ./RTD/src/Clock_Ip_Irq.o
 .bss           0x200000c4        0x0 ./RTD/src/Clock_Ip_Monitor.o
 .bss           0x200000c4        0x0 ./RTD/src/Clock_Ip_Pll.o
 .bss           0x200000c4        0x0 ./RTD/src/Clock_Ip_ProgFreqSwitch.o
 .bss           0x200000c4        0x0 ./RTD/src/Clock_Ip_Selector.o
 .bss           0x200000c4        0x0 ./RTD/src/Clock_Ip_Specific.o
 .bss           0x200000c4        0x0 ./RTD/src/Det.o
 .bss           0x200000c4        0x0 ./RTD/src/Flexio_Lin_Ip.o
 .bss           0x200000c4        0x0 ./RTD/src/Flexio_Mcl_Ip.o
 .bss           0x200000c4        0x0 ./RTD/src/Flexio_Mcl_Ip_HwAccess.o
 .bss           0x200000c4        0x0 ./RTD/src/Flexio_Mcl_Ip_Irq.o
 .bss           0x200000c4        0x0 ./RTD/src/IntCtrl_Ip.o
 .bss           0x200000c4        0x0 ./RTD/src/Lin_Ip_Common.o
 .bss           0x200000c4        0x0 ./RTD/src/Lpuart_Lin_Ip.o
 .bss           0x200000c4        0x0 ./RTD/src/Lpuart_Lin_Ip_Hw_Access.o
 .bss           0x200000c4        0x0 ./RTD/src/Lpuart_Lin_Ip_Irq.o
 .bss           0x200000c4        0x0 ./RTD/src/OsIf_Interrupts.o
 .bss           0x200000c4        0x0 ./RTD/src/OsIf_Timer.o
 .bss           0x200000c4        0x0 ./RTD/src/OsIf_Timer_System.o
 .bss           0x200000c4        0x0 ./RTD/src/OsIf_Timer_System_Internal_Systick.o
 .bss           0x200000c4        0x0 ./RTD/src/Port_Ci_Port_Ip.o
 .bss           0x200000c4        0x0 ./RTD/src/SchM_Lin_43_LPUART_FLEXIO.o
 .bss           0x200000c4        0x0 ./RTD/src/SchM_Mcl.o
 .bss           0x200000c4        0x0 ./RTD/src/SchM_Mcu.o
 .bss           0x200000c4        0x0 ./RTD/src/SchM_Port.o
 .bss           0x200000c4        0x0 ./board/Port_Ci_Port_Ip_Cfg.o
 .bss           0x200000c4        0x0 ./generate/src/Clock_Ip_Cfg.o
 .bss           0x200000c4        0x0 ./generate/src/Flexio_Lin_Ip_Sa_BOARD_InitPeripherals_PBcfg.o
 .bss           0x200000c4        0x0 ./generate/src/Flexio_Mcl_Ip_BOARD_InitPeripherals_PBcfg.o
 .bss           0x200000c4        0x0 ./generate/src/IntCtrl_Ip_Cfg.o
 .bss           0x200000c4        0x0 ./generate/src/Lpuart_Lin_Ip_Sa_BOARD_InitPeripherals_PBcfg.o
 .bss           0x200000c4        0x0 ./generate/src/OsIf_Cfg.o
 .bss           0x200000c4        0x4 ./src/main.o
                0x200000c4                exit_code
 .bss           0x200000c8        0x0 c:/nxp/s32ds.3.6.0/s32ds/build_tools/gcc_v10.2/gcc-10.2-arm32-eabi/bin/../lib/gcc/arm-none-eabi/10.2.0/../../../../arm-none-eabi/lib/thumb/v6-m/nofp\libc_nano.a(lib_a-memcpy-stub.o)
 .bss           0x200000c8        0x0 c:/nxp/s32ds.3.6.0/s32ds/build_tools/gcc_v10.2/gcc-10.2-arm32-eabi/bin/../lib/gcc/arm-none-eabi/10.2.0/../../../../arm-none-eabi/lib/thumb/v6-m/nofp\libc_nano.a(lib_a-memset.o)
 .bss           0x200000c8        0x0 c:/nxp/s32ds.3.6.0/s32ds/build_tools/gcc_v10.2/gcc-10.2-arm32-eabi/bin/../lib/gcc/arm-none-eabi/10.2.0/thumb/v6-m/nofp\libgcc.a(_thumb1_case_uqi.o)
 .bss           0x200000c8        0x0 c:/nxp/s32ds.3.6.0/s32ds/build_tools/gcc_v10.2/gcc-10.2-arm32-eabi/bin/../lib/gcc/arm-none-eabi/10.2.0/thumb/v6-m/nofp\libgcc.a(_thumb1_case_shi.o)
 .bss           0x200000c8        0x0 c:/nxp/s32ds.3.6.0/s32ds/build_tools/gcc_v10.2/gcc-10.2-arm32-eabi/bin/../lib/gcc/arm-none-eabi/10.2.0/thumb/v6-m/nofp\libgcc.a(_udivsi3.o)
 .bss           0x200000c8        0x0 c:/nxp/s32ds.3.6.0/s32ds/build_tools/gcc_v10.2/gcc-10.2-arm32-eabi/bin/../lib/gcc/arm-none-eabi/10.2.0/thumb/v6-m/nofp\libgcc.a(_divsi3.o)
 .bss           0x200000c8        0x0 c:/nxp/s32ds.3.6.0/s32ds/build_tools/gcc_v10.2/gcc-10.2-arm32-eabi/bin/../lib/gcc/arm-none-eabi/10.2.0/thumb/v6-m/nofp\libgcc.a(_dvmd_tls.o)
 *(.bss*)
                0x200000d0                . = ALIGN (0x10)
 *fill*         0x200000c8        0x8 
 *(.mcal_bss)
 .mcal_bss      0x200000d0       0x51 ./RTD/src/Clock_Ip.o
                0x200000d0                Clock_Ip_FreqIds
                0x2000011c                Clock_Ip_pxConfig
 *fill*         0x20000121        0x3 
 .mcal_bss      0x20000124        0x8 ./RTD/src/Clock_Ip_Monitor.o
 .mcal_bss      0x2000012c      0x10c ./RTD/src/Clock_Ip_Specific.o
                0x20000184                Clock_Ip_pxCmuFircMon1Config
                0x2000018c                Clock_Ip_pxCmuFircMon2Config
 .mcal_bss      0x20000238       0x64 ./RTD/src/Flexio_Lin_Ip.o
                0x2000024c                Flexio_Lin_Ip_StateStructure
 .mcal_bss      0x2000029c       0x62 ./RTD/src/Lpuart_Lin_Ip.o
                0x200002b4                Lpuart_Lin_Ip_axStateStructure
                0x20000300                . = ALIGN (0x10)
 *fill*         0x200002fe        0x2 
                0x20000300                __non_cacheable_bss_start = .
 *(.mcal_bss_no_cacheable)
 .mcal_bss_no_cacheable
                0x20000300       0x10 ./RTD/src/Det.o
                0x20000300                Det_TransientModuleId
                0x20000302                Det_ApiId
                0x20000303                Det_TransientInstanceId
                0x20000304                Det_ErrorId
                0x20000305                Det_TransientApiId
                0x20000306                Det_RuntimeModuleId
                0x20000308                Det_TransientFaultId
                0x20000309                Det_RuntimeInstanceId
                0x2000030a                Det_RuntimeApiId
                0x2000030c                Det_ModuleId
                0x2000030e                Det_RuntimeErrorId
                0x2000030f                Det_InstanceId
 .mcal_bss_no_cacheable
                0x20000310        0x1 ./RTD/src/Flexio_Mcl_Ip.o
                0x20000310                Flexio_Ip_baIpIsInitialized
 *fill*         0x20000311        0x3 
 .mcal_bss_no_cacheable
                0x20000314       0x90 ./RTD/src/SchM_Lin_43_LPUART_FLEXIO.o
 .mcal_bss_no_cacheable
                0x200003a4      0x178 ./RTD/src/SchM_Mcl.o
 .mcal_bss_no_cacheable
                0x2000051c       0x18 ./RTD/src/SchM_Mcu.o
 .mcal_bss_no_cacheable
                0x20000534       0xe0 ./RTD/src/SchM_Port.o
                0x20000614                . = ALIGN (0x4)
                0x20000614                __non_cacheable_bss_end = .
                0x20000614                __sram_bss_end = .

.acfls_code_ram
                0x20000614        0x0
                0x20000614                . = (. + (acfls_code_rom_end - acfls_code_rom_start))

.heap           0x20000614      0x200 load address 0x00007b88
                0x20000614                . = ALIGN (0x4)
                0x20000614                _end = .
                0x20000614                end = .
                0x20000614                _heap_start = .
                0x20000814                . = (. + HEAP_SIZE)
 *fill*         0x20000614      0x200 
                0x20000814                _heap_end = .

int_results     0x1ffffc00      0x100
                0x1ffffc00                . = ALIGN (0x4)
 *(.int_results)
                0x1ffffd00                . = (. + 0x100)
 *fill*         0x1ffffc00      0x100 
                0x20002800                __Stack_end_c0 = ORIGIN (int_sram_stack_c0)
                0x20003800                __Stack_start_c0 = (ORIGIN (int_sram_stack_c0) + LENGTH (int_sram_stack_c0))
                0x1ffffc00                __INT_SRAM_START = ORIGIN (int_sram_results)
                0x20003800                __INT_SRAM_END = ORIGIN (ram_rsvd2)
                0x20000010                __RAM_INIT_START = __data_ram_start
                0x200000b8                __RAM_INIT_END = __data_ram_end
                0x00007584                __ROM_INIT_START = __DATA_ROM
                0x0000762c                __ROM_INIT_END = __DATA_ROM_END
                0x200000c0                __BSS_SRAM_START = __sram_bss_start
                0x20000614                __BSS_SRAM_END = __sram_bss_end
                0x00000554                __BSS_SRAM_SIZE = (__sram_bss_end - __sram_bss_start)
                0x1ffffd00                __RAM_INTERRUPT_START = __interrupts_ram_start
                0x00000000                __ROM_INTERRUPT_START = __interrupts_rom_start
                0x00000310                __ROM_INTERRUPT_END = __interrupts_rom_end
                0x0000755c                __INIT_TABLE = __init_table
                0x00007578                __ZERO_TABLE = __zero_table
                0x00000001                __RAM_INIT = 0x1
                0x00006ad0                Fls_ACEraseRomStart = acfls_code_rom_start
                0x00006ad0                Fls_ACEraseRomEnd = acfls_code_rom_end
                0x00000000                Fls_ACEraseSize = (acfls_code_rom_end - acfls_code_rom_start)
                0x00006ad0                Fls_ACWriteRomStart = acfls_code_rom_start
                0x00006ad0                Fls_ACWriteRomEnd = acfls_code_rom_end
                0x00000000                Fls_ACWriteSize = (acfls_code_rom_end - acfls_code_rom_start)
                0x20000614                _ERASE_FUNC_ADDRESS_ = ADDR (.acfls_code_ram)
                0x20000614                _WRITE_FUNC_ADDRESS_ = ADDR (.acfls_code_ram)
                0x1ffffd00                __ENTRY_VTABLE = __RAM_INTERRUPT_START
OUTPUT(Lin_Ip_FrameTransfer_S32K116.elf elf32-littlearm)
LOAD linker stubs

.ARM.attributes
                0x00000000       0x28
 .ARM.attributes
                0x00000000       0x1c ./Project_Settings/Startup_Code/Vector_Table.o
 .ARM.attributes
                0x0000001c       0x2c ./Project_Settings/Startup_Code/exceptions.o
 .ARM.attributes
                0x00000048       0x2c ./Project_Settings/Startup_Code/nvic.o
 .ARM.attributes
                0x00000074       0x2c ./Project_Settings/Startup_Code/startup.o
 .ARM.attributes
                0x000000a0       0x1b ./Project_Settings/Startup_Code/startup_cm0p.o
 .ARM.attributes
                0x000000bb       0x2c ./Project_Settings/Startup_Code/system.o
 .ARM.attributes
                0x000000e7       0x2c ./RTD/src/Clock_Ip.o
 .ARM.attributes
                0x00000113       0x32 ./RTD/src/Clock_Ip_Data.o
 .ARM.attributes
                0x00000145       0x2c ./RTD/src/Clock_Ip_Divider.o
 .ARM.attributes
                0x00000171       0x2c ./RTD/src/Clock_Ip_DividerTrigger.o
 .ARM.attributes
                0x0000019d       0x2c ./RTD/src/Clock_Ip_ExtOsc.o
 .ARM.attributes
                0x000001c9       0x2c ./RTD/src/Clock_Ip_FracDiv.o
 .ARM.attributes
                0x000001f5       0x2c ./RTD/src/Clock_Ip_Frequency.o
 .ARM.attributes
                0x00000221       0x2c ./RTD/src/Clock_Ip_Gate.o
 .ARM.attributes
                0x0000024d       0x2c ./RTD/src/Clock_Ip_IntOsc.o
 .ARM.attributes
                0x00000279       0x2c ./RTD/src/Clock_Ip_Irq.o
 .ARM.attributes
                0x000002a5       0x2c ./RTD/src/Clock_Ip_Monitor.o
 .ARM.attributes
                0x000002d1       0x2c ./RTD/src/Clock_Ip_Pll.o
 .ARM.attributes
                0x000002fd       0x2c ./RTD/src/Clock_Ip_ProgFreqSwitch.o
 .ARM.attributes
                0x00000329       0x2c ./RTD/src/Clock_Ip_Selector.o
 .ARM.attributes
                0x00000355       0x2c ./RTD/src/Clock_Ip_Specific.o
 .ARM.attributes
                0x00000381       0x2c ./RTD/src/Det.o
 .ARM.attributes
                0x000003ad       0x2c ./RTD/src/Flexio_Lin_Ip.o
 .ARM.attributes
                0x000003d9       0x2c ./RTD/src/Flexio_Mcl_Ip.o
 .ARM.attributes
                0x00000405       0x2c ./RTD/src/Flexio_Mcl_Ip_HwAccess.o
 .ARM.attributes
                0x00000431       0x2c ./RTD/src/Flexio_Mcl_Ip_Irq.o
 .ARM.attributes
                0x0000045d       0x2c ./RTD/src/IntCtrl_Ip.o
 .ARM.attributes
                0x00000489       0x2c ./RTD/src/Lin_Ip_Common.o
 .ARM.attributes
                0x000004b5       0x2c ./RTD/src/Lpuart_Lin_Ip.o
 .ARM.attributes
                0x000004e1       0x2c ./RTD/src/Lpuart_Lin_Ip_Hw_Access.o
 .ARM.attributes
                0x0000050d       0x2c ./RTD/src/Lpuart_Lin_Ip_Irq.o
 .ARM.attributes
                0x00000539       0x32 ./RTD/src/OsIf_Interrupts.o
 .ARM.attributes
                0x0000056b       0x2c ./RTD/src/OsIf_Timer.o
 .ARM.attributes
                0x00000597       0x32 ./RTD/src/OsIf_Timer_System.o
 .ARM.attributes
                0x000005c9       0x2c ./RTD/src/OsIf_Timer_System_Internal_Systick.o
 .ARM.attributes
                0x000005f5       0x2c ./RTD/src/Port_Ci_Port_Ip.o
 .ARM.attributes
                0x00000621       0x2c ./RTD/src/SchM_Lin_43_LPUART_FLEXIO.o
 .ARM.attributes
                0x0000064d       0x2c ./RTD/src/SchM_Mcl.o
 .ARM.attributes
                0x00000679       0x2c ./RTD/src/SchM_Mcu.o
 .ARM.attributes
                0x000006a5       0x2c ./RTD/src/SchM_Port.o
 .ARM.attributes
                0x000006d1       0x32 ./board/Port_Ci_Port_Ip_Cfg.o
 .ARM.attributes
                0x00000703       0x32 ./generate/src/Clock_Ip_Cfg.o
 .ARM.attributes
                0x00000735       0x32 ./generate/src/Flexio_Lin_Ip_Sa_BOARD_InitPeripherals_PBcfg.o
 .ARM.attributes
                0x00000767       0x32 ./generate/src/Flexio_Mcl_Ip_BOARD_InitPeripherals_PBcfg.o
 .ARM.attributes
                0x00000799       0x32 ./generate/src/IntCtrl_Ip_Cfg.o
 .ARM.attributes
                0x000007cb       0x32 ./generate/src/Lpuart_Lin_Ip_Sa_BOARD_InitPeripherals_PBcfg.o
 .ARM.attributes
                0x000007fd       0x32 ./generate/src/OsIf_Cfg.o
 .ARM.attributes
                0x0000082f       0x2c ./src/main.o
 .ARM.attributes
                0x0000085b       0x2c c:/nxp/s32ds.3.6.0/s32ds/build_tools/gcc_v10.2/gcc-10.2-arm32-eabi/bin/../lib/gcc/arm-none-eabi/10.2.0/../../../../arm-none-eabi/lib/thumb/v6-m/nofp\libc_nano.a(lib_a-memcpy-stub.o)
 .ARM.attributes
                0x00000887       0x2c c:/nxp/s32ds.3.6.0/s32ds/build_tools/gcc_v10.2/gcc-10.2-arm32-eabi/bin/../lib/gcc/arm-none-eabi/10.2.0/../../../../arm-none-eabi/lib/thumb/v6-m/nofp\libc_nano.a(lib_a-memset.o)
 .ARM.attributes
                0x000008b3       0x1e c:/nxp/s32ds.3.6.0/s32ds/build_tools/gcc_v10.2/gcc-10.2-arm32-eabi/bin/../lib/gcc/arm-none-eabi/10.2.0/thumb/v6-m/nofp\libgcc.a(_thumb1_case_uqi.o)
 .ARM.attributes
                0x000008d1       0x1e c:/nxp/s32ds.3.6.0/s32ds/build_tools/gcc_v10.2/gcc-10.2-arm32-eabi/bin/../lib/gcc/arm-none-eabi/10.2.0/thumb/v6-m/nofp\libgcc.a(_thumb1_case_shi.o)
 .ARM.attributes
                0x000008ef       0x1e c:/nxp/s32ds.3.6.0/s32ds/build_tools/gcc_v10.2/gcc-10.2-arm32-eabi/bin/../lib/gcc/arm-none-eabi/10.2.0/thumb/v6-m/nofp\libgcc.a(_udivsi3.o)
 .ARM.attributes
                0x0000090d       0x1e c:/nxp/s32ds.3.6.0/s32ds/build_tools/gcc_v10.2/gcc-10.2-arm32-eabi/bin/../lib/gcc/arm-none-eabi/10.2.0/thumb/v6-m/nofp\libgcc.a(_divsi3.o)
 .ARM.attributes
                0x0000092b       0x1e c:/nxp/s32ds.3.6.0/s32ds/build_tools/gcc_v10.2/gcc-10.2-arm32-eabi/bin/../lib/gcc/arm-none-eabi/10.2.0/thumb/v6-m/nofp\libgcc.a(_dvmd_tls.o)

.comment        0x00000000       0x88
 .comment       0x00000000       0x88 ./Project_Settings/Startup_Code/exceptions.o
                                 0x89 (size before relaxing)
 .comment       0x00000088       0x89 ./Project_Settings/Startup_Code/nvic.o
 .comment       0x00000088       0x89 ./Project_Settings/Startup_Code/startup.o
 .comment       0x00000088       0x89 ./Project_Settings/Startup_Code/system.o
 .comment       0x00000088       0x89 ./RTD/src/Clock_Ip.o
 .comment       0x00000088       0x89 ./RTD/src/Clock_Ip_Data.o
 .comment       0x00000088       0x89 ./RTD/src/Clock_Ip_Divider.o
 .comment       0x00000088       0x89 ./RTD/src/Clock_Ip_DividerTrigger.o
 .comment       0x00000088       0x89 ./RTD/src/Clock_Ip_ExtOsc.o
 .comment       0x00000088       0x89 ./RTD/src/Clock_Ip_FracDiv.o
 .comment       0x00000088       0x89 ./RTD/src/Clock_Ip_Frequency.o
 .comment       0x00000088       0x89 ./RTD/src/Clock_Ip_Gate.o
 .comment       0x00000088       0x89 ./RTD/src/Clock_Ip_IntOsc.o
 .comment       0x00000088       0x89 ./RTD/src/Clock_Ip_Irq.o
 .comment       0x00000088       0x89 ./RTD/src/Clock_Ip_Monitor.o
 .comment       0x00000088       0x89 ./RTD/src/Clock_Ip_Pll.o
 .comment       0x00000088       0x89 ./RTD/src/Clock_Ip_ProgFreqSwitch.o
 .comment       0x00000088       0x89 ./RTD/src/Clock_Ip_Selector.o
 .comment       0x00000088       0x89 ./RTD/src/Clock_Ip_Specific.o
 .comment       0x00000088       0x89 ./RTD/src/Det.o
 .comment       0x00000088       0x89 ./RTD/src/Flexio_Lin_Ip.o
 .comment       0x00000088       0x89 ./RTD/src/Flexio_Mcl_Ip.o
 .comment       0x00000088       0x89 ./RTD/src/Flexio_Mcl_Ip_HwAccess.o
 .comment       0x00000088       0x89 ./RTD/src/Flexio_Mcl_Ip_Irq.o
 .comment       0x00000088       0x89 ./RTD/src/IntCtrl_Ip.o
 .comment       0x00000088       0x89 ./RTD/src/Lin_Ip_Common.o
 .comment       0x00000088       0x89 ./RTD/src/Lpuart_Lin_Ip.o
 .comment       0x00000088       0x89 ./RTD/src/Lpuart_Lin_Ip_Hw_Access.o
 .comment       0x00000088       0x89 ./RTD/src/Lpuart_Lin_Ip_Irq.o
 .comment       0x00000088       0x89 ./RTD/src/OsIf_Interrupts.o
 .comment       0x00000088       0x89 ./RTD/src/OsIf_Timer.o
 .comment       0x00000088       0x89 ./RTD/src/OsIf_Timer_System.o
 .comment       0x00000088       0x89 ./RTD/src/OsIf_Timer_System_Internal_Systick.o
 .comment       0x00000088       0x89 ./RTD/src/Port_Ci_Port_Ip.o
 .comment       0x00000088       0x89 ./RTD/src/SchM_Lin_43_LPUART_FLEXIO.o
 .comment       0x00000088       0x89 ./RTD/src/SchM_Mcl.o
 .comment       0x00000088       0x89 ./RTD/src/SchM_Mcu.o
 .comment       0x00000088       0x89 ./RTD/src/SchM_Port.o
 .comment       0x00000088       0x89 ./board/Port_Ci_Port_Ip_Cfg.o
 .comment       0x00000088       0x89 ./generate/src/Clock_Ip_Cfg.o
 .comment       0x00000088       0x89 ./generate/src/Flexio_Lin_Ip_Sa_BOARD_InitPeripherals_PBcfg.o
 .comment       0x00000088       0x89 ./generate/src/Flexio_Mcl_Ip_BOARD_InitPeripherals_PBcfg.o
 .comment       0x00000088       0x89 ./generate/src/IntCtrl_Ip_Cfg.o
 .comment       0x00000088       0x89 ./generate/src/Lpuart_Lin_Ip_Sa_BOARD_InitPeripherals_PBcfg.o
 .comment       0x00000088       0x89 ./generate/src/OsIf_Cfg.o
 .comment       0x00000088       0x89 ./src/main.o
 .comment       0x00000088       0x89 c:/nxp/s32ds.3.6.0/s32ds/build_tools/gcc_v10.2/gcc-10.2-arm32-eabi/bin/../lib/gcc/arm-none-eabi/10.2.0/../../../../arm-none-eabi/lib/thumb/v6-m/nofp\libc_nano.a(lib_a-memcpy-stub.o)
 .comment       0x00000088       0x89 c:/nxp/s32ds.3.6.0/s32ds/build_tools/gcc_v10.2/gcc-10.2-arm32-eabi/bin/../lib/gcc/arm-none-eabi/10.2.0/../../../../arm-none-eabi/lib/thumb/v6-m/nofp\libc_nano.a(lib_a-memset.o)

.debug_info     0x00000000    0x1cfca
 .debug_info    0x00000000      0x139 ./Project_Settings/Startup_Code/exceptions.o
 .debug_info    0x00000139      0x273 ./Project_Settings/Startup_Code/nvic.o
 .debug_info    0x000003ac      0x264 ./Project_Settings/Startup_Code/startup.o
 .debug_info    0x00000610       0x26 ./Project_Settings/Startup_Code/startup_cm0p.o
 .debug_info    0x00000636      0x3c3 ./Project_Settings/Startup_Code/system.o
 .debug_info    0x000009f9     0x1f70 ./RTD/src/Clock_Ip.o
 .debug_info    0x00002969      0x958 ./RTD/src/Clock_Ip_Data.o
 .debug_info    0x000032c1      0xc26 ./RTD/src/Clock_Ip_Divider.o
 .debug_info    0x00003ee7      0x3a6 ./RTD/src/Clock_Ip_DividerTrigger.o
 .debug_info    0x0000428d      0x9c3 ./RTD/src/Clock_Ip_ExtOsc.o
 .debug_info    0x00004c50      0x43f ./RTD/src/Clock_Ip_FracDiv.o
 .debug_info    0x0000508f      0x2ad ./RTD/src/Clock_Ip_Frequency.o
 .debug_info    0x0000533c      0xb2d ./RTD/src/Clock_Ip_Gate.o
 .debug_info    0x00005e69     0x10d7 ./RTD/src/Clock_Ip_IntOsc.o
 .debug_info    0x00006f40       0xb2 ./RTD/src/Clock_Ip_Irq.o
 .debug_info    0x00006ff2     0x12cb ./RTD/src/Clock_Ip_Monitor.o
 .debug_info    0x000082bd      0x57e ./RTD/src/Clock_Ip_Pll.o
 .debug_info    0x0000883b      0x3b5 ./RTD/src/Clock_Ip_ProgFreqSwitch.o
 .debug_info    0x00008bf0      0xf3f ./RTD/src/Clock_Ip_Selector.o
 .debug_info    0x00009b2f     0x1fb0 ./RTD/src/Clock_Ip_Specific.o
 .debug_info    0x0000badf      0x420 ./RTD/src/Det.o
 .debug_info    0x0000beff     0x252b ./RTD/src/Flexio_Lin_Ip.o
 .debug_info    0x0000e42a      0x4f4 ./RTD/src/Flexio_Mcl_Ip.o
 .debug_info    0x0000e91e      0x9d0 ./RTD/src/Flexio_Mcl_Ip_HwAccess.o
 .debug_info    0x0000f2ee      0x53f ./RTD/src/Flexio_Mcl_Ip_Irq.o
 .debug_info    0x0000f82d      0xd55 ./RTD/src/IntCtrl_Ip.o
 .debug_info    0x00010582      0x32a ./RTD/src/Lin_Ip_Common.o
 .debug_info    0x000108ac     0x25f9 ./RTD/src/Lpuart_Lin_Ip.o
 .debug_info    0x00012ea5      0xc0f ./RTD/src/Lpuart_Lin_Ip_Hw_Access.o
 .debug_info    0x00013ab4       0xe0 ./RTD/src/Lpuart_Lin_Ip_Irq.o
 .debug_info    0x00013b94       0x7d ./RTD/src/OsIf_Interrupts.o
 .debug_info    0x00013c11      0x2ca ./RTD/src/OsIf_Timer.o
 .debug_info    0x00013edb       0x7d ./RTD/src/OsIf_Timer_System.o
 .debug_info    0x00013f58      0x196 ./RTD/src/OsIf_Timer_System_Internal_Systick.o
 .debug_info    0x000140ee      0x8f6 ./RTD/src/Port_Ci_Port_Ip.o
 .debug_info    0x000149e4      0xf9e ./RTD/src/SchM_Lin_43_LPUART_FLEXIO.o
 .debug_info    0x00015982     0x26d7 ./RTD/src/SchM_Mcl.o
 .debug_info    0x00018059      0x39b ./RTD/src/SchM_Mcu.o
 .debug_info    0x000183f4     0x17a0 ./RTD/src/SchM_Port.o
 .debug_info    0x00019b94      0x40a ./board/Port_Ci_Port_Ip_Cfg.o
 .debug_info    0x00019f9e      0xb4c ./generate/src/Clock_Ip_Cfg.o
 .debug_info    0x0001aaea      0x478 ./generate/src/Flexio_Lin_Ip_Sa_BOARD_InitPeripherals_PBcfg.o
 .debug_info    0x0001af62      0x101 ./generate/src/Flexio_Mcl_Ip_BOARD_InitPeripherals_PBcfg.o
 .debug_info    0x0001b063      0x2a9 ./generate/src/IntCtrl_Ip_Cfg.o
 .debug_info    0x0001b30c      0x3ab ./generate/src/Lpuart_Lin_Ip_Sa_BOARD_InitPeripherals_PBcfg.o
 .debug_info    0x0001b6b7       0x7d ./generate/src/OsIf_Cfg.o
 .debug_info    0x0001b734     0x17d8 ./src/main.o
 .debug_info    0x0001cf0c       0x26 c:/nxp/s32ds.3.6.0/s32ds/build_tools/gcc_v10.2/gcc-10.2-arm32-eabi/bin/../lib/gcc/arm-none-eabi/10.2.0/thumb/v6-m/nofp\libgcc.a(_thumb1_case_uqi.o)
 .debug_info    0x0001cf32       0x26 c:/nxp/s32ds.3.6.0/s32ds/build_tools/gcc_v10.2/gcc-10.2-arm32-eabi/bin/../lib/gcc/arm-none-eabi/10.2.0/thumb/v6-m/nofp\libgcc.a(_thumb1_case_shi.o)
 .debug_info    0x0001cf58       0x26 c:/nxp/s32ds.3.6.0/s32ds/build_tools/gcc_v10.2/gcc-10.2-arm32-eabi/bin/../lib/gcc/arm-none-eabi/10.2.0/thumb/v6-m/nofp\libgcc.a(_udivsi3.o)
 .debug_info    0x0001cf7e       0x26 c:/nxp/s32ds.3.6.0/s32ds/build_tools/gcc_v10.2/gcc-10.2-arm32-eabi/bin/../lib/gcc/arm-none-eabi/10.2.0/thumb/v6-m/nofp\libgcc.a(_divsi3.o)
 .debug_info    0x0001cfa4       0x26 c:/nxp/s32ds.3.6.0/s32ds/build_tools/gcc_v10.2/gcc-10.2-arm32-eabi/bin/../lib/gcc/arm-none-eabi/10.2.0/thumb/v6-m/nofp\libgcc.a(_dvmd_tls.o)

.debug_abbrev   0x00000000     0x466a
 .debug_abbrev  0x00000000       0x47 ./Project_Settings/Startup_Code/exceptions.o
 .debug_abbrev  0x00000047      0x10f ./Project_Settings/Startup_Code/nvic.o
 .debug_abbrev  0x00000156      0x108 ./Project_Settings/Startup_Code/startup.o
 .debug_abbrev  0x0000025e       0x14 ./Project_Settings/Startup_Code/startup_cm0p.o
 .debug_abbrev  0x00000272      0x17f ./Project_Settings/Startup_Code/system.o
 .debug_abbrev  0x000003f1      0x390 ./RTD/src/Clock_Ip.o
 .debug_abbrev  0x00000781      0x143 ./RTD/src/Clock_Ip_Data.o
 .debug_abbrev  0x000008c4      0x230 ./RTD/src/Clock_Ip_Divider.o
 .debug_abbrev  0x00000af4      0x117 ./RTD/src/Clock_Ip_DividerTrigger.o
 .debug_abbrev  0x00000c0b      0x2d1 ./RTD/src/Clock_Ip_ExtOsc.o
 .debug_abbrev  0x00000edc      0x163 ./RTD/src/Clock_Ip_FracDiv.o
 .debug_abbrev  0x0000103f       0x92 ./RTD/src/Clock_Ip_Frequency.o
 .debug_abbrev  0x000010d1      0x2a3 ./RTD/src/Clock_Ip_Gate.o
 .debug_abbrev  0x00001374      0x2fc ./RTD/src/Clock_Ip_IntOsc.o
 .debug_abbrev  0x00001670       0x67 ./RTD/src/Clock_Ip_Irq.o
 .debug_abbrev  0x000016d7      0x28b ./RTD/src/Clock_Ip_Monitor.o
 .debug_abbrev  0x00001962      0x17d ./RTD/src/Clock_Ip_Pll.o
 .debug_abbrev  0x00001adf      0x115 ./RTD/src/Clock_Ip_ProgFreqSwitch.o
 .debug_abbrev  0x00001bf4      0x230 ./RTD/src/Clock_Ip_Selector.o
 .debug_abbrev  0x00001e24      0x350 ./RTD/src/Clock_Ip_Specific.o
 .debug_abbrev  0x00002174      0x14e ./RTD/src/Det.o
 .debug_abbrev  0x000022c2      0x356 ./RTD/src/Flexio_Lin_Ip.o
 .debug_abbrev  0x00002618      0x19e ./RTD/src/Flexio_Mcl_Ip.o
 .debug_abbrev  0x000027b6      0x1c2 ./RTD/src/Flexio_Mcl_Ip_HwAccess.o
 .debug_abbrev  0x00002978      0x156 ./RTD/src/Flexio_Mcl_Ip_Irq.o
 .debug_abbrev  0x00002ace      0x299 ./RTD/src/IntCtrl_Ip.o
 .debug_abbrev  0x00002d67      0x12d ./RTD/src/Lin_Ip_Common.o
 .debug_abbrev  0x00002e94      0x34c ./RTD/src/Lpuart_Lin_Ip.o
 .debug_abbrev  0x000031e0      0x207 ./RTD/src/Lpuart_Lin_Ip_Hw_Access.o
 .debug_abbrev  0x000033e7       0x73 ./RTD/src/Lpuart_Lin_Ip_Irq.o
 .debug_abbrev  0x0000345a       0x29 ./RTD/src/OsIf_Interrupts.o
 .debug_abbrev  0x00003483      0x17a ./RTD/src/OsIf_Timer.o
 .debug_abbrev  0x000035fd       0x29 ./RTD/src/OsIf_Timer_System.o
 .debug_abbrev  0x00003626      0x125 ./RTD/src/OsIf_Timer_System_Internal_Systick.o
 .debug_abbrev  0x0000374b      0x222 ./RTD/src/Port_Ci_Port_Ip.o
 .debug_abbrev  0x0000396d      0x124 ./RTD/src/SchM_Lin_43_LPUART_FLEXIO.o
 .debug_abbrev  0x00003a91      0x124 ./RTD/src/SchM_Mcl.o
 .debug_abbrev  0x00003bb5      0x124 ./RTD/src/SchM_Mcu.o
 .debug_abbrev  0x00003cd9      0x124 ./RTD/src/SchM_Port.o
 .debug_abbrev  0x00003dfd      0x101 ./board/Port_Ci_Port_Ip_Cfg.o
 .debug_abbrev  0x00003efe      0x101 ./generate/src/Clock_Ip_Cfg.o
 .debug_abbrev  0x00003fff      0x104 ./generate/src/Flexio_Lin_Ip_Sa_BOARD_InitPeripherals_PBcfg.o
 .debug_abbrev  0x00004103       0x81 ./generate/src/Flexio_Mcl_Ip_BOARD_InitPeripherals_PBcfg.o
 .debug_abbrev  0x00004184       0xd9 ./generate/src/IntCtrl_Ip_Cfg.o
 .debug_abbrev  0x0000425d       0xe2 ./generate/src/Lpuart_Lin_Ip_Sa_BOARD_InitPeripherals_PBcfg.o
 .debug_abbrev  0x0000433f       0x29 ./generate/src/OsIf_Cfg.o
 .debug_abbrev  0x00004368      0x29e ./src/main.o
 .debug_abbrev  0x00004606       0x14 c:/nxp/s32ds.3.6.0/s32ds/build_tools/gcc_v10.2/gcc-10.2-arm32-eabi/bin/../lib/gcc/arm-none-eabi/10.2.0/thumb/v6-m/nofp\libgcc.a(_thumb1_case_uqi.o)
 .debug_abbrev  0x0000461a       0x14 c:/nxp/s32ds.3.6.0/s32ds/build_tools/gcc_v10.2/gcc-10.2-arm32-eabi/bin/../lib/gcc/arm-none-eabi/10.2.0/thumb/v6-m/nofp\libgcc.a(_thumb1_case_shi.o)
 .debug_abbrev  0x0000462e       0x14 c:/nxp/s32ds.3.6.0/s32ds/build_tools/gcc_v10.2/gcc-10.2-arm32-eabi/bin/../lib/gcc/arm-none-eabi/10.2.0/thumb/v6-m/nofp\libgcc.a(_udivsi3.o)
 .debug_abbrev  0x00004642       0x14 c:/nxp/s32ds.3.6.0/s32ds/build_tools/gcc_v10.2/gcc-10.2-arm32-eabi/bin/../lib/gcc/arm-none-eabi/10.2.0/thumb/v6-m/nofp\libgcc.a(_divsi3.o)
 .debug_abbrev  0x00004656       0x14 c:/nxp/s32ds.3.6.0/s32ds/build_tools/gcc_v10.2/gcc-10.2-arm32-eabi/bin/../lib/gcc/arm-none-eabi/10.2.0/thumb/v6-m/nofp\libgcc.a(_dvmd_tls.o)

.debug_aranges  0x00000000     0x1270
 .debug_aranges
                0x00000000       0x28 ./Project_Settings/Startup_Code/exceptions.o
 .debug_aranges
                0x00000028       0x20 ./Project_Settings/Startup_Code/nvic.o
 .debug_aranges
                0x00000048       0x20 ./Project_Settings/Startup_Code/startup.o
 .debug_aranges
                0x00000068       0x20 ./Project_Settings/Startup_Code/startup_cm0p.o
 .debug_aranges
                0x00000088       0x28 ./Project_Settings/Startup_Code/system.o
 .debug_aranges
                0x000000b0       0x80 ./RTD/src/Clock_Ip.o
 .debug_aranges
                0x00000130       0x18 ./RTD/src/Clock_Ip_Data.o
 .debug_aranges
                0x00000148       0xc0 ./RTD/src/Clock_Ip_Divider.o
 .debug_aranges
                0x00000208       0x20 ./RTD/src/Clock_Ip_DividerTrigger.o
 .debug_aranges
                0x00000228       0x70 ./RTD/src/Clock_Ip_ExtOsc.o
 .debug_aranges
                0x00000298       0x28 ./RTD/src/Clock_Ip_FracDiv.o
 .debug_aranges
                0x000002c0       0x20 ./RTD/src/Clock_Ip_Frequency.o
 .debug_aranges
                0x000002e0       0xa0 ./RTD/src/Clock_Ip_Gate.o
 .debug_aranges
                0x00000380       0xf0 ./RTD/src/Clock_Ip_IntOsc.o
 .debug_aranges
                0x00000470       0x20 ./RTD/src/Clock_Ip_Irq.o
 .debug_aranges
                0x00000490       0x60 ./RTD/src/Clock_Ip_Monitor.o
 .debug_aranges
                0x000004f0       0x30 ./RTD/src/Clock_Ip_Pll.o
 .debug_aranges
                0x00000520       0x20 ./RTD/src/Clock_Ip_ProgFreqSwitch.o
 .debug_aranges
                0x00000540      0x110 ./RTD/src/Clock_Ip_Selector.o
 .debug_aranges
                0x00000650       0x48 ./RTD/src/Clock_Ip_Specific.o
 .debug_aranges
                0x00000698       0x38 ./RTD/src/Det.o
 .debug_aranges
                0x000006d0       0x70 ./RTD/src/Flexio_Lin_Ip.o
 .debug_aranges
                0x00000740       0x28 ./RTD/src/Flexio_Mcl_Ip.o
 .debug_aranges
                0x00000768       0xc0 ./RTD/src/Flexio_Mcl_Ip_HwAccess.o
 .debug_aranges
                0x00000828       0x20 ./RTD/src/Flexio_Mcl_Ip_Irq.o
 .debug_aranges
                0x00000848       0xa8 ./RTD/src/IntCtrl_Ip.o
 .debug_aranges
                0x000008f0       0x28 ./RTD/src/Lin_Ip_Common.o
 .debug_aranges
                0x00000918       0x68 ./RTD/src/Lpuart_Lin_Ip.o
 .debug_aranges
                0x00000980       0x90 ./RTD/src/Lpuart_Lin_Ip_Hw_Access.o
 .debug_aranges
                0x00000a10       0x28 ./RTD/src/Lpuart_Lin_Ip_Irq.o
 .debug_aranges
                0x00000a38       0x18 ./RTD/src/OsIf_Interrupts.o
 .debug_aranges
                0x00000a50       0x40 ./RTD/src/OsIf_Timer.o
 .debug_aranges
                0x00000a90       0x18 ./RTD/src/OsIf_Timer_System.o
 .debug_aranges
                0x00000aa8       0x30 ./RTD/src/OsIf_Timer_System_Internal_Systick.o
 .debug_aranges
                0x00000ad8       0x48 ./RTD/src/Port_Ci_Port_Ip.o
 .debug_aranges
                0x00000b20      0x140 ./RTD/src/SchM_Lin_43_LPUART_FLEXIO.o
 .debug_aranges
                0x00000c60      0x310 ./RTD/src/SchM_Mcl.o
 .debug_aranges
                0x00000f70       0x50 ./RTD/src/SchM_Mcu.o
 .debug_aranges
                0x00000fc0      0x1e0 ./RTD/src/SchM_Port.o
 .debug_aranges
                0x000011a0       0x18 ./board/Port_Ci_Port_Ip_Cfg.o
 .debug_aranges
                0x000011b8       0x18 ./generate/src/Clock_Ip_Cfg.o
 .debug_aranges
                0x000011d0       0x18 ./generate/src/Flexio_Lin_Ip_Sa_BOARD_InitPeripherals_PBcfg.o
 .debug_aranges
                0x000011e8       0x18 ./generate/src/Flexio_Mcl_Ip_BOARD_InitPeripherals_PBcfg.o
 .debug_aranges
                0x00001200       0x18 ./generate/src/IntCtrl_Ip_Cfg.o
 .debug_aranges
                0x00001218       0x18 ./generate/src/Lpuart_Lin_Ip_Sa_BOARD_InitPeripherals_PBcfg.o
 .debug_aranges
                0x00001230       0x18 ./generate/src/OsIf_Cfg.o
 .debug_aranges
                0x00001248       0x28 ./src/main.o

.debug_ranges   0x00000000     0x1720
 .debug_ranges  0x00000000       0x18 ./Project_Settings/Startup_Code/exceptions.o
 .debug_ranges  0x00000018       0x30 ./Project_Settings/Startup_Code/system.o
 .debug_ranges  0x00000048       0xe0 ./RTD/src/Clock_Ip.o
 .debug_ranges  0x00000128       0xb0 ./RTD/src/Clock_Ip_Divider.o
 .debug_ranges  0x000001d8       0x10 ./RTD/src/Clock_Ip_DividerTrigger.o
 .debug_ranges  0x000001e8       0x90 ./RTD/src/Clock_Ip_ExtOsc.o
 .debug_ranges  0x00000278       0x18 ./RTD/src/Clock_Ip_FracDiv.o
 .debug_ranges  0x00000290       0x10 ./RTD/src/Clock_Ip_Frequency.o
 .debug_ranges  0x000002a0      0x108 ./RTD/src/Clock_Ip_Gate.o
 .debug_ranges  0x000003a8       0xf8 ./RTD/src/Clock_Ip_IntOsc.o
 .debug_ranges  0x000004a0       0x10 ./RTD/src/Clock_Ip_Irq.o
 .debug_ranges  0x000004b0       0x50 ./RTD/src/Clock_Ip_Monitor.o
 .debug_ranges  0x00000500       0x20 ./RTD/src/Clock_Ip_Pll.o
 .debug_ranges  0x00000520       0x10 ./RTD/src/Clock_Ip_ProgFreqSwitch.o
 .debug_ranges  0x00000530      0x100 ./RTD/src/Clock_Ip_Selector.o
 .debug_ranges  0x00000630      0x1f0 ./RTD/src/Clock_Ip_Specific.o
 .debug_ranges  0x00000820       0x28 ./RTD/src/Det.o
 .debug_ranges  0x00000848      0x268 ./RTD/src/Flexio_Lin_Ip.o
 .debug_ranges  0x00000ab0       0x18 ./RTD/src/Flexio_Mcl_Ip.o
 .debug_ranges  0x00000ac8       0xb0 ./RTD/src/Flexio_Mcl_Ip_HwAccess.o
 .debug_ranges  0x00000b78       0x30 ./RTD/src/Flexio_Mcl_Ip_Irq.o
 .debug_ranges  0x00000ba8       0xc8 ./RTD/src/IntCtrl_Ip.o
 .debug_ranges  0x00000c70       0x90 ./RTD/src/Lin_Ip_Common.o
 .debug_ranges  0x00000d00      0x270 ./RTD/src/Lpuart_Lin_Ip.o
 .debug_ranges  0x00000f70       0x80 ./RTD/src/Lpuart_Lin_Ip_Hw_Access.o
 .debug_ranges  0x00000ff0       0x18 ./RTD/src/Lpuart_Lin_Ip_Irq.o
 .debug_ranges  0x00001008       0x30 ./RTD/src/OsIf_Timer.o
 .debug_ranges  0x00001038       0x20 ./RTD/src/OsIf_Timer_System_Internal_Systick.o
 .debug_ranges  0x00001058       0x58 ./RTD/src/Port_Ci_Port_Ip.o
 .debug_ranges  0x000010b0      0x130 ./RTD/src/SchM_Lin_43_LPUART_FLEXIO.o
 .debug_ranges  0x000011e0      0x300 ./RTD/src/SchM_Mcl.o
 .debug_ranges  0x000014e0       0x40 ./RTD/src/SchM_Mcu.o
 .debug_ranges  0x00001520      0x1d0 ./RTD/src/SchM_Port.o
 .debug_ranges  0x000016f0       0x30 ./src/main.o

.debug_macro    0x00000000    0x19af3
 .debug_macro   0x00000000      0x144 ./Project_Settings/Startup_Code/exceptions.o
 .debug_macro   0x00000144      0xa66 ./Project_Settings/Startup_Code/exceptions.o
 .debug_macro   0x00000baa       0x22 ./Project_Settings/Startup_Code/exceptions.o
 .debug_macro   0x00000bcc       0x56 ./Project_Settings/Startup_Code/exceptions.o
 .debug_macro   0x00000c22       0x51 ./Project_Settings/Startup_Code/exceptions.o
 .debug_macro   0x00000c73      0x103 ./Project_Settings/Startup_Code/exceptions.o
 .debug_macro   0x00000d76       0x6a ./Project_Settings/Startup_Code/exceptions.o
 .debug_macro   0x00000de0      0x1df ./Project_Settings/Startup_Code/exceptions.o
 .debug_macro   0x00000fbf       0x22 ./Project_Settings/Startup_Code/exceptions.o
 .debug_macro   0x00000fe1      0x16d ./Project_Settings/Startup_Code/exceptions.o
 .debug_macro   0x0000114e       0x82 ./Project_Settings/Startup_Code/exceptions.o
 .debug_macro   0x000011d0      0x97b ./Project_Settings/Startup_Code/exceptions.o
 .debug_macro   0x00001b4b       0x3a ./Project_Settings/Startup_Code/exceptions.o
 .debug_macro   0x00001b85       0xcc ./Project_Settings/Startup_Code/exceptions.o
 .debug_macro   0x00001c51       0x6e ./Project_Settings/Startup_Code/exceptions.o
 .debug_macro   0x00001cbf       0x94 ./Project_Settings/Startup_Code/exceptions.o
 .debug_macro   0x00001d53       0xcf ./Project_Settings/Startup_Code/exceptions.o
 .debug_macro   0x00001e22       0xb8 ./Project_Settings/Startup_Code/exceptions.o
 .debug_macro   0x00001eda       0x52 ./Project_Settings/Startup_Code/exceptions.o
 .debug_macro   0x00001f2c       0x16 ./Project_Settings/Startup_Code/exceptions.o
 .debug_macro   0x00001f42       0x6e ./Project_Settings/Startup_Code/exceptions.o
 .debug_macro   0x00001fb0      0x130 ./Project_Settings/Startup_Code/exceptions.o
 .debug_macro   0x000020e0       0x6a ./Project_Settings/Startup_Code/exceptions.o
 .debug_macro   0x0000214a       0x58 ./Project_Settings/Startup_Code/exceptions.o
 .debug_macro   0x000021a2       0x57 ./Project_Settings/Startup_Code/exceptions.o
 .debug_macro   0x000021f9      0x255 ./Project_Settings/Startup_Code/nvic.o
 .debug_macro   0x0000244e      0x525 ./Project_Settings/Startup_Code/nvic.o
 .debug_macro   0x00002973      0x616 ./Project_Settings/Startup_Code/nvic.o
 .debug_macro   0x00002f89      0x549 ./Project_Settings/Startup_Code/nvic.o
 .debug_macro   0x000034d2      0x184 ./Project_Settings/Startup_Code/nvic.o