Archive member included to satisfy reference by file (symbol)

c:/nxp/s32ds.3.6.0/s32ds/build_tools/gcc_v10.2/gcc-10.2-arm32-eabi/bin/../lib/gcc/arm-none-eabi/10.2.0/../../../../arm-none-eabi/lib/thumb/v6-m/nofp\libc_nano.a(lib_a-memset.o)
                              ./Project_Settings/Startup_Code/startup.o (memset)
c:/nxp/s32ds.3.6.0/s32ds/build_tools/gcc_v10.2/gcc-10.2-arm32-eabi/bin/../lib/gcc/arm-none-eabi/10.2.0/thumb/v6-m/nofp\libgcc.a(_udivsi3.o)
                              ./RTD/src/Clock_Ip_Monitor.o (__aeabi_uidiv)
c:/nxp/s32ds.3.6.0/s32ds/build_tools/gcc_v10.2/gcc-10.2-arm32-eabi/bin/../lib/gcc/arm-none-eabi/10.2.0/thumb/v6-m/nofp\libgcc.a(_divsi3.o)
                              ./RTD/src/Clock_Ip_Monitor.o (__aeabi_idiv)
c:/nxp/s32ds.3.6.0/s32ds/build_tools/gcc_v10.2/gcc-10.2-arm32-eabi/bin/../lib/gcc/arm-none-eabi/10.2.0/thumb/v6-m/nofp\libgcc.a(_dvmd_tls.o)
                              c:/nxp/s32ds.3.6.0/s32ds/build_tools/gcc_v10.2/gcc-10.2-arm32-eabi/bin/../lib/gcc/arm-none-eabi/10.2.0/thumb/v6-m/nofp\libgcc.a(_udivsi3.o) (__aeabi_idiv0)

Discarded input sections

 .group         0x00000000        0xc ./Project_Settings/Startup_Code/exceptions.o
 .group         0x00000000        0xc ./Project_Settings/Startup_Code/exceptions.o
 .group         0x00000000        0xc ./Project_Settings/Startup_Code/exceptions.o
 .group         0x00000000        0xc ./Project_Settings/Startup_Code/exceptions.o
 .group         0x00000000        0xc ./Project_Settings/Startup_Code/exceptions.o
 .group         0x00000000        0xc ./Project_Settings/Startup_Code/exceptions.o
 .group         0x00000000        0xc ./Project_Settings/Startup_Code/exceptions.o
 .group         0x00000000        0xc ./Project_Settings/Startup_Code/exceptions.o
 .group         0x00000000        0xc ./Project_Settings/Startup_Code/exceptions.o
 .group         0x00000000        0xc ./Project_Settings/Startup_Code/exceptions.o
 .group         0x00000000        0xc ./Project_Settings/Startup_Code/exceptions.o
 .group         0x00000000        0xc ./Project_Settings/Startup_Code/exceptions.o
 .group         0x00000000        0xc ./Project_Settings/Startup_Code/exceptions.o
 .group         0x00000000        0xc ./Project_Settings/Startup_Code/exceptions.o
 .group         0x00000000        0xc ./Project_Settings/Startup_Code/exceptions.o
 .group         0x00000000        0xc ./Project_Settings/Startup_Code/exceptions.o
 .group         0x00000000        0xc ./Project_Settings/Startup_Code/exceptions.o
 .group         0x00000000        0xc ./Project_Settings/Startup_Code/exceptions.o
 .group         0x00000000        0xc ./Project_Settings/Startup_Code/exceptions.o
 .group         0x00000000        0xc ./Project_Settings/Startup_Code/exceptions.o
 .group         0x00000000        0xc ./Project_Settings/Startup_Code/exceptions.o
 .group         0x00000000        0xc ./Project_Settings/Startup_Code/exceptions.o
 .group         0x00000000        0xc ./Project_Settings/Startup_Code/exceptions.o
 .group         0x00000000        0xc ./Project_Settings/Startup_Code/exceptions.o
 .group         0x00000000        0xc ./Project_Settings/Startup_Code/nvic.o
 .group         0x00000000        0xc ./Project_Settings/Startup_Code/nvic.o
 .group         0x00000000        0xc ./Project_Settings/Startup_Code/nvic.o
 .group         0x00000000        0xc ./Project_Settings/Startup_Code/nvic.o
 .group         0x00000000        0xc ./Project_Settings/Startup_Code/nvic.o
 .group         0x00000000        0xc ./Project_Settings/Startup_Code/nvic.o
 .group         0x00000000        0xc ./Project_Settings/Startup_Code/nvic.o
 .group         0x00000000        0xc ./Project_Settings/Startup_Code/nvic.o
 .group         0x00000000        0xc ./Project_Settings/Startup_Code/nvic.o
 .group         0x00000000        0xc ./Project_Settings/Startup_Code/nvic.o
 .group         0x00000000        0xc ./Project_Settings/Startup_Code/nvic.o
 .group         0x00000000        0xc ./Project_Settings/Startup_Code/nvic.o
 .group         0x00000000        0xc ./Project_Settings/Startup_Code/nvic.o
 .group         0x00000000        0xc ./Project_Settings/Startup_Code/nvic.o
 .group         0x00000000        0xc ./Project_Settings/Startup_Code/nvic.o
 .group         0x00000000        0xc ./Project_Settings/Startup_Code/nvic.o
 .group         0x00000000        0xc ./Project_Settings/Startup_Code/nvic.o
 .group         0x00000000        0xc ./Project_Settings/Startup_Code/nvic.o
 .group         0x00000000        0xc ./Project_Settings/Startup_Code/nvic.o
 .group         0x00000000        0xc ./Project_Settings/Startup_Code/nvic.o
 .group         0x00000000        0xc ./Project_Settings/Startup_Code/nvic.o
 .group         0x00000000        0xc ./Project_Settings/Startup_Code/nvic.o
 .group         0x00000000        0xc ./Project_Settings/Startup_Code/nvic.o
 .group         0x00000000        0xc ./Project_Settings/Startup_Code/nvic.o
[...]
Memory Configuration

Name             Origin             Length             Attributes
int_flash_interrupts 0x00000000         0x00000400
int_flash_config 0x00000400         0x00000010
int_flash        0x00000410         0x0001fbf0
int_sram_results 0x1ffffc00         0x00000100
int_sram         0x1ffffd00         0x00002b00
int_sram_stack_c0 0x20002800         0x00001000
ram_rsvd2        0x20003800         0x00000000
*default*        0x00000000         0xffffffff

Linker script and memory map

LOAD ./Project_Settings/Startup_Code/Vector_Table.o
LOAD ./Project_Settings/Startup_Code/exceptions.o
LOAD ./Project_Settings/Startup_Code/nvic.o
LOAD ./Project_Settings/Startup_Code/startup.o
LOAD ./Project_Settings/Startup_Code/startup_cm0p.o
LOAD ./Project_Settings/Startup_Code/system.o
LOAD ./RTD/src/Cache_Ip.o
LOAD ./RTD/src/Cache_Ip_HwAcc_Lmem.o
LOAD ./RTD/src/Clock_Ip.o
LOAD ./RTD/src/Clock_Ip_Data.o
LOAD ./RTD/src/Clock_Ip_Divider.o
LOAD ./RTD/src/Clock_Ip_DividerTrigger.o
LOAD ./RTD/src/Clock_Ip_ExtOsc.o
LOAD ./RTD/src/Clock_Ip_FracDiv.o
LOAD ./RTD/src/Clock_Ip_Frequency.o
LOAD ./RTD/src/Clock_Ip_Gate.o
LOAD ./RTD/src/Clock_Ip_IntOsc.o
LOAD ./RTD/src/Clock_Ip_Irq.o
LOAD ./RTD/src/Clock_Ip_Monitor.o
LOAD ./RTD/src/Clock_Ip_Pll.o
LOAD ./RTD/src/Clock_Ip_ProgFreqSwitch.o
LOAD ./RTD/src/Clock_Ip_Selector.o
LOAD ./RTD/src/Clock_Ip_Specific.o
LOAD ./RTD/src/Det.o
LOAD ./RTD/src/Ftfc_Mem_InFls_Ip.o
LOAD ./RTD/src/Ftfc_Mem_InFls_Ip_Ac.o
LOAD ./RTD/src/OsIf_Interrupts.o
LOAD ./RTD/src/OsIf_Timer.o
LOAD ./RTD/src/OsIf_Timer_System.o
LOAD ./RTD/src/OsIf_Timer_System_Internal_Systick.o
LOAD ./RTD/src/Port_Ci_Port_Ip.o
LOAD ./RTD/src/SchM_Mcl.o
LOAD ./RTD/src/SchM_Mcu.o
LOAD ./RTD/src/SchM_Port.o
LOAD ./board/Port_Ci_Port_Ip_Cfg.o
LOAD ./generate/src/Clock_Ip_Cfg.o
LOAD ./generate/src/Ftfc_Mem_InFls_Ip_Cfg.o
LOAD ./generate/src/OsIf_Cfg.o
LOAD ./src/main.o
LOAD c:/nxp/s32ds.3.6.0/s32ds/build_tools/gcc_v10.2/gcc-10.2-arm32-eabi/bin/../lib/gcc/arm-none-eabi/10.2.0/../../../../arm-none-eabi/lib/thumb/v6-m/nofp\libc_nano.a
LOAD c:/nxp/s32ds.3.6.0/s32ds/build_tools/gcc_v10.2/gcc-10.2-arm32-eabi/bin/../lib/gcc/arm-none-eabi/10.2.0/../../../../arm-none-eabi/lib/thumb/v6-m/nofp\libm.a
LOAD c:/nxp/s32ds.3.6.0/s32ds/build_tools/gcc_v10.2/gcc-10.2-arm32-eabi/bin/../lib/gcc/arm-none-eabi/10.2.0/thumb/v6-m/nofp\libgcc.a
LOAD c:/nxp/s32ds.3.6.0/s32ds/build_tools/gcc_v10.2/gcc-10.2-arm32-eabi/bin/../lib/gcc/arm-none-eabi/10.2.0/../../../../arm-none-eabi/lib/thumb/v6-m/nofp\libc_nano.a
LOAD c:/nxp/s32ds.3.6.0/s32ds/build_tools/gcc_v10.2/gcc-10.2-arm32-eabi/bin/../lib/gcc/arm-none-eabi/10.2.0/../../../../arm-none-eabi/lib/thumb/v6-m/nofp\libm.a
LOAD c:/nxp/s32ds.3.6.0/s32ds/build_tools/gcc_v10.2/gcc-10.2-arm32-eabi/bin/../lib/gcc/arm-none-eabi/10.2.0/thumb/v6-m/nofp\libgcc.a
START GROUP
LOAD c:/nxp/s32ds.3.6.0/s32ds/build_tools/gcc_v10.2/gcc-10.2-arm32-eabi/bin/../lib/gcc/arm-none-eabi/10.2.0/thumb/v6-m/nofp\libgcc.a
LOAD c:/nxp/s32ds.3.6.0/s32ds/build_tools/gcc_v10.2/gcc-10.2-arm32-eabi/bin/../lib/gcc/arm-none-eabi/10.2.0/../../../../arm-none-eabi/lib/thumb/v6-m/nofp\libg_nano.a
LOAD c:/nxp/s32ds.3.6.0/s32ds/build_tools/gcc_v10.2/gcc-10.2-arm32-eabi/bin/../lib/gcc/arm-none-eabi/10.2.0/../../../../arm-none-eabi/lib/thumb/v6-m/nofp\libc_nano.a
END GROUP
START GROUP
LOAD c:/nxp/s32ds.3.6.0/s32ds/build_tools/gcc_v10.2/gcc-10.2-arm32-eabi/bin/../lib/gcc/arm-none-eabi/10.2.0/thumb/v6-m/nofp\libgcc.a
LOAD c:/nxp/s32ds.3.6.0/s32ds/build_tools/gcc_v10.2/gcc-10.2-arm32-eabi/bin/../lib/gcc/arm-none-eabi/10.2.0/../../../../arm-none-eabi/lib/thumb/v6-m/nofp\libc_nano.a
LOAD c:/nxp/s32ds.3.6.0/s32ds/build_tools/gcc_v10.2/gcc-10.2-arm32-eabi/bin/../lib/gcc/arm-none-eabi/10.2.0/../../../../arm-none-eabi/lib/thumb/v6-m/nofp\libnosys.a
END GROUP
START GROUP
LOAD c:/nxp/s32ds.3.6.0/s32ds/build_tools/gcc_v10.2/gcc-10.2-arm32-eabi/bin/../lib/gcc/arm-none-eabi/10.2.0/thumb/v6-m/nofp\libgcc.a
LOAD c:/nxp/s32ds.3.6.0/s32ds/build_tools/gcc_v10.2/gcc-10.2-arm32-eabi/bin/../lib/gcc/arm-none-eabi/10.2.0/../../../../arm-none-eabi/lib/thumb/v6-m/nofp\libc_nano.a
LOAD c:/nxp/s32ds.3.6.0/s32ds/build_tools/gcc_v10.2/gcc-10.2-arm32-eabi/bin/../lib/gcc/arm-none-eabi/10.2.0/../../../../arm-none-eabi/lib/thumb/v6-m/nofp\libnosys.a
END GROUP
                0x00000200                HEAP_SIZE = DEFINED (__heap_size__)?__heap_size__:0x200

.flash_interrupts
                0x00000000      0x310
                0x00000000                . = ALIGN (0x100)
                0x00000000                __interrupts_rom_start = .
 *(.intc_vector)
 .intc_vector   0x00000000      0x310 ./Project_Settings/Startup_Code/Vector_Table.o
                0x00000000                VTABLE
                0x00000310                . = ALIGN (0x4)
                0x00000310                __interrupts_rom_end = .

.flash_config   0x00000400       0x10
 *(.flash_config)
 .flash_config  0x00000400       0x10 ./Project_Settings/Startup_Code/startup_cm0p.o

.flash          0x00000410     0x5590
                0x00000410                . = ALIGN (0x4)
 *(.startup)
 .startup       0x00000410       0xac ./Project_Settings/Startup_Code/startup_cm0p.o
                0x00000410                Reset_Handler
                0x00000410                _start
                0x0000047c                MCAL_LTB_TRACE_OFF
                0x0000047e                _end_of_eunit_test
                0x000004bc                . = ALIGN (0x4)
 *(.systeminit)
 .systeminit    0x000004bc        0x2 ./Project_Settings/Startup_Code/exceptions.o
                0x000004bc                NMI_Handler
 *fill*         0x000004be        0x2 
 .systeminit    0x000004c0       0x70 ./Project_Settings/Startup_Code/system.o
                0x000004c0                SystemInit
                0x00000530                . = ALIGN (0x4)
 *(.text.startup)
 .text.startup  0x00000530       0xb0 ./src/main.o
                0x00000530                main
                0x000005e0                . = ALIGN (0x4)
 *(.text)
 .text          0x000005e0        0x0 ./Project_Settings/Startup_Code/Vector_Table.o
 .text          0x000005e0       0x12 ./Project_Settings/Startup_Code/exceptions.o
                0x000005e0                HardFault_Handler
                0x000005e2                SVC_Handler
                0x000005e4                MemManage_Handler
                0x000005e6                BusFault_Handler
                0x000005e8                UsageFault_Handler
                0x000005ea                DebugMon_Handler
                0x000005ec                PendSV_Handler
                0x000005ee                SysTick_Handler
                0x000005f0                undefined_handler
 *fill*         0x000005f2        0x2 
 .text          0x000005f4       0x5c ./Project_Settings/Startup_Code/nvic.o
                0x000005f4                NVIC_EnableIRQ
                0x00000608                NVIC_DisableIRQ
                0x0000061c                NVIC_SetPriority
 .text          0x00000650       0x50 ./Project_Settings/Startup_Code/startup.o
                0x00000650                init_data_bss
 .text          0x000006a0        0x0 ./Project_Settings/Startup_Code/startup_cm0p.o
 .text          0x000006a0        0x8 ./Project_Settings/Startup_Code/system.o
                0x000006a0                startup_go_to_user_mode
                0x000006a2                default_interrupt_routine
                0x000006a4                Sys_GetCoreID
 .text          0x000006a8        0x0 ./RTD/src/Cache_Ip.o
 .text          0x000006a8        0x0 ./RTD/src/Cache_Ip_HwAcc_Lmem.o
 .text          0x000006a8        0x0 ./RTD/src/Clock_Ip.o
 .text          0x000006a8        0x0 ./RTD/src/Clock_Ip_Data.o
 .text          0x000006a8        0x0 ./RTD/src/Clock_Ip_Divider.o
 .text          0x000006a8        0x0 ./RTD/src/Clock_Ip_DividerTrigger.o
 .text          0x000006a8        0x0 ./RTD/src/Clock_Ip_ExtOsc.o
 .text          0x000006a8        0x0 ./RTD/src/Clock_Ip_FracDiv.o
 .text          0x000006a8        0x0 ./RTD/src/Clock_Ip_Frequency.o
 .text          0x000006a8        0x0 ./RTD/src/Clock_Ip_Gate.o
 .text          0x000006a8        0x0 ./RTD/src/Clock_Ip_IntOsc.o
 .text          0x000006a8        0x0 ./RTD/src/Clock_Ip_Irq.o
 .text          0x000006a8        0x0 ./RTD/src/Clock_Ip_Monitor.o
 .text          0x000006a8        0x0 ./RTD/src/Clock_Ip_Pll.o
 .text          0x000006a8        0x0 ./RTD/src/Clock_Ip_ProgFreqSwitch.o
 .text          0x000006a8        0x0 ./RTD/src/Clock_Ip_Selector.o
 .text          0x000006a8        0x0 ./RTD/src/Clock_Ip_Specific.o
 .text          0x000006a8        0x0 ./RTD/src/Det.o
 .text          0x000006a8       0x16 ./RTD/src/Ftfc_Mem_InFls_Ip.o
 .text          0x000006be        0x0 ./RTD/src/Ftfc_Mem_InFls_Ip_Ac.o
 .text          0x000006be        0x0 ./RTD/src/OsIf_Interrupts.o
 .text          0x000006be        0x0 ./RTD/src/OsIf_Timer.o
 .text          0x000006be        0x0 ./RTD/src/OsIf_Timer_System.o
 .text          0x000006be        0x0 ./RTD/src/OsIf_Timer_System_Internal_Systick.o
 .text          0x000006be       0x16 ./RTD/src/Port_Ci_Port_Ip.o
 .text          0x000006d4        0x6 ./RTD/src/SchM_Mcl.o
                0x000006d4                Mcl_schm_read_msr
 .text          0x000006da        0x6 ./RTD/src/SchM_Mcu.o
                0x000006da                Mcu_schm_read_msr
 .text          0x000006e0        0x6 ./RTD/src/SchM_Port.o
                0x000006e0                Port_schm_read_msr
 .text          0x000006e6        0x0 ./board/Port_Ci_Port_Ip_Cfg.o
 .text          0x000006e6        0x0 ./generate/src/Clock_Ip_Cfg.o
 .text          0x000006e6        0x0 ./generate/src/Ftfc_Mem_InFls_Ip_Cfg.o
 .text          0x000006e6        0x0 ./generate/src/OsIf_Cfg.o
 .text          0x000006e6        0x0 ./src/main.o
 .text          0x000006e6        0x0 c:/nxp/s32ds.3.6.0/s32ds/build_tools/gcc_v10.2/gcc-10.2-arm32-eabi/bin/../lib/gcc/arm-none-eabi/10.2.0/../../../../arm-none-eabi/lib/thumb/v6-m/nofp\libc_nano.a(lib_a-memset.o)
 *fill*         0x000006e6        0x2 
 .text          0x000006e8      0x114 c:/nxp/s32ds.3.6.0/s32ds/build_tools/gcc_v10.2/gcc-10.2-arm32-eabi/bin/../lib/gcc/arm-none-eabi/10.2.0/thumb/v6-m/nofp\libgcc.a(_udivsi3.o)
                0x000006e8                __aeabi_uidiv
                0x000006e8                __udivsi3
                0x000007f4                __aeabi_uidivmod
 .text          0x000007fc      0x1d4 c:/nxp/s32ds.3.6.0/s32ds/build_tools/gcc_v10.2/gcc-10.2-arm32-eabi/bin/../lib/gcc/arm-none-eabi/10.2.0/thumb/v6-m/nofp\libgcc.a(_divsi3.o)
                0x000007fc                __divsi3
                0x000007fc                __aeabi_idiv
                0x000009c8                __aeabi_idivmod
 .text          0x000009d0        0x4 c:/nxp/s32ds.3.6.0/s32ds/build_tools/gcc_v10.2/gcc-10.2-arm32-eabi/bin/../lib/gcc/arm-none-eabi/10.2.0/thumb/v6-m/nofp\libgcc.a(_dvmd_tls.o)
                0x000009d0                __aeabi_idiv0
                0x000009d0                __aeabi_ldiv0
 *(.text*)
 .text.memset   0x000009d4       0x10 c:/nxp/s32ds.3.6.0/s32ds/build_tools/gcc_v10.2/gcc-10.2-arm32-eabi/bin/../lib/gcc/arm-none-eabi/10.2.0/../../../../arm-none-eabi/lib/thumb/v6-m/nofp\libc_nano.a(lib_a-memset.o)
                0x000009d4                memset
                0x000009e4                . = ALIGN (0x4)
 *(.mcal_text)
 .mcal_text     0x000009e4      0x850 ./RTD/src/Clock_Ip.o
                0x000009e6                Clock_Ip_InitClock
                0x00000f84                Clock_Ip_GetPllStatus
                0x0000101c                Clock_Ip_DistributePll
                0x0000110c                Clock_Ip_Init
                0x00001134                Clock_Ip_DisableClockMonitor
                0x0000115c                Clock_Ip_InstallNotificationsCallback
                0x00001168                Clock_Ip_DisableModuleClock
                0x00001194                Clock_Ip_EnableModuleClock
                0x000011c0                Clock_Ip_PowerModeChangeNotification
                0x000011e8                Clock_Ip_ReportClockErrors
                0x000011f8                Clock_Ip_StartTimeout
                0x00001218                Clock_Ip_TimeoutExpired
 .mcal_text     0x00001234      0x1e4 ./RTD/src/Clock_Ip_Divider.o
                0x00001236                Clock_Ip_SetScgAsyncDiv1_TrustedCall
                0x00001274                Clock_Ip_SetScgAsyncDiv2_TrustedCall
                0x000012b8                Clock_Ip_SetScgRunDivcore_TrustedCall
                0x000012e0                Clock_Ip_SetScgRunDivbus_TrustedCall
                0x00001308                Clock_Ip_SetScgRunDivslow_TrustedCall
                0x0000132c                Clock_Ip_SetScgVlprDivcore_TrustedCall
                0x00001354                Clock_Ip_SetScgVlprDivbus_TrustedCall
                0x0000137c                Clock_Ip_SetScgVlprDivslow_TrustedCall
                0x000013a0                Clock_Ip_SetSimClkoutDiv_TrustedCall
                0x000013d0                Clock_Ip_SetPccPcdDivFrac_TrustedCall
 .mcal_text     0x00001418        0x2 ./RTD/src/Clock_Ip_DividerTrigger.o
 *fill*         0x0000141a        0x2 
 .mcal_text     0x0000141c      0x16c ./RTD/src/Clock_Ip_ExtOsc.o
                0x00001470                Clock_Ip_ResetSOSC_TrustedCall
                0x000014b0                Clock_Ip_SetSOSC_TrustedCall
                0x00001550                Clock_Ip_DisableSOSC_TrustedCall
                0x00001568                Clock_Ip_EnableSOSC_TrustedCall
 .mcal_text     0x00001588        0x6 ./RTD/src/Clock_Ip_FracDiv.o
 .mcal_text     0x0000158e        0x2 ./RTD/src/Clock_Ip_Frequency.o
                0x0000158e                Clock_Ip_SetExternalSignalFrequency
 .mcal_text     0x00001590      0x14c ./RTD/src/Clock_Ip_Gate.o
                0x00001594                Clock_Ip_ClockSetSimLPO1KEnable_TrustedCall
                0x000015cc                Clock_Ip_ClockSetSimLPO32KEnable_TrustedCall
                0x00001604                Clock_Ip_ClockSetSimClkoutEnable_TrustedCall
                0x00001640                Clock_Ip_ClockSetPccCgcEnable_TrustedCall
                0x00001690                Clock_Ip_ClockSetSimGate_TrustedCall
 .mcal_text     0x000016dc      0x43c ./RTD/src/Clock_Ip_IntOsc.o
                0x00001738                Clock_Ip_SetSirc_TrustedCall
                0x000017dc                Clock_Ip_EnableSirc_TrustedCall
                0x00001844                Clock_Ip_DisableSirc_TrustedCall
                0x00001868                Clock_Ip_SetSircVlp_TrustedCall
                0x000018a4                Clock_Ip_EnableSircVlp_TrustedCall
                0x000018cc                Clock_Ip_DisableSircVlp_TrustedCall
                0x000018e8                Clock_Ip_SetSircStop_TrustedCall
                0x00001924                Clock_Ip_EnableSircStop_TrustedCall
                0x0000194c                Clock_Ip_DisableSircStop_TrustedCall
                0x00001968                Clock_Ip_SetFirc_TrustedCall
                0x00001a98                Clock_Ip_EnableFirc_TrustedCall
                0x00001afc                Clock_Ip_DisableFirc_TrustedCall
 .mcal_text     0x00001b18        0x8 ./RTD/src/Clock_Ip_Irq.o
                0x00001b18                Mcu_Cmu_ClockFail_IRQHandler
 .mcal_text     0x00001b20      0x24c ./RTD/src/Clock_Ip_Monitor.o
                0x00001d16                Clock_Ip_CMU_GetInterruptStatus
                0x00001d28                Clock_Ip_CMU_ClockFailInt
 .mcal_text     0x00001d6c        0x8 ./RTD/src/Clock_Ip_Pll.o
 .mcal_text     0x00001d74        0x2 ./RTD/src/Clock_Ip_ProgFreqSwitch.o
 *fill*         0x00001d76        0x2 
 .mcal_text     0x00001d78      0x30c ./RTD/src/Clock_Ip_Selector.o
                0x00001d7a                Clock_Ip_ResetScgRunSel_TrustedCall
                0x00001dac                Clock_Ip_SetScgRunSel_TrustedCall
                0x00001de0                Clock_Ip_SetScgVlprSel_TrustedCall
                0x00001e14                Clock_Ip_ResetSimRtcSel_TrustedCall
                0x00001e3c                Clock_Ip_SetSimRtcSel_TrustedCall
                0x00001e68                Clock_Ip_ResetSimLpoSel_TrustedCall
                0x00001e90                Clock_Ip_SetSimLpoSel_TrustedCall
                0x00001ebc                Clock_Ip_ResetScgClkoutSel_TrustedCall
                0x00001ee8                Clock_Ip_SetScgClkoutSel_TrustedCall
                0x00001f18                Clock_Ip_ResetSimFtmoptSel_TrustedCall
                0x00001f64                Clock_Ip_SetSimFtmoptSel_TrustedCall
                0x00001fb0                Clock_Ip_ResetSimClkoutSel_TrustedCall
                0x00001fd0                Clock_Ip_SetSimClkoutSel_TrustedCall
                0x00001ffc                Clock_Ip_ResetPccPcsSelect_TrustedCall
                0x0000203c                Clock_Ip_SetPccPcsSelect_TrustedCall
 .mcal_text     0x00002084      0x794 ./RTD/src/Clock_Ip_Specific.o
                0x00002084                SetFircToResetValue_TrustedCall
                0x000020a0                SetSimLpoclksRegister_TrustedCall
                0x0000210c                Clock_Ip_EnableCmu0Gate_TrustedCall
                0x00002130                Clock_Ip_EnableCmu1Gate_TrustedCall
                0x00002154                Clock_Ip_ClockPowerModeChangeNotification
                0x000022e4                Clock_Ip_Command
 .mcal_text     0x00002818       0xa4 ./RTD/src/Det.o
                0x00002818                Det_Init
                0x0000281a                Det_ReportError
                0x00002850                Det_ReportRuntimeError
                0x00002884                Det_ReportTransientFault
                0x000028b8                Det_Start
 .mcal_text     0x000028bc      0x814 ./RTD/src/Ftfc_Mem_InFls_Ip.o
                0x00002a50                Ftfc_Mem_InFls_Ip_Init
                0x00002aa8                Ftfc_Mem_InFls_Ip_Abort
                0x00002ab6                Ftfc_Mem_InFls_Ip_SectorErase
                0x00002bbc                Ftfc_Mem_InFls_Ip_EraseSuspend
                0x00002c0c                Ftfc_Mem_InFls_Ip_EraseResume
                0x00002c60                Ftfc_Mem_InFls_Ip_CtrlStatus
                0x00002cb0                Ftfc_Mem_InFls_Ip_GetBlockNumberFromAddress
                0x00002ce4                Ftfc_Mem_InFls_Ip_ReportEccUnCorrectedError
                0x00002cf0                Ftfc_Mem_InFls_Ip_SetLoadAcStatus
                0x00002cfc                Ftfc_Mem_InFls_Ip_Read
                0x00002dd4                Ftfc_Mem_InFls_Ip_Compare
                0x00002efc                Ftfc_Mem_InFls_Ip_SectorEraseStatus
                0x00002f34                Ftfc_Mem_InFls_Ip_Write
                0x00003090                Ftfc_Mem_InFls_Ip_WriteStatus
 .mcal_text     0x000030d0       0x22 ./RTD/src/OsIf_Timer.o
                0x000030d0                OsIf_Init
                0x000030da                OsIf_GetCounter
                0x000030de                OsIf_GetElapsed
                0x000030e4                OsIf_SetTimerFrequency
                0x000030e6                OsIf_MicrosToTicks
 *fill*         0x000030f2        0x2 
 .mcal_text     0x000030f4       0x50 ./RTD/src/OsIf_Timer_System_Internal_Systick.o
                0x000030f4                OsIf_Timer_System_Internal_Init
                0x00003110                OsIf_Timer_System_Internal_GetCounter
                0x00003120                OsIf_Timer_System_Internal_GetElapsed
 .mcal_text     0x00003144      0x210 ./RTD/src/Port_Ci_Port_Ip.o
                0x00003144                Port_Ci_Port_Ip_Init
                0x00003264                Port_Ci_Port_Ip_SetMuxModeSel
                0x000032ac                Port_Ci_Port_Ip_EnableDigitalFilter
                0x000032d6                Port_Ci_Port_Ip_DisableDigitalFilter
                0x00003300                Port_Ci_Port_Ip_ConfigDigitalFilter
                0x0000332c                Port_Ci_Port_Ip_SetGlobalPinControl
 .mcal_text     0x00003354     0x10e4 ./RTD/src/SchM_Mcl.o
                0x00003354                SchM_Enter_Mcl_MCL_EXCLUSIVE_AREA_00
                0x00003384                SchM_Exit_Mcl_MCL_EXCLUSIVE_AREA_00
                0x000033b0                SchM_Enter_Mcl_MCL_EXCLUSIVE_AREA_01
                0x000033e0                SchM_Exit_Mcl_MCL_EXCLUSIVE_AREA_01
                0x0000340c                SchM_Enter_Mcl_MCL_EXCLUSIVE_AREA_02
                0x0000343c                SchM_Exit_Mcl_MCL_EXCLUSIVE_AREA_02
                0x00003468                SchM_Enter_Mcl_MCL_EXCLUSIVE_AREA_03
                0x00003498                SchM_Exit_Mcl_MCL_EXCLUSIVE_AREA_03
                0x000034c4                SchM_Enter_Mcl_MCL_EXCLUSIVE_AREA_04
                0x000034f4                SchM_Exit_Mcl_MCL_EXCLUSIVE_AREA_04
                0x00003520                SchM_Enter_Mcl_MCL_EXCLUSIVE_AREA_05
                0x00003550                SchM_Exit_Mcl_MCL_EXCLUSIVE_AREA_05
                0x0000357c                SchM_Enter_Mcl_MCL_EXCLUSIVE_AREA_06
                0x000035ac                SchM_Exit_Mcl_MCL_EXCLUSIVE_AREA_06
                0x000035d8                SchM_Enter_Mcl_MCL_EXCLUSIVE_AREA_07
                0x00003608                SchM_Exit_Mcl_MCL_EXCLUSIVE_AREA_07
                0x00003634                SchM_Enter_Mcl_MCL_EXCLUSIVE_AREA_08
                0x00003664                SchM_Exit_Mcl_MCL_EXCLUSIVE_AREA_08
                0x00003690                SchM_Enter_Mcl_MCL_EXCLUSIVE_AREA_09
                0x000036c0                SchM_Exit_Mcl_MCL_EXCLUSIVE_AREA_09
                0x000036ec                SchM_Enter_Mcl_MCL_EXCLUSIVE_AREA_10
                0x0000371c                SchM_Exit_Mcl_MCL_EXCLUSIVE_AREA_10
                0x00003748                SchM_Enter_Mcl_MCL_EXCLUSIVE_AREA_11
                0x00003778                SchM_Exit_Mcl_MCL_EXCLUSIVE_AREA_11
                0x000037a4                SchM_Enter_Mcl_MCL_EXCLUSIVE_AREA_12
                0x000037d4                SchM_Exit_Mcl_MCL_EXCLUSIVE_AREA_12
                0x00003800                SchM_Enter_Mcl_MCL_EXCLUSIVE_AREA_13
                0x00003830                SchM_Exit_Mcl_MCL_EXCLUSIVE_AREA_13
                0x0000385c                SchM_Enter_Mcl_MCL_EXCLUSIVE_AREA_14
                0x0000388c                SchM_Exit_Mcl_MCL_EXCLUSIVE_AREA_14
                0x000038b8                SchM_Enter_Mcl_MCL_EXCLUSIVE_AREA_15
                0x000038e8                SchM_Exit_Mcl_MCL_EXCLUSIVE_AREA_15
                0x00003914                SchM_Enter_Mcl_MCL_EXCLUSIVE_AREA_16
                0x00003944                SchM_Exit_Mcl_MCL_EXCLUSIVE_AREA_16
                0x00003970                SchM_Enter_Mcl_MCL_EXCLUSIVE_AREA_17
                0x000039a0                SchM_Exit_Mcl_MCL_EXCLUSIVE_AREA_17
                0x000039cc                SchM_Enter_Mcl_MCL_EXCLUSIVE_AREA_18
                0x000039fc                SchM_Exit_Mcl_MCL_EXCLUSIVE_AREA_18
                0x00003a28                SchM_Enter_Mcl_MCL_EXCLUSIVE_AREA_19
                0x00003a58                SchM_Exit_Mcl_MCL_EXCLUSIVE_AREA_19
                0x00003a84                SchM_Enter_Mcl_MCL_EXCLUSIVE_AREA_20
                0x00003ab4                SchM_Exit_Mcl_MCL_EXCLUSIVE_AREA_20
                0x00003ae0                SchM_Enter_Mcl_MCL_EXCLUSIVE_AREA_21
                0x00003b10                SchM_Exit_Mcl_MCL_EXCLUSIVE_AREA_21
                0x00003b3c                SchM_Enter_Mcl_MCL_EXCLUSIVE_AREA_22
                0x00003b6c                SchM_Exit_Mcl_MCL_EXCLUSIVE_AREA_22
                0x00003b98                SchM_Enter_Mcl_MCL_EXCLUSIVE_AREA_23
                0x00003bc8                SchM_Exit_Mcl_MCL_EXCLUSIVE_AREA_23
                0x00003bf4                SchM_Enter_Mcl_MCL_EXCLUSIVE_AREA_24
                0x00003c24                SchM_Exit_Mcl_MCL_EXCLUSIVE_AREA_24
                0x00003c50                SchM_Enter_Mcl_MCL_EXCLUSIVE_AREA_25
                0x00003c80                SchM_Exit_Mcl_MCL_EXCLUSIVE_AREA_25
                0x00003cac                SchM_Enter_Mcl_MCL_EXCLUSIVE_AREA_26
                0x00003cdc                SchM_Exit_Mcl_MCL_EXCLUSIVE_AREA_26
                0x00003d08                SchM_Enter_Mcl_MCL_EXCLUSIVE_AREA_27
                0x00003d38                SchM_Exit_Mcl_MCL_EXCLUSIVE_AREA_27
                0x00003d64                SchM_Enter_Mcl_MCL_EXCLUSIVE_AREA_28
                0x00003d94                SchM_Exit_Mcl_MCL_EXCLUSIVE_AREA_28
                0x00003dc0                SchM_Enter_Mcl_MCL_EXCLUSIVE_AREA_29
                0x00003df0                SchM_Exit_Mcl_MCL_EXCLUSIVE_AREA_29
                0x00003e1c                SchM_Enter_Mcl_MCL_EXCLUSIVE_AREA_30
                0x00003e4c                SchM_Exit_Mcl_MCL_EXCLUSIVE_AREA_30
                0x00003e78                SchM_Enter_Mcl_MCL_EXCLUSIVE_AREA_31
                0x00003ea8                SchM_Exit_Mcl_MCL_EXCLUSIVE_AREA_31
                0x00003ed4                SchM_Enter_Mcl_MCL_EXCLUSIVE_AREA_32
                0x00003f04                SchM_Exit_Mcl_MCL_EXCLUSIVE_AREA_32
                0x00003f30                SchM_Enter_Mcl_MCL_EXCLUSIVE_AREA_33
                0x00003f60                SchM_Exit_Mcl_MCL_EXCLUSIVE_AREA_33
                0x00003f8c                SchM_Enter_Mcl_MCL_EXCLUSIVE_AREA_34
                0x00003fbc                SchM_Exit_Mcl_MCL_EXCLUSIVE_AREA_34
                0x00003fe8                SchM_Enter_Mcl_MCL_EXCLUSIVE_AREA_35
                0x00004018                SchM_Exit_Mcl_MCL_EXCLUSIVE_AREA_35
                0x00004044                SchM_Enter_Mcl_MCL_EXCLUSIVE_AREA_36
                0x00004074                SchM_Exit_Mcl_MCL_EXCLUSIVE_AREA_36
                0x000040a0                SchM_Enter_Mcl_MCL_EXCLUSIVE_AREA_37
                0x000040d0                SchM_Exit_Mcl_MCL_EXCLUSIVE_AREA_37
                0x000040fc                SchM_Enter_Mcl_MCL_EXCLUSIVE_AREA_38
                0x0000412c                SchM_Exit_Mcl_MCL_EXCLUSIVE_AREA_38
                0x00004158                SchM_Enter_Mcl_MCL_EXCLUSIVE_AREA_39
                0x00004188                SchM_Exit_Mcl_MCL_EXCLUSIVE_AREA_39
                0x000041b4                SchM_Enter_Mcl_MCL_EXCLUSIVE_AREA_40
                0x000041e4                SchM_Exit_Mcl_MCL_EXCLUSIVE_AREA_40
                0x00004210                SchM_Enter_Mcl_MCL_EXCLUSIVE_AREA_41
                0x00004240                SchM_Exit_Mcl_MCL_EXCLUSIVE_AREA_41
                0x0000426c                SchM_Enter_Mcl_MCL_EXCLUSIVE_AREA_42
                0x0000429c                SchM_Exit_Mcl_MCL_EXCLUSIVE_AREA_42
                0x000042c8                SchM_Enter_Mcl_MCL_EXCLUSIVE_AREA_43
                0x000042f8                SchM_Exit_Mcl_MCL_EXCLUSIVE_AREA_43
                0x00004324                SchM_Enter_Mcl_MCL_EXCLUSIVE_AREA_44
                0x00004354                SchM_Exit_Mcl_MCL_EXCLUSIVE_AREA_44
                0x00004380                SchM_Enter_Mcl_MCL_EXCLUSIVE_AREA_45
                0x000043b0                SchM_Exit_Mcl_MCL_EXCLUSIVE_AREA_45
                0x000043dc                SchM_Enter_Mcl_MCL_EXCLUSIVE_AREA_46
                0x0000440c                SchM_Exit_Mcl_MCL_EXCLUSIVE_AREA_46
 .mcal_text     0x00004438      0x114 ./RTD/src/SchM_Mcu.o
                0x00004438                SchM_Enter_Mcu_MCU_EXCLUSIVE_AREA_00
                0x00004468                SchM_Exit_Mcu_MCU_EXCLUSIVE_AREA_00
                0x00004494                SchM_Enter_Mcu_MCU_EXCLUSIVE_AREA_01
                0x000044c4                SchM_Exit_Mcu_MCU_EXCLUSIVE_AREA_01
                0x000044f0                SchM_Enter_Mcu_MCU_EXCLUSIVE_AREA_02
                0x00004520                SchM_Exit_Mcu_MCU_EXCLUSIVE_AREA_02
 .mcal_text     0x0000454c      0xa10 ./RTD/src/SchM_Port.o
                0x0000454c                SchM_Enter_Port_PORT_EXCLUSIVE_AREA_00
                0x0000457c                SchM_Exit_Port_PORT_EXCLUSIVE_AREA_00
                0x000045a8                SchM_Enter_Port_PORT_EXCLUSIVE_AREA_01
                0x000045d8                SchM_Exit_Port_PORT_EXCLUSIVE_AREA_01
                0x00004604                SchM_Enter_Port_PORT_EXCLUSIVE_AREA_02
                0x00004634                SchM_Exit_Port_PORT_EXCLUSIVE_AREA_02
                0x00004660                SchM_Enter_Port_PORT_EXCLUSIVE_AREA_03
                0x00004690                SchM_Exit_Port_PORT_EXCLUSIVE_AREA_03
                0x000046bc                SchM_Enter_Port_PORT_EXCLUSIVE_AREA_04
                0x000046ec                SchM_Exit_Port_PORT_EXCLUSIVE_AREA_04
                0x00004718                SchM_Enter_Port_PORT_EXCLUSIVE_AREA_05
                0x00004748                SchM_Exit_Port_PORT_EXCLUSIVE_AREA_05
                0x00004774                SchM_Enter_Port_PORT_EXCLUSIVE_AREA_06
                0x000047a4                SchM_Exit_Port_PORT_EXCLUSIVE_AREA_06
                0x000047d0                SchM_Enter_Port_PORT_EXCLUSIVE_AREA_07
                0x00004800                SchM_Exit_Port_PORT_EXCLUSIVE_AREA_07
                0x0000482c                SchM_Enter_Port_PORT_EXCLUSIVE_AREA_08
                0x0000485c                SchM_Exit_Port_PORT_EXCLUSIVE_AREA_08
                0x00004888                SchM_Enter_Port_PORT_EXCLUSIVE_AREA_09
                0x000048b8                SchM_Exit_Port_PORT_EXCLUSIVE_AREA_09
                0x000048e4                SchM_Enter_Port_PORT_EXCLUSIVE_AREA_10
                0x00004914                SchM_Exit_Port_PORT_EXCLUSIVE_AREA_10
                0x00004940                SchM_Enter_Port_PORT_EXCLUSIVE_AREA_11
                0x00004970                SchM_Exit_Port_PORT_EXCLUSIVE_AREA_11
                0x0000499c                SchM_Enter_Port_PORT_EXCLUSIVE_AREA_12
                0x000049cc                SchM_Exit_Port_PORT_EXCLUSIVE_AREA_12
                0x000049f8                SchM_Enter_Port_PORT_EXCLUSIVE_AREA_13
                0x00004a28                SchM_Exit_Port_PORT_EXCLUSIVE_AREA_13
                0x00004a54                SchM_Enter_Port_PORT_EXCLUSIVE_AREA_14
                0x00004a84                SchM_Exit_Port_PORT_EXCLUSIVE_AREA_14
                0x00004ab0                SchM_Enter_Port_PORT_EXCLUSIVE_AREA_15
                0x00004ae0                SchM_Exit_Port_PORT_EXCLUSIVE_AREA_15
                0x00004b0c                SchM_Enter_Port_PORT_EXCLUSIVE_AREA_16
                0x00004b3c                SchM_Exit_Port_PORT_EXCLUSIVE_AREA_16
                0x00004b68                SchM_Enter_Port_PORT_EXCLUSIVE_AREA_17
                0x00004b98                SchM_Exit_Port_PORT_EXCLUSIVE_AREA_17
                0x00004bc4                SchM_Enter_Port_PORT_EXCLUSIVE_AREA_18
                0x00004bf4                SchM_Exit_Port_PORT_EXCLUSIVE_AREA_18
                0x00004c20                SchM_Enter_Port_PORT_EXCLUSIVE_AREA_19
                0x00004c50                SchM_Exit_Port_PORT_EXCLUSIVE_AREA_19
                0x00004c7c                SchM_Enter_Port_PORT_EXCLUSIVE_AREA_20
                0x00004cac                SchM_Exit_Port_PORT_EXCLUSIVE_AREA_20
                0x00004cd8                SchM_Enter_Port_PORT_EXCLUSIVE_AREA_21
                0x00004d08                SchM_Exit_Port_PORT_EXCLUSIVE_AREA_21
                0x00004d34                SchM_Enter_Port_PORT_EXCLUSIVE_AREA_22
                0x00004d64                SchM_Exit_Port_PORT_EXCLUSIVE_AREA_22
                0x00004d90                SchM_Enter_Port_PORT_EXCLUSIVE_AREA_23
                0x00004dc0                SchM_Exit_Port_PORT_EXCLUSIVE_AREA_23
                0x00004dec                SchM_Enter_Port_PORT_EXCLUSIVE_AREA_24
                0x00004e1c                SchM_Exit_Port_PORT_EXCLUSIVE_AREA_24
                0x00004e48                SchM_Enter_Port_PORT_EXCLUSIVE_AREA_25
                0x00004e78                SchM_Exit_Port_PORT_EXCLUSIVE_AREA_25
                0x00004ea4                SchM_Enter_Port_PORT_EXCLUSIVE_AREA_26
                0x00004ed4                SchM_Exit_Port_PORT_EXCLUSIVE_AREA_26
                0x00004f00                SchM_Enter_Port_PORT_EXCLUSIVE_AREA_27
                0x00004f30                SchM_Exit_Port_PORT_EXCLUSIVE_AREA_27
                0x00004f5c                . = ALIGN (0x4)
                0x00004f5c                acfls_code_rom_start = .
                0x00004f5c                . = ALIGN (0x4)
 *(.acfls_code_rom)
 .acfls_code_rom
                0x00004f5c       0x4c ./RTD/src/Ftfc_Mem_InFls_Ip_Ac.o
                0x00004f5c                Ftfc_Mem_InFls_Ip_AccessCode
 .acfls_code_rom.__stub
                0x00004fa8       0x10 linker stubs
                0x00004fb8                . = ALIGN (0x4)
 *(.acmem_43_INFLS_code_rom)
                0x00004fb8                . = ALIGN (0x4)
                0x00004fb8                acfls_code_rom_end = .
 *(.init)
                0x00004fb8                . = ALIGN (0x4)
 *(.fini)
                0x00004fb8                . = ALIGN (0x4)
 *(.rodata)
 *(.rodata*)
                0x00004fb8                . = ALIGN (0x4)
 *(.mcal_const_cfg)
 .mcal_const_cfg
                0x00004fb8      0x34c ./generate/src/Clock_Ip_Cfg.o
                0x00004fb8                Clock_Ip_aClockConfig
 .mcal_const_cfg
                0x00005304        0x8 ./generate/src/Ftfc_Mem_InFls_Ip_Cfg.o
                0x00005304                Ftfc_Mem_InFls_Ip_InitCfg
                0x0000530c                . = ALIGN (0x4)
 *(.mcal_const)
 .mcal_const    0x0000530c      0x4cd ./RTD/src/Clock_Ip_Data.o
                0x0000530c                Clock_Ip_aeHwDfsName
                0x00005310                Clock_Ip_aeHwPllName
                0x00005314                Clock_Ip_aeSourceTypeClockName
                0x000053ac                Clock_Ip_axCmuInfo
                0x000053cc                Clock_Ip_aeCmuNames
                0x000053d4                Clock_Ip_apxCmu
                0x000053dc                Clock_Ip_apxScgPeriphAsyncDivs
                0x000053e8                Clock_Ip_au8DividerValueHardwareValue
                0x00005429                Clock_Ip_au8SelectorEntrySIMHardwareValue
                0x0000544f                Clock_Ip_au8SelectorEntryPcsHardwareValue
                0x00005475                Clock_Ip_au8SelectorEntryScsHardwareValue
                0x0000549b                Clock_Ip_au16SelectorEntryHardwareValue
                0x000054e3                Clock_Ip_au8ClockFeatures
                0x0000576b                Clock_Ip_au8CmuCallbackIndex
                0x00005776                Clock_Ip_au8PcfsCallbackIndex
                0x00005781                Clock_Ip_au8SelectorCallbackIndex
                0x0000578c                Clock_Ip_au8PllCallbackIndex
                0x00005797                Clock_Ip_au8FractionalDividerCallbackIndex
                0x000057a2                Clock_Ip_au8GateCallbackIndex
                0x000057ad                Clock_Ip_au8IrcoscCallbackIndex
                0x000057b8                Clock_Ip_au8XoscCallbackIndex
                0x000057c3                Clock_Ip_au8DividerTriggerCallbackIndex
                0x000057ce                Clock_Ip_au8DividerCallbackIndex
 *fill*         0x000057d9        0x3 
 .mcal_const    0x000057dc       0x2c ./RTD/src/Clock_Ip_Divider.o
                0x000057dc                Clock_Ip_axDividerCallbacks
 .mcal_const    0x00005808        0x8 ./RTD/src/Clock_Ip_DividerTrigger.o
                0x00005808                Clock_Ip_axDividerTriggerCallbacks
 .mcal_const    0x00005810       0x28 ./RTD/src/Clock_Ip_ExtOsc.o
                0x00005810                Clock_Ip_axExtOscCallbacks
 .mcal_const    0x00005838        0xc ./RTD/src/Clock_Ip_FracDiv.o
                0x00005838                Clock_Ip_axFracDivCallbacks
 .mcal_const    0x00005844       0x30 ./RTD/src/Clock_Ip_Gate.o
                0x00005844                Clock_Ip_axGateCallbacks
 .mcal_const    0x00005874       0x3c ./RTD/src/Clock_Ip_IntOsc.o
                0x00005874                Clock_Ip_axIntOscCallbacks
 .mcal_const    0x000058b0       0x20 ./RTD/src/Clock_Ip_Monitor.o
                0x000058b0                Clock_Ip_axCmuCallbacks
 .mcal_const    0x000058d0       0x14 ./RTD/src/Clock_Ip_Pll.o
                0x000058d0                Clock_Ip_axPllCallbacks
 .mcal_const    0x000058e4        0x4 ./RTD/src/Clock_Ip_ProgFreqSwitch.o
                0x000058e4                Clock_Ip_axPcfsCallbacks
 .mcal_const    0x000058e8       0x48 ./RTD/src/Clock_Ip_Selector.o
                0x000058e8                Clock_Ip_axSelectorCallbacks
 .mcal_const    0x00005930       0x1c ./RTD/src/Clock_Ip_Specific.o
 .mcal_const    0x0000594c        0x4 ./RTD/src/Ftfc_Mem_InFls_Ip.o
                0x0000594c                FTFx_BaseAddress
 .mcal_const    0x00005950       0x28 ./RTD/src/Port_Ci_Port_Ip.o
                0x00005950                Port_au32PortCiGpioBaseAddr
                0x00005964                Port_au32PortCiPortBaseAddr
                0x00005978                . = ALIGN (0x4)
 *(.mcal_const_no_cacheable)
                0x00005978                . = ALIGN (0x4)
                0x00005978                __init_table = .
 *(.init_table)
 .init_table    0x00005978       0x1c ./Project_Settings/Startup_Code/startup_cm0p.o
                0x00005994                . = ALIGN (0x4)
                0x00005994                __zero_table = .
 *(.zero_table)
 .zero_table    0x00005994        0xc ./Project_Settings/Startup_Code/startup_cm0p.o
                0x000059a0                . = ALIGN (0x4)
 *(.acmcu_code_rom)
                0x000059a0                . = ALIGN (0x4)
                0x000059a0                _etext = .
                0x000059a0                __DATA_ROM = .

.glue_7         0x000059a0        0x0
 .glue_7        0x000059a0        0x0 linker stubs

.glue_7t        0x000059a0        0x0
 .glue_7t       0x000059a0        0x0 linker stubs

.vfp11_veneer   0x000059a0        0x0
 .vfp11_veneer  0x000059a0        0x0 linker stubs

.v4_bx          0x000059a0        0x0
 .v4_bx         0x000059a0        0x0 linker stubs

.iplt           0x000059a0        0x0
 .iplt          0x000059a0        0x0 ./Project_Settings/Startup_Code/Vector_Table.o

.igot.plt       0x000059a0        0x0
 .igot.plt      0x000059a0        0x0 ./Project_Settings/Startup_Code/Vector_Table.o

.rel.dyn        0x000059a0        0x0
 .rel.iplt      0x000059a0        0x0 ./Project_Settings/Startup_Code/Vector_Table.o
                0x000059a0                . = ALIGN (0x4)
                [!provide]                PROVIDE (__exidx_start = .)

.ARM.exidx
 *(.ARM.exidx* .gnu.linkonce.armexidx.*)
                0x000059a0                . = ALIGN (0x4)
                [!provide]                PROVIDE (__exidx_end = .)

.ARM.extab      0x1ffffd00        0x0
 *(.ARM.extab*)
                0x1ffffd00                . = ALIGN (0x4)

.sram_interrupts
                0x1ffffd00      0x310
                0x1ffffd00                . = ALIGN (0x100)
                0x1ffffd00                __interrupts_ram_start = .
                0x20000010                . = (. + (__interrupts_rom_end - __interrupts_rom_start))
 *fill*         0x1ffffd00      0x310 
                0x20000010                . = ALIGN (0x4)
                0x20000010                __interrupts_ram_end = .

.sram_data      0x20000010       0x84 load address 0x000059a0
                0x20000010                . = ALIGN (0x4)
                0x20000010                __data_ram_start = .
 *(.ramcode)
 .ramcode       0x20000010       0x44 ./RTD/src/Ftfc_Mem_InFls_Ip.o
                0x20000010                Ftfc_Mem_InFls_Ip_InvalidPrefetchBuff_Ram
                0x20000054                . = ALIGN (0x4)
 *(.data)
 .data          0x20000054        0x0 ./Project_Settings/Startup_Code/Vector_Table.o
 .data          0x20000054        0x0 ./Project_Settings/Startup_Code/exceptions.o
 .data          0x20000054        0x0 ./Project_Settings/Startup_Code/nvic.o
 .data          0x20000054        0x0 ./Project_Settings/Startup_Code/startup.o
 .data          0x20000054        0x0 ./Project_Settings/Startup_Code/startup_cm0p.o
 .data          0x20000054        0x0 ./Project_Settings/Startup_Code/system.o
 .data          0x20000054        0x0 ./RTD/src/Cache_Ip.o
 .data          0x20000054        0x0 ./RTD/src/Cache_Ip_HwAcc_Lmem.o
 .data          0x20000054        0x4 ./RTD/src/Clock_Ip.o
 .data          0x20000058        0x0 ./RTD/src/Clock_Ip_Data.o
 .data          0x20000058        0x0 ./RTD/src/Clock_Ip_Divider.o
 .data          0x20000058        0x0 ./RTD/src/Clock_Ip_DividerTrigger.o
 .data          0x20000058        0x0 ./RTD/src/Clock_Ip_ExtOsc.o
 .data          0x20000058        0x0 ./RTD/src/Clock_Ip_FracDiv.o
 .data          0x20000058        0x0 ./RTD/src/Clock_Ip_Frequency.o
 .data          0x20000058        0x0 ./RTD/src/Clock_Ip_Gate.o
 .data          0x20000058        0x0 ./RTD/src/Clock_Ip_IntOsc.o
 .data          0x20000058        0x0 ./RTD/src/Clock_Ip_Irq.o
 .data          0x20000058        0x0 ./RTD/src/Clock_Ip_Monitor.o
 .data          0x20000058        0x0 ./RTD/src/Clock_Ip_Pll.o
 .data          0x20000058        0x0 ./RTD/src/Clock_Ip_ProgFreqSwitch.o
 .data          0x20000058        0x0 ./RTD/src/Clock_Ip_Selector.o
 .data          0x20000058        0x0 ./RTD/src/Clock_Ip_Specific.o
 .data          0x20000058        0x0 ./RTD/src/Det.o
 .data          0x20000058        0x0 ./RTD/src/Ftfc_Mem_InFls_Ip.o
 .data          0x20000058        0x0 ./RTD/src/Ftfc_Mem_InFls_Ip_Ac.o
 .data          0x20000058        0x0 ./RTD/src/OsIf_Interrupts.o
 .data          0x20000058        0x0 ./RTD/src/OsIf_Timer.o
 .data          0x20000058        0x0 ./RTD/src/OsIf_Timer_System.o
 .data          0x20000058        0x0 ./RTD/src/OsIf_Timer_System_Internal_Systick.o
 .data          0x20000058        0x0 ./RTD/src/Port_Ci_Port_Ip.o
 .data          0x20000058        0x0 ./RTD/src/SchM_Mcl.o
 .data          0x20000058        0x0 ./RTD/src/SchM_Mcu.o
 .data          0x20000058        0x0 ./RTD/src/SchM_Port.o
 .data          0x20000058       0x28 ./board/Port_Ci_Port_Ip_Cfg.o
                0x20000058                g_pin_mux_InitConfigArr_BOARD_InitPins
 .data          0x20000080        0x0 ./generate/src/Clock_Ip_Cfg.o
 .data          0x20000080        0x0 ./generate/src/Ftfc_Mem_InFls_Ip_Cfg.o
 .data          0x20000080        0x0 ./generate/src/OsIf_Cfg.o
 .data          0x20000080        0x0 ./src/main.o
 .data          0x20000080        0x0 c:/nxp/s32ds.3.6.0/s32ds/build_tools/gcc_v10.2/gcc-10.2-arm32-eabi/bin/../lib/gcc/arm-none-eabi/10.2.0/../../../../arm-none-eabi/lib/thumb/v6-m/nofp\libc_nano.a(lib_a-memset.o)
 .data          0x20000080        0x0 c:/nxp/s32ds.3.6.0/s32ds/build_tools/gcc_v10.2/gcc-10.2-arm32-eabi/bin/../lib/gcc/arm-none-eabi/10.2.0/thumb/v6-m/nofp\libgcc.a(_udivsi3.o)
 .data          0x20000080        0x0 c:/nxp/s32ds.3.6.0/s32ds/build_tools/gcc_v10.2/gcc-10.2-arm32-eabi/bin/../lib/gcc/arm-none-eabi/10.2.0/thumb/v6-m/nofp\libgcc.a(_divsi3.o)
 .data          0x20000080        0x0 c:/nxp/s32ds.3.6.0/s32ds/build_tools/gcc_v10.2/gcc-10.2-arm32-eabi/bin/../lib/gcc/arm-none-eabi/10.2.0/thumb/v6-m/nofp\libgcc.a(_dvmd_tls.o)
 *(.data*)
                0x20000080                . = ALIGN (0x4)
 *(.mcal_data)
 .mcal_data     0x20000080        0x1 ./RTD/src/Clock_Ip.o
                0x20000080                Clock_Ip_bSentFromUpdateDriverContext
 .mcal_data     0x20000081        0x2 ./RTD/src/Clock_Ip_Specific.o
 *fill*         0x20000083        0x1 
 .mcal_data     0x20000084       0x10 ./RTD/src/Ftfc_Mem_InFls_Ip.o
                0x20000094                . = ALIGN (0x4)
 *(.mcal_data_no_cacheable)
                0x20000094                . = ALIGN (0x4)
                0x20000094                __data_ram_end = .
                0x00005a24                __DATA_ROM_END = (__DATA_ROM + (__data_ram_end - __data_ram_start))

.sram_bss       0x20000094      0x52c load address 0x00005a24
                0x200000a0                . = ALIGN (0x10)
 *fill*         0x20000094        0xc 
                0x200000a0                __sram_bss_start = .
 *(.bss)
 .bss           0x200000a0        0x0 ./Project_Settings/Startup_Code/Vector_Table.o
 .bss           0x200000a0        0x0 ./Project_Settings/Startup_Code/exceptions.o
 .bss           0x200000a0        0x0 ./Project_Settings/Startup_Code/nvic.o
 .bss           0x200000a0        0x0 ./Project_Settings/Startup_Code/startup.o
 .bss           0x200000a0        0x0 ./Project_Settings/Startup_Code/startup_cm0p.o
 .bss           0x200000a0        0x4 ./Project_Settings/Startup_Code/system.o
                0x200000a0                RESET_CATCH_CORE
 .bss           0x200000a4        0x0 ./RTD/src/Cache_Ip.o
 .bss           0x200000a4        0x0 ./RTD/src/Cache_Ip_HwAcc_Lmem.o
 .bss           0x200000a4        0x0 ./RTD/src/Clock_Ip.o
 .bss           0x200000a4        0x0 ./RTD/src/Clock_Ip_Data.o
 .bss           0x200000a4        0x0 ./RTD/src/Clock_Ip_Divider.o
 .bss           0x200000a4        0x0 ./RTD/src/Clock_Ip_DividerTrigger.o
 .bss           0x200000a4        0x0 ./RTD/src/Clock_Ip_ExtOsc.o
 .bss           0x200000a4        0x0 ./RTD/src/Clock_Ip_FracDiv.o
 .bss           0x200000a4        0x0 ./RTD/src/Clock_Ip_Frequency.o
 .bss           0x200000a4        0x0 ./RTD/src/Clock_Ip_Gate.o
 .bss           0x200000a4        0x0 ./RTD/src/Clock_Ip_IntOsc.o
 .bss           0x200000a4        0x0 ./RTD/src/Clock_Ip_Irq.o
 .bss           0x200000a4        0x0 ./RTD/src/Clock_Ip_Monitor.o
 .bss           0x200000a4        0x0 ./RTD/src/Clock_Ip_Pll.o
 .bss           0x200000a4        0x0 ./RTD/src/Clock_Ip_ProgFreqSwitch.o
 .bss           0x200000a4        0x0 ./RTD/src/Clock_Ip_Selector.o
 .bss           0x200000a4        0x0 ./RTD/src/Clock_Ip_Specific.o
 .bss           0x200000a4        0x0 ./RTD/src/Det.o
 .bss           0x200000a4        0x0 ./RTD/src/Ftfc_Mem_InFls_Ip.o
 .bss           0x200000a4        0x0 ./RTD/src/Ftfc_Mem_InFls_Ip_Ac.o
 .bss           0x200000a4        0x0 ./RTD/src/OsIf_Interrupts.o
 .bss           0x200000a4        0x0 ./RTD/src/OsIf_Timer.o
 .bss           0x200000a4        0x0 ./RTD/src/OsIf_Timer_System.o
 .bss           0x200000a4        0x0 ./RTD/src/OsIf_Timer_System_Internal_Systick.o
 .bss           0x200000a4        0x0 ./RTD/src/Port_Ci_Port_Ip.o
 .bss           0x200000a4        0x0 ./RTD/src/SchM_Mcl.o
 .bss           0x200000a4        0x0 ./RTD/src/SchM_Mcu.o
 .bss           0x200000a4        0x0 ./RTD/src/SchM_Port.o
 .bss           0x200000a4        0x0 ./board/Port_Ci_Port_Ip_Cfg.o
 .bss           0x200000a4        0x0 ./generate/src/Clock_Ip_Cfg.o
 .bss           0x200000a4        0x0 ./generate/src/Ftfc_Mem_InFls_Ip_Cfg.o
 .bss           0x200000a4        0x0 ./generate/src/OsIf_Cfg.o
 .bss           0x200000a4        0x0 ./src/main.o
 .bss           0x200000a4        0x0 c:/nxp/s32ds.3.6.0/s32ds/build_tools/gcc_v10.2/gcc-10.2-arm32-eabi/bin/../lib/gcc/arm-none-eabi/10.2.0/../../../../arm-none-eabi/lib/thumb/v6-m/nofp\libc_nano.a(lib_a-memset.o)
 .bss           0x200000a4        0x0 c:/nxp/s32ds.3.6.0/s32ds/build_tools/gcc_v10.2/gcc-10.2-arm32-eabi/bin/../lib/gcc/arm-none-eabi/10.2.0/thumb/v6-m/nofp\libgcc.a(_udivsi3.o)
 .bss           0x200000a4        0x0 c:/nxp/s32ds.3.6.0/s32ds/build_tools/gcc_v10.2/gcc-10.2-arm32-eabi/bin/../lib/gcc/arm-none-eabi/10.2.0/thumb/v6-m/nofp\libgcc.a(_divsi3.o)
 .bss           0x200000a4        0x0 c:/nxp/s32ds.3.6.0/s32ds/build_tools/gcc_v10.2/gcc-10.2-arm32-eabi/bin/../lib/gcc/arm-none-eabi/10.2.0/thumb/v6-m/nofp\libgcc.a(_dvmd_tls.o)
 *(.bss*)
                0x200000b0                . = ALIGN (0x10)
 *fill*         0x200000a4        0xc 
 *(.mcal_bss)
 .mcal_bss      0x200000b0       0x51 ./RTD/src/Clock_Ip.o
                0x200000b0                Clock_Ip_FreqIds
                0x200000fc                Clock_Ip_pxConfig
 *fill*         0x20000101        0x3 
 .mcal_bss      0x20000104        0x8 ./RTD/src/Clock_Ip_Monitor.o
 .mcal_bss      0x2000010c      0x10c ./RTD/src/Clock_Ip_Specific.o
                0x20000164                Clock_Ip_pxCmuFircMon1Config
                0x2000016c                Clock_Ip_pxCmuFircMon2Config
 .mcal_bss      0x20000218       0x28 ./RTD/src/Ftfc_Mem_InFls_Ip.o
                0x20000224                Ftfc_Mem_InFls_Ip_u32ElapsedTicks
                0x20000228                Ftfc_Mem_InFls_Ip_u32CurrentTicks
                0x2000022c                Ftfc_Mem_InFls_Ip_u32TimeoutTicks
                0x20000240                . = ALIGN (0x10)
                0x20000240                __non_cacheable_bss_start = .
 *(.mcal_bss_no_cacheable)
 .mcal_bss_no_cacheable
                0x20000240       0x10 ./RTD/src/Det.o
                0x20000240                Det_TransientModuleId
                0x20000242                Det_ApiId
                0x20000243                Det_TransientInstanceId
                0x20000244                Det_ErrorId
                0x20000245                Det_TransientApiId
                0x20000246                Det_RuntimeModuleId
                0x20000248                Det_TransientFaultId
                0x20000249                Det_RuntimeInstanceId
                0x2000024a                Det_RuntimeApiId
                0x2000024c                Det_ModuleId
                0x2000024e                Det_RuntimeErrorId
                0x2000024f                Det_InstanceId
 .mcal_bss_no_cacheable
                0x20000250      0x178 ./RTD/src/SchM_Mcl.o
 .mcal_bss_no_cacheable
                0x200003c8       0x18 ./RTD/src/SchM_Mcu.o
 .mcal_bss_no_cacheable
                0x200003e0       0xe0 ./RTD/src/SchM_Port.o
 .mcal_bss_no_cacheable
                0x200004c0      0x100 ./src/main.o
                0x200004c0                TxBuffer
                0x20000540                RxBuffer
                0x200005c0                . = ALIGN (0x4)
                0x200005c0                __non_cacheable_bss_end = .
                0x200005c0                __sram_bss_end = .

.acfls_code_ram
                0x200005c0       0x5c load address 0x00005f50
                0x2000061c                . = (. + (acfls_code_rom_end - acfls_code_rom_start))
 *fill*         0x200005c0       0x5c 

.heap           0x2000061c      0x200 load address 0x00005fac
                0x2000061c                . = ALIGN (0x4)
                0x2000061c                _end = .
                0x2000061c                end = .
                0x2000061c                _heap_start = .
                0x2000081c                . = (. + HEAP_SIZE)
 *fill*         0x2000061c      0x200 
                0x2000081c                _heap_end = .

int_results     0x1ffffc00      0x100
                0x1ffffc00                . = ALIGN (0x4)
 *(.int_results)
                0x1ffffd00                . = (. + 0x100)
 *fill*         0x1ffffc00      0x100 
                0x20002800                __Stack_end_c0 = ORIGIN (int_sram_stack_c0)
                0x20003800                __Stack_start_c0 = (ORIGIN (int_sram_stack_c0) + LENGTH (int_sram_stack_c0))
                0x1ffffc00                __INT_SRAM_START = ORIGIN (int_sram_results)
                0x20003800                __INT_SRAM_END = ORIGIN (ram_rsvd2)
                0x20000010                __RAM_INIT_START = __data_ram_start
                0x20000094                __RAM_INIT_END = __data_ram_end
                0x000059a0                __ROM_INIT_START = __DATA_ROM
                0x00005a24                __ROM_INIT_END = __DATA_ROM_END
                0x200000a0                __BSS_SRAM_START = __sram_bss_start
                0x200005c0                __BSS_SRAM_END = __sram_bss_end
                0x00000520                __BSS_SRAM_SIZE = (__sram_bss_end - __sram_bss_start)
                0x1ffffd00                __RAM_INTERRUPT_START = __interrupts_ram_start
                0x00000000                __ROM_INTERRUPT_START = __interrupts_rom_start
                0x00000310                __ROM_INTERRUPT_END = __interrupts_rom_end
                0x00005978                __INIT_TABLE = __init_table
                0x00005994                __ZERO_TABLE = __zero_table
                0x00000001                __RAM_INIT = 0x1
                0x00004f5c                Fls_ACEraseRomStart = acfls_code_rom_start
                0x00004fb8                Fls_ACEraseRomEnd = acfls_code_rom_end
                0x0000005c                Fls_ACEraseSize = (acfls_code_rom_end - acfls_code_rom_start)
                0x00004f5c                Fls_ACWriteRomStart = acfls_code_rom_start
                0x00004fb8                Fls_ACWriteRomEnd = acfls_code_rom_end
                0x0000005c                Fls_ACWriteSize = (acfls_code_rom_end - acfls_code_rom_start)
                0x200005c0                _ERASE_FUNC_ADDRESS_ = ADDR (.acfls_code_ram)
                0x200005c0                _WRITE_FUNC_ADDRESS_ = ADDR (.acfls_code_ram)
                0x1ffffd00                __ENTRY_VTABLE = __RAM_INTERRUPT_START
OUTPUT(Ftfc_Mem_InFls_Ip_Example_S32K116.elf elf32-littlearm)
LOAD linker stubs

.ARM.attributes
                0x00000000       0x28
 .ARM.attributes
                0x00000000       0x1c ./Project_Settings/Startup_Code/Vector_Table.o
 .ARM.attributes
                0x0000001c       0x2c ./Project_Settings/Startup_Code/exceptions.o
 .ARM.attributes
                0x00000048       0x2c ./Project_Settings/Startup_Code/nvic.o
 .ARM.attributes
                0x00000074       0x2c ./Project_Settings/Startup_Code/startup.o
 .ARM.attributes
                0x000000a0       0x1b ./Project_Settings/Startup_Code/startup_cm0p.o
 .ARM.attributes
                0x000000bb       0x2c ./Project_Settings/Startup_Code/system.o
 .ARM.attributes
                0x000000e7       0x32 ./RTD/src/Cache_Ip.o
 .ARM.attributes
                0x00000119       0x32 ./RTD/src/Cache_Ip_HwAcc_Lmem.o
 .ARM.attributes
                0x0000014b       0x2c ./RTD/src/Clock_Ip.o
 .ARM.attributes
                0x00000177       0x32 ./RTD/src/Clock_Ip_Data.o
 .ARM.attributes
                0x000001a9       0x2c ./RTD/src/Clock_Ip_Divider.o
 .ARM.attributes
                0x000001d5       0x2c ./RTD/src/Clock_Ip_DividerTrigger.o
 .ARM.attributes
                0x00000201       0x2c ./RTD/src/Clock_Ip_ExtOsc.o
 .ARM.attributes
                0x0000022d       0x2c ./RTD/src/Clock_Ip_FracDiv.o
 .ARM.attributes
                0x00000259       0x2c ./RTD/src/Clock_Ip_Frequency.o
 .ARM.attributes
                0x00000285       0x2c ./RTD/src/Clock_Ip_Gate.o
 .ARM.attributes
                0x000002b1       0x2c ./RTD/src/Clock_Ip_IntOsc.o
 .ARM.attributes
                0x000002dd       0x2c ./RTD/src/Clock_Ip_Irq.o
 .ARM.attributes
                0x00000309       0x2c ./RTD/src/Clock_Ip_Monitor.o
 .ARM.attributes
                0x00000335       0x2c ./RTD/src/Clock_Ip_Pll.o
 .ARM.attributes
                0x00000361       0x2c ./RTD/src/Clock_Ip_ProgFreqSwitch.o
 .ARM.attributes
                0x0000038d       0x2c ./RTD/src/Clock_Ip_Selector.o
 .ARM.attributes
                0x000003b9       0x2c ./RTD/src/Clock_Ip_Specific.o
 .ARM.attributes
                0x000003e5       0x2c ./RTD/src/Det.o
 .ARM.attributes
                0x00000411       0x2c ./RTD/src/Ftfc_Mem_InFls_Ip.o
 .ARM.attributes
                0x0000043d       0x2c ./RTD/src/Ftfc_Mem_InFls_Ip_Ac.o
 .ARM.attributes
                0x00000469       0x32 ./RTD/src/OsIf_Interrupts.o
 .ARM.attributes
                0x0000049b       0x2c ./RTD/src/OsIf_Timer.o
 .ARM.attributes
                0x000004c7       0x32 ./RTD/src/OsIf_Timer_System.o
 .ARM.attributes
                0x000004f9       0x2c ./RTD/src/OsIf_Timer_System_Internal_Systick.o
 .ARM.attributes
                0x00000525       0x2c ./RTD/src/Port_Ci_Port_Ip.o
 .ARM.attributes
                0x00000551       0x2c ./RTD/src/SchM_Mcl.o
 .ARM.attributes
                0x0000057d       0x2c ./RTD/src/SchM_Mcu.o
 .ARM.attributes
                0x000005a9       0x2c ./RTD/src/SchM_Port.o
 .ARM.attributes
                0x000005d5       0x32 ./board/Port_Ci_Port_Ip_Cfg.o
 .ARM.attributes
                0x00000607       0x32 ./generate/src/Clock_Ip_Cfg.o
 .ARM.attributes
                0x00000639       0x32 ./generate/src/Ftfc_Mem_InFls_Ip_Cfg.o
 .ARM.attributes
                0x0000066b       0x32 ./generate/src/OsIf_Cfg.o
 .ARM.attributes
                0x0000069d       0x2c ./src/main.o
 .ARM.attributes
                0x000006c9       0x2c c:/nxp/s32ds.3.6.0/s32ds/build_tools/gcc_v10.2/gcc-10.2-arm32-eabi/bin/../lib/gcc/arm-none-eabi/10.2.0/../../../../arm-none-eabi/lib/thumb/v6-m/nofp\libc_nano.a(lib_a-memset.o)
 .ARM.attributes
                0x000006f5       0x1e c:/nxp/s32ds.3.6.0/s32ds/build_tools/gcc_v10.2/gcc-10.2-arm32-eabi/bin/../lib/gcc/arm-none-eabi/10.2.0/thumb/v6-m/nofp\libgcc.a(_udivsi3.o)
 .ARM.attributes
                0x00000713       0x1e c:/nxp/s32ds.3.6.0/s32ds/build_tools/gcc_v10.2/gcc-10.2-arm32-eabi/bin/../lib/gcc/arm-none-eabi/10.2.0/thumb/v6-m/nofp\libgcc.a(_divsi3.o)
 .ARM.attributes
                0x00000731       0x1e c:/nxp/s32ds.3.6.0/s32ds/build_tools/gcc_v10.2/gcc-10.2-arm32-eabi/bin/../lib/gcc/arm-none-eabi/10.2.0/thumb/v6-m/nofp\libgcc.a(_dvmd_tls.o)

.comment        0x00000000       0x88
 .comment       0x00000000       0x88 ./Project_Settings/Startup_Code/exceptions.o
                                 0x89 (size before relaxing)
 .comment       0x00000088       0x89 ./Project_Settings/Startup_Code/nvic.o
 .comment       0x00000088       0x89 ./Project_Settings/Startup_Code/startup.o
 .comment       0x00000088       0x89 ./Project_Settings/Startup_Code/system.o
 .comment       0x00000088       0x89 ./RTD/src/Cache_Ip.o
 .comment       0x00000088       0x89 ./RTD/src/Cache_Ip_HwAcc_Lmem.o
 .comment       0x00000088       0x89 ./RTD/src/Clock_Ip.o
 .comment       0x00000088       0x89 ./RTD/src/Clock_Ip_Data.o
 .comment       0x00000088       0x89 ./RTD/src/Clock_Ip_Divider.o
 .comment       0x00000088       0x89 ./RTD/src/Clock_Ip_DividerTrigger.o
 .comment       0x00000088       0x89 ./RTD/src/Clock_Ip_ExtOsc.o
 .comment       0x00000088       0x89 ./RTD/src/Clock_Ip_FracDiv.o
 .comment       0x00000088       0x89 ./RTD/src/Clock_Ip_Frequency.o
 .comment       0x00000088       0x89 ./RTD/src/Clock_Ip_Gate.o
 .comment       0x00000088       0x89 ./RTD/src/Clock_Ip_IntOsc.o
 .comment       0x00000088       0x89 ./RTD/src/Clock_Ip_Irq.o
 .comment       0x00000088       0x89 ./RTD/src/Clock_Ip_Monitor.o
 .comment       0x00000088       0x89 ./RTD/src/Clock_Ip_Pll.o
 .comment       0x00000088       0x89 ./RTD/src/Clock_Ip_ProgFreqSwitch.o
 .comment       0x00000088       0x89 ./RTD/src/Clock_Ip_Selector.o
 .comment       0x00000088       0x89 ./RTD/src/Clock_Ip_Specific.o
 .comment       0x00000088       0x89 ./RTD/src/Det.o
 .comment       0x00000088       0x89 ./RTD/src/Ftfc_Mem_InFls_Ip.o
 .comment       0x00000088       0x89 ./RTD/src/Ftfc_Mem_InFls_Ip_Ac.o
 .comment       0x00000088       0x89 ./RTD/src/OsIf_Interrupts.o
 .comment       0x00000088       0x89 ./RTD/src/OsIf_Timer.o
 .comment       0x00000088       0x89 ./RTD/src/OsIf_Timer_System.o
 .comment       0x00000088       0x89 ./RTD/src/OsIf_Timer_System_Internal_Systick.o
 .comment       0x00000088       0x89 ./RTD/src/Port_Ci_Port_Ip.o
 .comment       0x00000088       0x89 ./RTD/src/SchM_Mcl.o
 .comment       0x00000088       0x89 ./RTD/src/SchM_Mcu.o
 .comment       0x00000088       0x89 ./RTD/src/SchM_Port.o
 .comment       0x00000088       0x89 ./board/Port_Ci_Port_Ip_Cfg.o
 .comment       0x00000088       0x89 ./generate/src/Clock_Ip_Cfg.o
 .comment       0x00000088       0x89 ./generate/src/Ftfc_Mem_InFls_Ip_Cfg.o
 .comment       0x00000088       0x89 ./generate/src/OsIf_Cfg.o
 .comment       0x00000088       0x89 ./src/main.o
 .comment       0x00000088       0x89 c:/nxp/s32ds.3.6.0/s32ds/build_tools/gcc_v10.2/gcc-10.2-arm32-eabi/bin/../lib/gcc/arm-none-eabi/10.2.0/../../../../arm-none-eabi/lib/thumb/v6-m/nofp\libc_nano.a(lib_a-memset.o)

.debug_info     0x00000000    0x1537a
 .debug_info    0x00000000      0x139 ./Project_Settings/Startup_Code/exceptions.o
 .debug_info    0x00000139      0x273 ./Project_Settings/Startup_Code/nvic.o
 .debug_info    0x000003ac      0x264 ./Project_Settings/Startup_Code/startup.o
 .debug_info    0x00000610       0x26 ./Project_Settings/Startup_Code/startup_cm0p.o
 .debug_info    0x00000636      0x3c3 ./Project_Settings/Startup_Code/system.o
 .debug_info    0x000009f9       0x7d ./RTD/src/Cache_Ip.o
 .debug_info    0x00000a76       0x7d ./RTD/src/Cache_Ip_HwAcc_Lmem.o
 .debug_info    0x00000af3     0x1f70 ./RTD/src/Clock_Ip.o
 .debug_info    0x00002a63      0x958 ./RTD/src/Clock_Ip_Data.o
 .debug_info    0x000033bb      0xc26 ./RTD/src/Clock_Ip_Divider.o
 .debug_info    0x00003fe1      0x3a6 ./RTD/src/Clock_Ip_DividerTrigger.o
 .debug_info    0x00004387      0x9c3 ./RTD/src/Clock_Ip_ExtOsc.o
 .debug_info    0x00004d4a      0x43f ./RTD/src/Clock_Ip_FracDiv.o
 .debug_info    0x00005189      0x2ad ./RTD/src/Clock_Ip_Frequency.o
 .debug_info    0x00005436      0xb2d ./RTD/src/Clock_Ip_Gate.o
 .debug_info    0x00005f63     0x10d7 ./RTD/src/Clock_Ip_IntOsc.o
 .debug_info    0x0000703a       0xb2 ./RTD/src/Clock_Ip_Irq.o
 .debug_info    0x000070ec     0x12cb ./RTD/src/Clock_Ip_Monitor.o
 .debug_info    0x000083b7      0x57e ./RTD/src/Clock_Ip_Pll.o
 .debug_info    0x00008935      0x3b5 ./RTD/src/Clock_Ip_ProgFreqSwitch.o
 .debug_info    0x00008cea      0xf3f ./RTD/src/Clock_Ip_Selector.o
 .debug_info    0x00009c29     0x1fb0 ./RTD/src/Clock_Ip_Specific.o
 .debug_info    0x0000bbd9      0x420 ./RTD/src/Det.o
 .debug_info    0x0000bff9     0x1e97 ./RTD/src/Ftfc_Mem_InFls_Ip.o
 .debug_info    0x0000de90      0x282 ./RTD/src/Ftfc_Mem_InFls_Ip_Ac.o
 .debug_info    0x0000e112       0x7d ./RTD/src/OsIf_Interrupts.o
 .debug_info    0x0000e18f      0x2ca ./RTD/src/OsIf_Timer.o
 .debug_info    0x0000e459       0x7d ./RTD/src/OsIf_Timer_System.o
 .debug_info    0x0000e4d6      0x196 ./RTD/src/OsIf_Timer_System_Internal_Systick.o
 .debug_info    0x0000e66c      0x9dd ./RTD/src/Port_Ci_Port_Ip.o
 .debug_info    0x0000f049     0x26d7 ./RTD/src/SchM_Mcl.o
 .debug_info    0x00011720      0x39b ./RTD/src/SchM_Mcu.o
 .debug_info    0x00011abb     0x17a0 ./RTD/src/SchM_Port.o
 .debug_info    0x0001325b      0x40a ./board/Port_Ci_Port_Ip_Cfg.o
 .debug_info    0x00013665      0xb4c ./generate/src/Clock_Ip_Cfg.o
 .debug_info    0x000141b1      0x110 ./generate/src/Ftfc_Mem_InFls_Ip_Cfg.o
 .debug_info    0x000142c1       0x7d ./generate/src/OsIf_Cfg.o
 .debug_info    0x0001433e      0xfca ./src/main.o
 .debug_info    0x00015308       0x26 c:/nxp/s32ds.3.6.0/s32ds/build_tools/gcc_v10.2/gcc-10.2-arm32-eabi/bin/../lib/gcc/arm-none-eabi/10.2.0/thumb/v6-m/nofp\libgcc.a(_udivsi3.o)
 .debug_info    0x0001532e       0x26 c:/nxp/s32ds.3.6.0/s32ds/build_tools/gcc_v10.2/gcc-10.2-arm32-eabi/bin/../lib/gcc/arm-none-eabi/10.2.0/thumb/v6-m/nofp\libgcc.a(_divsi3.o)
 .debug_info    0x00015354       0x26 c:/nxp/s32ds.3.6.0/s32ds/build_tools/gcc_v10.2/gcc-10.2-arm32-eabi/bin/../lib/gcc/arm-none-eabi/10.2.0/thumb/v6-m/nofp\libgcc.a(_dvmd_tls.o)

.debug_abbrev   0x00000000     0x364c
 .debug_abbrev  0x00000000       0x47 ./Project_Settings/Startup_Code/exceptions.o
 .debug_abbrev  0x00000047      0x10f ./Project_Settings/Startup_Code/nvic.o
 .debug_abbrev  0x00000156      0x108 ./Project_Settings/Startup_Code/startup.o
 .debug_abbrev  0x0000025e       0x14 ./Project_Settings/Startup_Code/startup_cm0p.o
 .debug_abbrev  0x00000272      0x17f ./Project_Settings/Startup_Code/system.o
 .debug_abbrev  0x000003f1       0x29 ./RTD/src/Cache_Ip.o
 .debug_abbrev  0x0000041a       0x29 ./RTD/src/Cache_Ip_HwAcc_Lmem.o
 .debug_abbrev  0x00000443      0x390 ./RTD/src/Clock_Ip.o
 .debug_abbrev  0x000007d3      0x143 ./RTD/src/Clock_Ip_Data.o
 .debug_abbrev  0x00000916      0x230 ./RTD/src/Clock_Ip_Divider.o
 .debug_abbrev  0x00000b46      0x117 ./RTD/src/Clock_Ip_DividerTrigger.o
 .debug_abbrev  0x00000c5d      0x2d1 ./RTD/src/Clock_Ip_ExtOsc.o
 .debug_abbrev  0x00000f2e      0x163 ./RTD/src/Clock_Ip_FracDiv.o
 .debug_abbrev  0x00001091       0x92 ./RTD/src/Clock_Ip_Frequency.o
 .debug_abbrev  0x00001123      0x2a3 ./RTD/src/Clock_Ip_Gate.o
 .debug_abbrev  0x000013c6      0x2fc ./RTD/src/Clock_Ip_IntOsc.o
 .debug_abbrev  0x000016c2       0x67 ./RTD/src/Clock_Ip_Irq.o
 .debug_abbrev  0x00001729      0x28b ./RTD/src/Clock_Ip_Monitor.o
 .debug_abbrev  0x000019b4      0x17d ./RTD/src/Clock_Ip_Pll.o
 .debug_abbrev  0x00001b31      0x115 ./RTD/src/Clock_Ip_ProgFreqSwitch.o
 .debug_abbrev  0x00001c46      0x230 ./RTD/src/Clock_Ip_Selector.o
 .debug_abbrev  0x00001e76      0x350 ./RTD/src/Clock_Ip_Specific.o
 .debug_abbrev  0x000021c6      0x14e ./RTD/src/Det.o
 .debug_abbrev  0x00002314      0x3bd ./RTD/src/Ftfc_Mem_InFls_Ip.o
 .debug_abbrev  0x000026d1       0xe1 ./RTD/src/Ftfc_Mem_InFls_Ip_Ac.o
 .debug_abbrev  0x000027b2       0x29 ./RTD/src/OsIf_Interrupts.o
 .debug_abbrev  0x000027db      0x17a ./RTD/src/OsIf_Timer.o
 .debug_abbrev  0x00002955       0x29 ./RTD/src/OsIf_Timer_System.o
 .debug_abbrev  0x0000297e      0x125 ./RTD/src/OsIf_Timer_System_Internal_Systick.o
 .debug_abbrev  0x00002aa3      0x287 ./RTD/src/Port_Ci_Port_Ip.o
 .debug_abbrev  0x00002d2a      0x124 ./RTD/src/SchM_Mcl.o
 .debug_abbrev  0x00002e4e      0x124 ./RTD/src/SchM_Mcu.o
 .debug_abbrev  0x00002f72      0x124 ./RTD/src/SchM_Port.o
 .debug_abbrev  0x00003096      0x101 ./board/Port_Ci_Port_Ip_Cfg.o
 .debug_abbrev  0x00003197      0x101 ./generate/src/Clock_Ip_Cfg.o
 .debug_abbrev  0x00003298       0x91 ./generate/src/Ftfc_Mem_InFls_Ip_Cfg.o
 .debug_abbrev  0x00003329       0x29 ./generate/src/OsIf_Cfg.o
 .debug_abbrev  0x00003352      0x2be ./src/main.o
 .debug_abbrev  0x00003610       0x14 c:/nxp/s32ds.3.6.0/s32ds/build_tools/gcc_v10.2/gcc-10.2-arm32-eabi/bin/../lib/gcc/arm-none-eabi/10.2.0/thumb/v6-m/nofp\libgcc.a(_udivsi3.o)
 .debug_abbrev  0x00003624       0x14 c:/nxp/s32ds.3.6.0/s32ds/build_tools/gcc_v10.2/gcc-10.2-arm32-eabi/bin/../lib/gcc/arm-none-eabi/10.2.0/thumb/v6-m/nofp\libgcc.a(_divsi3.o)
 .debug_abbrev  0x00003638       0x14 c:/nxp/s32ds.3.6.0/s32ds/build_tools/gcc_v10.2/gcc-10.2-arm32-eabi/bin/../lib/gcc/arm-none-eabi/10.2.0/thumb/v6-m/nofp\libgcc.a(_dvmd_tls.o)

.debug_aranges  0x00000000      0xea8
 .debug_aranges
                0x00000000       0x28 ./Project_Settings/Startup_Code/exceptions.o
 .debug_aranges
                0x00000028       0x20 ./Project_Settings/Startup_Code/nvic.o
 .debug_aranges
                0x00000048       0x20 ./Project_Settings/Startup_Code/startup.o
 .debug_aranges
                0x00000068       0x20 ./Project_Settings/Startup_Code/startup_cm0p.o
 .debug_aranges
                0x00000088       0x28 ./Project_Settings/Startup_Code/system.o
 .debug_aranges
                0x000000b0       0x18 ./RTD/src/Cache_Ip.o
 .debug_aranges
                0x000000c8       0x18 ./RTD/src/Cache_Ip_HwAcc_Lmem.o
 .debug_aranges
                0x000000e0       0x80 ./RTD/src/Clock_Ip.o
 .debug_aranges
                0x00000160       0x18 ./RTD/src/Clock_Ip_Data.o
 .debug_aranges
                0x00000178       0xc0 ./RTD/src/Clock_Ip_Divider.o
 .debug_aranges
                0x00000238       0x20 ./RTD/src/Clock_Ip_DividerTrigger.o
 .debug_aranges
                0x00000258       0x70 ./RTD/src/Clock_Ip_ExtOsc.o
 .debug_aranges
                0x000002c8       0x28 ./RTD/src/Clock_Ip_FracDiv.o
 .debug_aranges
                0x000002f0       0x20 ./RTD/src/Clock_Ip_Frequency.o
 .debug_aranges
                0x00000310       0xa0 ./RTD/src/Clock_Ip_Gate.o
 .debug_aranges
                0x000003b0       0xf0 ./RTD/src/Clock_Ip_IntOsc.o
 .debug_aranges
                0x000004a0       0x20 ./RTD/src/Clock_Ip_Irq.o
 .debug_aranges
                0x000004c0       0x60 ./RTD/src/Clock_Ip_Monitor.o
 .debug_aranges
                0x00000520       0x30 ./RTD/src/Clock_Ip_Pll.o
 .debug_aranges
                0x00000550       0x20 ./RTD/src/Clock_Ip_ProgFreqSwitch.o
 .debug_aranges
                0x00000570      0x110 ./RTD/src/Clock_Ip_Selector.o
 .debug_aranges
                0x00000680       0x48 ./RTD/src/Clock_Ip_Specific.o
 .debug_aranges
                0x000006c8       0x38 ./RTD/src/Det.o
 .debug_aranges
                0x00000700       0xd8 ./RTD/src/Ftfc_Mem_InFls_Ip.o
 .debug_aranges
                0x000007d8       0x20 ./RTD/src/Ftfc_Mem_InFls_Ip_Ac.o
 .debug_aranges
                0x000007f8       0x18 ./RTD/src/OsIf_Interrupts.o
 .debug_aranges
                0x00000810       0x40 ./RTD/src/OsIf_Timer.o
 .debug_aranges
                0x00000850       0x18 ./RTD/src/OsIf_Timer_System.o
 .debug_aranges
                0x00000868       0x30 ./RTD/src/OsIf_Timer_System_Internal_Systick.o
 .debug_aranges
                0x00000898       0x50 ./RTD/src/Port_Ci_Port_Ip.o
 .debug_aranges
                0x000008e8      0x310 ./RTD/src/SchM_Mcl.o
 .debug_aranges
                0x00000bf8       0x50 ./RTD/src/SchM_Mcu.o
 .debug_aranges
                0x00000c48      0x1e0 ./RTD/src/SchM_Port.o
 .debug_aranges
                0x00000e28       0x18 ./board/Port_Ci_Port_Ip_Cfg.o
 .debug_aranges
                0x00000e40       0x18 ./generate/src/Clock_Ip_Cfg.o
 .debug_aranges
                0x00000e58       0x18 ./generate/src/Ftfc_Mem_InFls_Ip_Cfg.o
 .debug_aranges
                0x00000e70       0x18 ./generate/src/OsIf_Cfg.o
 .debug_aranges
                0x00000e88       0x20 ./src/main.o

.debug_ranges   0x00000000     0x1078
 .debug_ranges  0x00000000       0x18 ./Project_Settings/Startup_Code/exceptions.o
 .debug_ranges  0x00000018       0x30 ./Project_Settings/Startup_Code/system.o
 .debug_ranges  0x00000048       0xe0 ./RTD/src/Clock_Ip.o
 .debug_ranges  0x00000128       0xb0 ./RTD/src/Clock_Ip_Divider.o
 .debug_ranges  0x000001d8       0x10 ./RTD/src/Clock_Ip_DividerTrigger.o
 .debug_ranges  0x000001e8       0x90 ./RTD/src/Clock_Ip_ExtOsc.o
 .debug_ranges  0x00000278       0x18 ./RTD/src/Clock_Ip_FracDiv.o
 .debug_ranges  0x00000290       0x10 ./RTD/src/Clock_Ip_Frequency.o
 .debug_ranges  0x000002a0      0x108 ./RTD/src/Clock_Ip_Gate.o
 .debug_ranges  0x000003a8       0xf8 ./RTD/src/Clock_Ip_IntOsc.o
 .debug_ranges  0x000004a0       0x10 ./RTD/src/Clock_Ip_Irq.o
 .debug_ranges  0x000004b0       0x50 ./RTD/src/Clock_Ip_Monitor.o
 .debug_ranges  0x00000500       0x20 ./RTD/src/Clock_Ip_Pll.o
 .debug_ranges  0x00000520       0x10 ./RTD/src/Clock_Ip_ProgFreqSwitch.o
 .debug_ranges  0x00000530      0x100 ./RTD/src/Clock_Ip_Selector.o
 .debug_ranges  0x00000630      0x1f0 ./RTD/src/Clock_Ip_Specific.o
 .debug_ranges  0x00000820       0x28 ./RTD/src/Det.o
 .debug_ranges  0x00000848      0x230 ./RTD/src/Ftfc_Mem_InFls_Ip.o
 .debug_ranges  0x00000a78       0x10 ./RTD/src/Ftfc_Mem_InFls_Ip_Ac.o
 .debug_ranges  0x00000a88       0x30 ./RTD/src/OsIf_Timer.o
 .debug_ranges  0x00000ab8       0x20 ./RTD/src/OsIf_Timer_System_Internal_Systick.o
 .debug_ranges  0x00000ad8       0x60 ./RTD/src/Port_Ci_Port_Ip.o
 .debug_ranges  0x00000b38      0x300 ./RTD/src/SchM_Mcl.o
 .debug_ranges  0x00000e38       0x40 ./RTD/src/SchM_Mcu.o
 .debug_ranges  0x00000e78      0x1d0 ./RTD/src/SchM_Port.o
 .debug_ranges  0x00001048       0x30 ./src/main.o

.debug_macro    0x00000000    0x17c72
 .debug_macro   0x00000000      0x144 ./Project_Settings/Startup_Code/exceptions.o
 .debug_macro   0x00000144      0xa66 ./Project_Settings/Startup_Code/exceptions.o
 .debug_macro   0x00000baa       0x22 ./Project_Settings/Startup_Code/exceptions.o
 .debug_macro   0x00000bcc       0x56 ./Project_Settings/Startup_Code/exceptions.o
 .debug_macro   0x00000c22       0x51 ./Project_Settings/Startup_Code/exceptions.o
 .debug_macro   0x00000c73      0x103 ./Project_Settings/Startup_Code/exceptions.o
 .debug_macro   0x00000d76       0x6a ./Project_Settings/Startup_Code/exceptions.o
 .debug_macro   0x00000de0      0x1df ./Project_Settings/Startup_Code/exceptions.o
 .debug_macro   0x00000fbf       0x22 ./Project_Settings/Startup_Code/exceptions.o
 .debug_macro   0x00000fe1      0x16d ./Project_Settings/Startup_Code/exceptions.o
 .debug_macro   0x0000114e       0x82 ./Project_Settings/Startup_Code/exceptions.o
 .debug_macro   0x000011d0      0x97b ./Project_Settings/Startup_Code/exceptions.o
 .debug_macro   0x00001b4b       0x3a ./Project_Settings/Startup_Code/exceptions.o
 .debug_macro   0x00001b85       0xcc ./Project_Settings/Startup_Code/exceptions.o
 .debug_macro   0x00001c51       0x6e ./Project_Settings/Startup_Code/exceptions.o
 .debug_macro   0x00001cbf       0x94 ./Project_Settings/Startup_Code/exceptions.o
 .debug_macro   0x00001d53       0xcf ./Project_Settings/Startup_Code/exceptions.o
 .debug_macro   0x00001e22       0xb8 ./Project_Settings/Startup_Code/exceptions.o
 .debug_macro   0x00001eda       0x52 ./Project_Settings/Startup_Code/exceptions.o
 .debug_macro   0x00001f2c       0x16 ./Project_Settings/Startup_Code/exceptions.o
 .debug_macro   0x00001f42       0x6e ./Project_Settings/Startup_Code/exceptions.o
 .debug_macro   0x00001fb0      0x130 ./Project_Settings/Startup_Code/exceptions.o
 .debug_macro   0x000020e0       0x6a ./Project_Settings/Startup_Code/exceptions.o
 .debug_macro   0x0000214a       0x58 ./Project_Settings/Startup_Code/exceptions.o
 .debug_macro   0x000021a2       0x57 ./Project_Settings/Startup_Code/exceptions.o
 .debug_macro   0x000021f9      0x255 ./Project_Settings/Startup_Code/nvic.o
 .debug_macro   0x0000244e      0x525 ./Project_Settings/Startup_Code/nvic.o
 .debug_macro   0x00002973      0x616 ./Project_Settings/Startup_Code/nvic.o
 .debug_macro   0x00002f89      0x549 ./Project_Settings/Startup_Code/nvic.o
 .debug_macro   0x000034d2      0x184 ./Project_Settings/Startup_Code/nvic.o
 .debug_macro   0x00003656      0x204 ./Project_Settings/Startup_Code/nvic.o
 .debug_macro   0x0000385a      0xc41 ./Project_Settings/Startup_Code/nvic.o
 .debug_macro   0x0000449b       0x80 ./Project_Settings/Startup_Code/nvic.o
 .debug_macro   0x0000451b       0x9e ./Project_Settings/Startup_Code/nvic.o
 .debug_macro   0x000045b9       0xba ./Project_Settings/Startup_Code/nvic.o
 .debug_macro   0x00004673     0x122f ./Project_Settings/Startup_Code/nvic.o
 .debug_macro   0x000058a2      0x5a3 ./Project_Settings/Startup_Code/nvic.o
 .debug_macro   0x00005e45      0x398 ./Project_Settings/Startup_Code/nvic.o
 .debug_macro   0x000061dd     0x18e3 ./Project_Settings/Startup_Code/nvic.o
 .debug_macro   0x00007ac0      0x102 ./Project_Settings/Startup_Code/nvic.o
 .debug_macro   0x00007bc2      0x434 ./Project_Settings/Startup_Code/nvic.o
 .debug_macro   0x00007ff6      0xdd9 ./Project_Settings/Startup_Code/nvic.o
 .debug_macro   0x00008dcf      0x402 ./Project_Settings/Startup_Code/nvic.o
 .debug_macro   0x000091d1      0x7d2 ./Project_Settings/Startup_Code/nvic.o
 .debug_macro   0x000099a3      0x192 ./Project_Settings/Startup_Code/nvic.o
 .debug_macro   0x00009b35      0xc3c ./Project_Settings/Startup_Code/nvic.o
 .debug_macro   0x0000a771      0x394 ./Project_Settings/Startup_Code/nvic.o
 .debug_macro   0x0000ab05      0x5cf ./Project_Settings/Startup_Code/nvic.o
 .debug_macro   0x0000b0d4      0x5a7 ./Project_Settings/Startup_Code/nvic.o
 .debug_macro   0x0000b67b      0x1fb ./Project_Settings/Startup_Code/nvic.o
 .debug_macro   0x0000b876      0x126 ./Project_Settings/Startup_Code/nvic.o
 .debug_macro   0x0000b99c      0x160 ./Project_Settings/Startup_Code/nvic.o
 .debug_macro   0x0000bafc      0x314 ./Project_Settings/Startup_Code/nvic.o
 .debug_macro   0x0000be10      0x193 ./Project_Settings/Startup_Code/nvic.o
 .debug_macro   0x0000bfa3      0x294 ./Project_Settings/Startup_Code/nvic.o
 .debug_macro   0x0000c237      0x5f4 ./Project_Settings/Startup_Code/nvic.o
 .debug_macro   0x0000c82b      0x31c ./Project_Settings/Startup_Code/nvic.o
 .debug_macro   0x0000cb47      0x38c ./Project_Settings/Startup_Code/nvic.o
 .debug_macro   0x0000ced3      0x515 ./Project_Settings/Startup_Code/nvic.o
 .debug_macro   0x0000d3e8      0x585 ./Project_Settings/Startup_Code/nvic.o
 .debug_macro   0x0000d96d      0x194 ./Project_Settings/Startup_Code/nvic.o
 .debug_macro   0x0000db01      0x136 ./Project_Settings/Startup_Code/nvic.o
 .debug_macro   0x0000dc37      0x121 ./Project_Settings/Startup_Code/nvic.o
 .debug_macro   0x0000dd58      0x256 ./Project_Settings/Startup_Code/nvic.o
 .debug_macro   0x0000dfae       0x16 ./Project_Settings/Startup_Code/nvic.o
 .debug_macro   0x0000dfc4       0xc8 ./Project_Settings/Startup_Code/startup.o
 .debug_macro   0x0000e08c      0x2e3 ./Project_Settings/Startup_Code/system.o
 .debug_macro   0x0000e36f      0x52b ./Project_Settings/Startup_Code/system.o
 .debug_macro   0x0000e89a      0x1e9 ./RTD/src/Cache_Ip.o
 .debug_macro   0x0000ea83       0x2e ./RTD/src/Cache_Ip.o
 .debug_macro   0x0000eab1       0x2e ./RTD/src/Cache_Ip.o
 .debug_macro   0x0000eadf       0x82 ./RTD/src/Cache_Ip.o
 .debug_macro   0x0000eb61       0x2e ./RTD/src/Cache_Ip.o
 .debug_macro   0x0000eb8f       0x2e ./RTD/src/Cache_Ip.o
 .debug_macro   0x0000ebbd       0x3a ./RTD/src/Cache_Ip.o
 .debug_macro   0x0000ebf7       0x50 ./RTD/src/Cache_Ip.o
 .debug_macro   0x0000ec47       0x50 ./RTD/src/Cache_Ip.o
 .debug_macro   0x0000ec97      0x1f4 ./RTD/src/Cache_Ip_HwAcc_Lmem.o
 .debug_macro   0x0000ee8b       0x35 ./RTD/src/Cache_Ip_HwAcc_Lmem.o
 .debug_macro   0x0000eec0       0x50 ./RTD/src/Cache_Ip_HwAcc_Lmem.o
 .debug_macro   0x0000ef10       0x50 ./RTD/src/Cache_Ip_HwAcc_Lmem.o
 .debug_macro   0x0000ef60       0x2e ./RTD/src/Cache_Ip_HwAcc_Lmem.o
 .debug_macro   0x0000ef8e      0x4ab ./RTD/src/Clock_Ip.o
 .debug_macro   0x0000f439      0x57f ./RTD/src/Clock_Ip.o
 .debug_macro   0x0000f9b8      0x301 ./RTD/src/Clock_Ip.o
 .debug_macro   0x0000fcb9       0x85 ./RTD/src/Clock_Ip.o
 .debug_macro   0x0000fd3e       0x52 ./RTD/src/Clock_Ip.o
 .debug_macro   0x0000fd90       0x50 ./RTD/src/Clock_Ip.o
 .debug_macro   0x0000fde0       0x50 ./RTD/src/Clock_Ip.o
 .debug_macro   0x0000fe30       0x50 ./RTD/src/Clock_Ip.o
 .debug_macro   0x0000fe80       0x50 ./RTD/src/Clock_Ip.o
 .debug_macro   0x0000fed0       0x34 ./RTD/src/Clock_Ip.o
 .debug_macro   0x0000ff04      0x1e0 ./RTD/src/Clock_Ip.o
 .debug_macro   0x000100e4       0x50 ./RTD/src/Clock_Ip.o
 .debug_macro   0x00010134       0x50 ./RTD/src/Clock_Ip.o
 .debug_macro   0x00010184       0x50 ./RTD/src/Clock_Ip.o
 .debug_macro   0x000101d4       0x50 ./RTD/src/Clock_Ip.o
 .debug_macro   0x00010224       0x50 ./RTD/src/Clock_Ip.o
 .debug_macro   0x00010274       0x50 ./RTD/src/Clock_Ip.o
 .debug_macro   0x000102c4       0xa5 ./RTD/src/Clock_Ip.o
 .debug_macro   0x00010369       0x50 ./RTD/src/Clock_Ip.o
 .debug_macro   0x000103b9       0x50 ./RTD/src/Clock_Ip.o
 .debug_macro   0x00010409       0x50 ./RTD/src/Clock_Ip.o
 .debug_macro   0x00010459       0x50 ./RTD/src/Clock_Ip.o
 .debug_macro   0x000104a9       0x50 ./RTD/src/Clock_Ip.o
 .debug_macro   0x000104f9       0x50 ./RTD/src/Clock_Ip.o
 .debug_macro   0x00010549       0x50 ./RTD/src/Clock_Ip.o
 .debug_macro   0x00010599       0x50 ./RTD/src/Clock_Ip.o
 .debug_macro   0x000105e9       0x50 ./RTD/src/Clock_Ip.o
 .debug_macro   0x00010639       0x50 ./RTD/src/Clock_Ip.o
 .debug_macro   0x00010689      0x5c7 ./RTD/src/Clock_Ip_Data.o
 .debug_macro   0x00010c50      0x3c8 ./RTD/src/Clock_Ip_Divider.o
 .debug_macro   0x00011018      0x3c5 ./RTD/src/Clock_Ip_DividerTrigger.o
 .debug_macro   0x000113dd      0x3c8 ./RTD/src/Clock_Ip_ExtOsc.o
 .debug_macro   0x000117a5      0x3c6 ./RTD/src/Clock_Ip_FracDiv.o
 .debug_macro   0x00011b6b      0x35c ./RTD/src/Clock_Ip_Frequency.o
 .debug_macro   0x00011ec7      0x3d6 ./RTD/src/Clock_Ip_Gate.o
 .debug_macro   0x0001229d      0x3d6 ./RTD/src/Clock_Ip_IntOsc.o
 .debug_macro   0x00012673      0x384 ./RTD/src/Clock_Ip_Irq.o
 .debug_macro   0x000129f7      0x443 ./RTD/src/Clock_Ip_Monitor.o
 .debug_macro   0x00012e3a       0x3a ./RTD/src/Clock_Ip_Monitor.o
 .debug_macro   0x00012e74       0x50 ./RTD/src/Clock_Ip_Monitor.o
 .debug_macro   0x00012ec4       0x50 ./RTD/src/Clock_Ip_Monitor.o
 .debug_macro   0x00012f14      0x3c8 ./RTD/src/Clock_Ip_Pll.o
 .debug_macro   0x000132dc      0x405 ./RTD/src/Clock_Ip_ProgFreqSwitch.o
 .debug_macro   0x000136e1      0x3e4 ./RTD/src/Clock_Ip_Selector.o
 .debug_macro   0x00013ac5      0x488 ./RTD/src/Clock_Ip_Specific.o
 .debug_macro   0x00013f4d      0x275 ./RTD/src/Det.o
 .debug_macro   0x000141c2       0x40 ./RTD/src/Det.o
 .debug_macro   0x00014202       0x50 ./RTD/src/Det.o
 .debug_macro   0x00014252       0x50 ./RTD/src/Det.o
 .debug_macro   0x000142a2       0x50 ./RTD/src/Det.o
 .debug_macro   0x000142f2       0x50 ./RTD/src/Det.o
 .debug_macro   0x00014342       0x50 ./RTD/src/Det.o
 .debug_macro   0x00014392       0x50 ./RTD/src/Det.o
 .debug_macro   0x000143e2      0x3bb ./RTD/src/Ftfc_Mem_InFls_Ip.o
 .debug_macro   0x0001479d       0x52 ./RTD/src/Ftfc_Mem_InFls_Ip.o
 .debug_macro   0x000147ef      0x392 ./RTD/src/Ftfc_Mem_InFls_Ip.o
 .debug_macro   0x00014b81       0x34 ./RTD/src/Ftfc_Mem_InFls_Ip.o
 .debug_macro   0x00014bb5      0x19a ./RTD/src/Ftfc_Mem_InFls_Ip.o
 .debug_macro   0x00014d4f       0x50 ./RTD/src/Ftfc_Mem_InFls_Ip.o
 .debug_macro   0x00014d9f       0x50 ./RTD/src/Ftfc_Mem_InFls_Ip.o
 .debug_macro   0x00014def       0x34 ./RTD/src/Ftfc_Mem_InFls_Ip.o
 .debug_macro   0x00014e23       0x50 ./RTD/src/Ftfc_Mem_InFls_Ip.o
 .debug_macro   0x00014e73       0x50 ./RTD/src/Ftfc_Mem_InFls_Ip.o
 .debug_macro   0x00014ec3       0x50 ./RTD/src/Ftfc_Mem_InFls_Ip.o
 .debug_macro   0x00014f13       0x50 ./RTD/src/Ftfc_Mem_InFls_Ip.o
 .debug_macro   0x00014f63       0x50 ./RTD/src/Ftfc_Mem_InFls_Ip.o
 .debug_macro   0x00014fb3       0x50 ./RTD/src/Ftfc_Mem_InFls_Ip.o
 .debug_macro   0x00015003       0x3a ./RTD/src/Ftfc_Mem_InFls_Ip.o
 .debug_macro   0x0001503d       0x50 ./RTD/src/Ftfc_Mem_InFls_Ip.o
 .debug_macro   0x0001508d       0x50 ./RTD/src/Ftfc_Mem_InFls_Ip.o
 .debug_macro   0x000150dd       0x50 ./RTD/src/Ftfc_Mem_InFls_Ip.o
 .debug_macro   0x0001512d       0x50 ./RTD/src/Ftfc_Mem_InFls_Ip.o
 .debug_macro   0x0001517d       0x50 ./RTD/src/Ftfc_Mem_InFls_Ip.o
 .debug_macro   0x000151cd       0x50 ./RTD/src/Ftfc_Mem_InFls_Ip.o
 .debug_macro   0x0001521d       0x50 ./RTD/src/Ftfc_Mem_InFls_Ip.o
 .debug_macro   0x0001526d       0x50 ./RTD/src/Ftfc_Mem_InFls_Ip.o
 .debug_macro   0x000152bd       0x50 ./RTD/src/Ftfc_Mem_InFls_Ip.o
 .debug_macro   0x0001530d       0x50 ./RTD/src/Ftfc_Mem_InFls_Ip.o
 .debug_macro   0x0001535d      0x2a5 ./RTD/src/Ftfc_Mem_InFls_Ip_Ac.o
 .debug_macro   0x00015602      0x15c ./RTD/src/OsIf_Interrupts.o
 .debug_macro   0x0001575e      0x220 ./RTD/src/OsIf_Timer.o
 .debug_macro   0x0001597e       0x72 ./RTD/src/OsIf_Timer.o
 .debug_macro   0x000159f0      0x1b3 ./RTD/src/OsIf_Timer_System.o
 .debug_macro   0x00015ba3       0x3a ./RTD/src/OsIf_Timer_System.o
 .debug_macro   0x00015bdd      0x193 ./RTD/src/OsIf_Timer_System_Internal_Systick.o
 .debug_macro   0x00015d70       0x34 ./RTD/src/OsIf_Timer_System_Internal_Systick.o
 .debug_macro   0x00015da4       0x3a ./RTD/src/OsIf_Timer_System_Internal_Systick.o
 .debug_macro   0x00015dde      0x2a0 ./RTD/src/Port_Ci_Port_Ip.o
 .debug_macro   0x0001607e      0x28e ./RTD/src/Port_Ci_Port_Ip.o
 .debug_macro   0x0001630c       0x4c ./RTD/src/Port_Ci_Port_Ip.o
 .debug_macro   0x00016358       0x3a ./RTD/src/Port_Ci_Port_Ip.o
 .debug_macro   0x00016392       0x3a ./RTD/src/Port_Ci_Port_Ip.o
 .debug_macro   0x000163cc       0x50 ./RTD/src/Port_Ci_Port_Ip.o
 .debug_macro   0x0001641c       0x50 ./RTD/src/Port_Ci_Port_Ip.o
 .debug_macro   0x0001646c       0x35 ./RTD/src/Port_Ci_Port_Ip.o
 .debug_macro   0x000164a1       0x50 ./RTD/src/Port_Ci_Port_Ip.o
 .debug_macro   0x000164f1       0x50 ./RTD/src/Port_Ci_Port_Ip.o
 .debug_macro   0x00016541       0x12 ./RTD/src/Port_Ci_Port_Ip.o
 .debug_macro   0x00016553       0x50 ./RTD/src/Port_Ci_Port_Ip.o
 .debug_macro   0x000165a3       0x50 ./RTD/src/Port_Ci_Port_Ip.o
 .debug_macro   0x000165f3      0x1fe ./RTD/src/Port_Ci_Port_Ip.o
 .debug_macro   0x000167f1       0x3a ./RTD/src/Port_Ci_Port_Ip.o
 .debug_macro   0x0001682b      0x233 ./RTD/src/SchM_Mcl.o
 .debug_macro   0x00016a5e       0x50 ./RTD/src/SchM_Mcl.o
 .debug_macro   0x00016aae       0x50 ./RTD/src/SchM_Mcl.o
 .debug_macro   0x00016afe      0x22f ./RTD/src/SchM_Mcu.o
 .debug_macro   0x00016d2d      0x233 ./RTD/src/SchM_Port.o
 .debug_macro   0x00016f60      0x182 ./board/Port_Ci_Port_Ip_Cfg.o
 .debug_macro   0x000170e2      0x384 ./generate/src/Clock_Ip_Cfg.o
 .debug_macro   0x00017466      0x21d ./generate/src/Ftfc_Mem_InFls_Ip_Cfg.o
 .debug_macro   0x00017683      0x186 ./generate/src/OsIf_Cfg.o
 .debug_macro   0x00017809       0x5e ./generate/src/OsIf_Cfg.o
 .debug_macro   0x00017867      0x313 ./src/main.o
 .debug_macro   0x00017b7a       0x58 ./src/main.o
 .debug_macro   0x00017bd2       0x50 ./src/main.o
 .debug_macro   0x00017c22       0x50 ./src/main.o

.debug_line     0x00000000    0x13974
 .debug_line    0x00000000      0x590 ./Project_Settings/Startup_Code/exceptions.o
 .debug_line    0x00000590      0x75a ./Project_Settings/Startup_Code/nvic.o
 .debug_line    0x00000cea      0x43a ./Project_Settings/Startup_Code/startup.o
 .debug_line    0x00001124       0xbe ./Project_Settings/Startup_Code/startup_cm0p.o
 .debug_line    0x000011e2      0x8c5 ./Project_Settings/Startup_Code/system.o
 .debug_line    0x00001aa7      0x519 ./RTD/src/Cache_Ip.o
 .debug_line    0x00001fc0      0x542 ./RTD/src/Cache_Ip_HwAcc_Lmem.o
 .debug_line    0x00002502     0x1250 ./RTD/src/Clock_Ip.o
 .debug_line    0x00003752      0x558 ./RTD/src/Clock_Ip_Data.o
 .debug_line    0x00003caa      0x892 ./RTD/src/Clock_Ip_Divider.o
 .debug_line    0x0000453c      0x57b ./RTD/src/Clock_Ip_DividerTrigger.o
 .debug_line    0x00004ab7      0x76b ./RTD/src/Clock_Ip_ExtOsc.o
 .debug_line    0x00005222      0x57f ./RTD/src/Clock_Ip_FracDiv.o
 .debug_line    0x000057a1      0x579 ./RTD/src/Clock_Ip_Frequency.o
 .debug_line    0x00005d1a      0x84b ./RTD/src/Clock_Ip_Gate.o
 .debug_line    0x00006565      0xbda ./RTD/src/Clock_Ip_IntOsc.o
 .debug_line    0x0000713f      0x57b ./RTD/src/Clock_Ip_Irq.o
 .debug_line    0x000076ba      0x8dd ./RTD/src/Clock_Ip_Monitor.o
 .debug_line    0x00007f97      0x584 ./RTD/src/Clock_Ip_Pll.o
 .debug_line    0x0000851b      0x57c ./RTD/src/Clock_Ip_ProgFreqSwitch.o
 .debug_line    0x00008a97      0xa8e ./RTD/src/Clock_Ip_Selector.o
 .debug_line    0x00009525     0x1099 ./RTD/src/Clock_Ip_Specific.o
 .debug_line    0x0000a5be      0x593 ./RTD/src/Det.o
 .debug_line    0x0000ab51     0x1332 ./RTD/src/Ftfc_Mem_InFls_Ip.o
 .debug_line    0x0000be83      0x602 ./RTD/src/Ftfc_Mem_InFls_Ip_Ac.o
 .debug_line    0x0000c485      0x495 ./RTD/src/OsIf_Interrupts.o
 .debug_line    0x0000c91a      0x548 ./RTD/src/OsIf_Timer.o
 .debug_line    0x0000ce62      0x4ea ./RTD/src/OsIf_Timer_System.o
 .debug_line    0x0000d34c      0x528 ./RTD/src/OsIf_Timer_System_Internal_Systick.o
 .debug_line    0x0000d874      0x8f4 ./RTD/src/Port_Ci_Port_Ip.o
 .debug_line    0x0000e168     0x1f72 ./RTD/src/SchM_Mcl.o
 .debug_line    0x000100da      0x6b2 ./RTD/src/SchM_Mcu.o
 .debug_line    0x0001078c     0x14c4 ./RTD/src/SchM_Port.o
 .debug_line    0x00011c50      0x48f ./board/Port_Ci_Port_Ip_Cfg.o
 .debug_line    0x000120df      0x55c ./generate/src/Clock_Ip_Cfg.o
 .debug_line    0x0001263b      0x54b ./generate/src/Ftfc_Mem_InFls_Ip_Cfg.o
 .debug_line    0x00012b86      0x49e ./generate/src/OsIf_Cfg.o
 .debug_line    0x00013024      0x7f9 ./src/main.o
 .debug_line    0x0001381d       0x74 c:/nxp/s32ds.3.6.0/s32ds/build_tools/gcc_v10.2/gcc-10.2-arm32-eabi/bin/../lib/gcc/arm-none-eabi/10.2.0/thumb/v6-m/nofp\libgcc.a(_udivsi3.o)
 .debug_line    0x00013891       0x7b c:/nxp/s32ds.3.6.0/s32ds/build_tools/gcc_v10.2/gcc-10.2-arm32-eabi/bin/../lib/gcc/arm-none-eabi/10.2.0/thumb/v6-m/nofp\libgcc.a(_divsi3.o)
 .debug_line    0x0001390c       0x68 c:/nxp/s32ds.3.6.0/s32ds/build_tools/gcc_v10.2/gcc-10.2-arm32-eabi/bin/../lib/gcc/arm-none-eabi/10.2.0/thumb/v6-m/nofp\libgcc.a(_dvmd_tls.o)

.debug_str      0x00000000    0x68c0e
 .debug_str     0x00000000     0x7b31 ./Project_Settings/Startup_Code/exceptions.o
                               0x7d0b (size before relaxing)
 .debug_str     0x00007b31    0x4f49d ./Project_Settings/Startup_Code/nvic.o
                              0x55e58 (size before relaxing)
 .debug_str     0x00056fce       0xe7 ./Project_Settings/Startup_Code/startup.o
                               0x5edd (size before relaxing)
 .debug_str     0x000570b5       0x3c ./Project_Settings/Startup_Code/startup_cm0p.o
                                 0x8f (size before relaxing)
 .debug_str     0x000570f1      0x2bb ./Project_Settings/Startup_Code/system.o
                              0x572a6 (size before relaxing)
 .debug_str     0x000573ac      0xb87 ./RTD/src/Cache_Ip.o
                               0xa3f8 (size before relaxing)
 .debug_str     0x00057f33      0x4c7 ./RTD/src/Cache_Ip_HwAcc_Lmem.o
                               0xa4af (size before relaxing)
 .debug_str     0x000583fa     0x3da8 ./RTD/src/Clock_Ip.o
                              0x126d7 (size before relaxing)
 .debug_str     0x0005c1a2      0xa01 ./RTD/src/Clock_Ip_Data.o
                              0x119b3 (size before relaxing)
 .debug_str     0x0005cba3      0x47d ./RTD/src/Clock_Ip_Divider.o
                              0x1135b (size before relaxing)
 .debug_str     0x0005d020      0x19b ./RTD/src/Clock_Ip_DividerTrigger.o
                              0x10fcc (size before relaxing)
 .debug_str     0x0005d1bb      0x29f ./RTD/src/Clock_Ip_ExtOsc.o
                              0x11357 (size before relaxing)
 .debug_str     0x0005d45a      0x181 ./RTD/src/Clock_Ip_FracDiv.o
                              0x10fbc (size before relaxing)
 .debug_str     0x0005d5db       0x2b ./RTD/src/Clock_Ip_Frequency.o
                              0x10d64 (size before relaxing)
 .debug_str     0x0005d606      0x3c7 ./RTD/src/Clock_Ip_Gate.o
                              0x1128d (size before relaxing)
 .debug_str     0x0005d9cd      0x497 ./RTD/src/Clock_Ip_IntOsc.o
                              0x1155a (size before relaxing)
 .debug_str     0x0005de64      0x154 ./RTD/src/Clock_Ip_Irq.o
                              0x10af5 (size before relaxing)
 .debug_str     0x0005dfb8      0x6d9 ./RTD/src/Clock_Ip_Monitor.o
                              0x11f4c (size before relaxing)
 .debug_str     0x0005e691      0x17a ./RTD/src/Clock_Ip_Pll.o
                              0x110a9 (size before relaxing)
 .debug_str     0x0005e80b      0x1a3 ./RTD/src/Clock_Ip_ProgFreqSwitch.o
                              0x11037 (size before relaxing)
 .debug_str     0x0005e9ae      0x636 ./RTD/src/Clock_Ip_Selector.o
                              0x115fc (size before relaxing)
 .debug_str     0x0005efe4      0x68f ./RTD/src/Clock_Ip_Specific.o
                              0x123fc (size before relaxing)
 .debug_str     0x0005f673      0x5b1 ./RTD/src/Det.o
                               0x85f3 (size before relaxing)
 .debug_str     0x0005fc24     0x2814 ./RTD/src/Ftfc_Mem_InFls_Ip.o
                              0x11500 (size before relaxing)
 .debug_str     0x00062438      0x185 ./RTD/src/Ftfc_Mem_InFls_Ip_Ac.o
                              0x10221 (size before relaxing)
 .debug_str     0x000625bd       0x30 ./RTD/src/OsIf_Interrupts.o
                               0x7948 (size before relaxing)
 .debug_str     0x000625ed      0x401 ./RTD/src/OsIf_Timer.o
                               0x847f (size before relaxing)
 .debug_str     0x000629ee      0x14c ./RTD/src/OsIf_Timer_System.o
                               0x836b (size before relaxing)
 .debug_str     0x00062b3a      0x66a ./RTD/src/OsIf_Timer_System_Internal_Systick.o
                               0x75a8 (size before relaxing)
 .debug_str     0x000631a4     0x26e2 ./RTD/src/Port_Ci_Port_Ip.o
                               0xbd1b (size before relaxing)
 .debug_str     0x00065886     0x1af4 ./RTD/src/SchM_Mcl.o
                               0x9cd6 (size before relaxing)
 .debug_str     0x0006737a      0x243 ./RTD/src/SchM_Mcu.o
                               0x85a2 (size before relaxing)
 .debug_str     0x000675bd      0xe50 ./RTD/src/SchM_Port.o
                               0x9388 (size before relaxing)
 .debug_str     0x0006840d      0x17a ./board/Port_Ci_Port_Ip_Cfg.o
                               0x8355 (size before relaxing)
 .debug_str     0x00068587      0x138 ./generate/src/Clock_Ip_Cfg.o
                              0x11475 (size before relaxing)
 .debug_str     0x000686bf      0x184 ./generate/src/Ftfc_Mem_InFls_Ip_Cfg.o
                               0xfbc4 (size before relaxing)
 .debug_str     0x00068843      0x102 ./generate/src/OsIf_Cfg.o
                               0x807c (size before relaxing)
 .debug_str     0x00068945      0x233 ./src/main.o
                              0x15f8b (size before relaxing)
 .debug_str     0x00068b78       0x96 c:/nxp/s32ds.3.6.0/s32ds/build_tools/gcc_v10.2/gcc-10.2-arm32-eabi/bin/../lib/gcc/arm-none-eabi/10.2.0/thumb/v6-m/nofp\libgcc.a(_udivsi3.o)
                                 0xa2 (size before relaxing)
 .debug_str     0x00068c0e       0xa2 c:/nxp/s32ds.3.6.0/s32ds/build_tools/gcc_v10.2/gcc-10.2-arm32-eabi/bin/../lib/gcc/arm-none-eabi/10.2.0/thumb/v6-m/nofp\libgcc.a(_divsi3.o)
 .debug_str     0x00068c0e       0xa2 c:/nxp/s32ds.3.6.0/s32ds/build_tools/gcc_v10.2/gcc-10.2-arm32-eabi/bin/../lib/gcc/arm-none-eabi/10.2.0/thumb/v6-m/nofp\libgcc.a(_dvmd_tls.o)

.debug_frame    0x00000000     0x22cc
 .debug_frame   0x00000000       0xb0 ./Project_Settings/Startup_Code/exceptions.o
 .debug_frame   0x000000b0       0x4c ./Project_Settings/Startup_Code/nvic.o
 .debug_frame   0x000000fc       0x30 ./Project_Settings/Startup_Code/startup.o
 .debug_frame   0x0000012c       0x50 ./Project_Settings/Startup_Code/system.o