Archive member included to satisfy reference by file (symbol)

c:/nxp/s32ds.3.6.0/s32ds/build_tools/gcc_v10.2/gcc-10.2-arm32-eabi/bin/../lib/gcc/arm-none-eabi/10.2.0/../../../../arm-none-eabi/lib/thumb/v6-m/nofp\libc_nano.a(lib_a-memset.o)
                              ./Project_Settings/Startup_Code/startup.o (memset)
c:/nxp/s32ds.3.6.0/s32ds/build_tools/gcc_v10.2/gcc-10.2-arm32-eabi/bin/../lib/gcc/arm-none-eabi/10.2.0/thumb/v6-m/nofp\libgcc.a(_udivsi3.o)
                              ./RTD/src/Clock_Ip_Monitor.o (__aeabi_uidiv)
c:/nxp/s32ds.3.6.0/s32ds/build_tools/gcc_v10.2/gcc-10.2-arm32-eabi/bin/../lib/gcc/arm-none-eabi/10.2.0/thumb/v6-m/nofp\libgcc.a(_divsi3.o)
                              ./RTD/src/Clock_Ip_Monitor.o (__aeabi_idiv)
c:/nxp/s32ds.3.6.0/s32ds/build_tools/gcc_v10.2/gcc-10.2-arm32-eabi/bin/../lib/gcc/arm-none-eabi/10.2.0/thumb/v6-m/nofp\libgcc.a(_dvmd_tls.o)
                              c:/nxp/s32ds.3.6.0/s32ds/build_tools/gcc_v10.2/gcc-10.2-arm32-eabi/bin/../lib/gcc/arm-none-eabi/10.2.0/thumb/v6-m/nofp\libgcc.a(_udivsi3.o) (__aeabi_idiv0)

Discarded input sections

 .group         0x00000000        0xc ./Project_Settings/Startup_Code/exceptions.o
 .group         0x00000000        0xc ./Project_Settings/Startup_Code/exceptions.o
 .group         0x00000000        0xc ./Project_Settings/Startup_Code/exceptions.o
 .group         0x00000000        0xc ./Project_Settings/Startup_Code/exceptions.o
 .group         0x00000000        0xc ./Project_Settings/Startup_Code/exceptions.o
 .group         0x00000000        0xc ./Project_Settings/Startup_Code/exceptions.o
 .group         0x00000000        0xc ./Project_Settings/Startup_Code/exceptions.o
 .group         0x00000000        0xc ./Project_Settings/Startup_Code/exceptions.o
 .group         0x00000000        0xc ./Project_Settings/Startup_Code/exceptions.o
 .group         0x00000000        0xc ./Project_Settings/Startup_Code/exceptions.o
 .group         0x00000000        0xc ./Project_Settings/Startup_Code/exceptions.o
 .group         0x00000000        0xc ./Project_Settings/Startup_Code/exceptions.o
 .group         0x00000000        0xc ./Project_Settings/Startup_Code/exceptions.o
 .group         0x00000000        0xc ./Project_Settings/Startup_Code/exceptions.o
 .group         0x00000000        0xc ./Project_Settings/Startup_Code/exceptions.o
 .group         0x00000000        0xc ./Project_Settings/Startup_Code/exceptions.o
 .group         0x00000000        0xc ./Project_Settings/Startup_Code/exceptions.o
 .group         0x00000000        0xc ./Project_Settings/Startup_Code/exceptions.o
 .group         0x00000000        0xc ./Project_Settings/Startup_Code/exceptions.o
 .group         0x00000000        0xc ./Project_Settings/Startup_Code/exceptions.o
 .group         0x00000000        0xc ./Project_Settings/Startup_Code/exceptions.o
 .group         0x00000000        0xc ./Project_Settings/Startup_Code/exceptions.o
 .group         0x00000000        0xc ./Project_Settings/Startup_Code/exceptions.o
 .group         0x00000000        0xc ./Project_Settings/Startup_Code/exceptions.o
 .group         0x00000000        0xc ./Project_Settings/Startup_Code/nvic.o
 .group         0x00000000        0xc ./Project_Settings/Startup_Code/nvic.o
 .group         0x00000000        0xc ./Project_Settings/Startup_Code/nvic.o
 .group         0x00000000        0xc ./Project_Settings/Startup_Code/nvic.o
 .group         0x00000000        0xc ./Project_Settings/Startup_Code/nvic.o
 .group         0x00000000        0xc ./Project_Settings/Startup_Code/nvic.o
 .group         0x00000000        0xc ./Project_Settings/Startup_Code/nvic.o
 .group         0x00000000        0xc ./Project_Settings/Startup_Code/nvic.o
 .group         0x00000000        0xc ./Project_Settings/Startup_Code/nvic.o
 .group         0x00000000        0xc ./Project_Settings/Startup_Code/nvic.o
 .group         0x00000000        0xc ./Project_Settings/Startup_Code/nvic.o
 .group         0x00000000        0xc ./Project_Settings/Startup_Code/nvic.o
 .group         0x00000000        0xc ./Project_Settings/Startup_Code/nvic.o
 .group         0x00000000        0xc ./Project_Settings/Startup_Code/nvic.o
 .group         0x00000000        0xc ./Project_Settings/Startup_Code/nvic.o
 .group         0x00000000        0xc ./Project_Settings/Startup_Code/nvic.o
 .group         0x00000000        0xc ./Project_Settings/Startup_Code/nvic.o
 .group         0x00000000        0xc ./Project_Settings/Startup_Code/nvic.o
 .group         0x00000000        0xc ./Project_Settings/Startup_Code/nvic.o
 .group         0x00000000        0xc ./Project_Settings/Startup_Code/nvic.o
 .group         0x00000000        0xc ./Project_Settings/Startup_Code/nvic.o
 .group         0x00000000        0xc ./Project_Settings/Startup_Code/nvic.o
 .group         0x00000000        0xc ./Project_Settings/Startup_Code/nvic.o
 .group         0x00000000        0xc ./Project_Settings/Startup_Code/nvic.o
[...]
Memory Configuration

Name             Origin             Length             Attributes
int_flash_interrupts 0x00000000         0x00000400
int_flash_config 0x00000400         0x00000010
int_flash        0x00000410         0x0001fbf0
int_sram_results 0x1ffffc00         0x00000100
int_sram         0x1ffffd00         0x00002b00
int_sram_stack_c0 0x20002800         0x00001000
ram_rsvd2        0x20003800         0x00000000
*default*        0x00000000         0xffffffff

Linker script and memory map

LOAD ./Project_Settings/Startup_Code/Vector_Table.o
LOAD ./Project_Settings/Startup_Code/exceptions.o
LOAD ./Project_Settings/Startup_Code/nvic.o
LOAD ./Project_Settings/Startup_Code/startup.o
LOAD ./Project_Settings/Startup_Code/startup_cm0p.o
LOAD ./Project_Settings/Startup_Code/system.o
LOAD ./RTD/src/Clock_Ip.o
LOAD ./RTD/src/Clock_Ip_Data.o
LOAD ./RTD/src/Clock_Ip_Divider.o
LOAD ./RTD/src/Clock_Ip_DividerTrigger.o
LOAD ./RTD/src/Clock_Ip_ExtOsc.o
LOAD ./RTD/src/Clock_Ip_FracDiv.o
LOAD ./RTD/src/Clock_Ip_Frequency.o
LOAD ./RTD/src/Clock_Ip_Gate.o
LOAD ./RTD/src/Clock_Ip_IntOsc.o
LOAD ./RTD/src/Clock_Ip_Irq.o
LOAD ./RTD/src/Clock_Ip_Monitor.o
LOAD ./RTD/src/Clock_Ip_Pll.o
LOAD ./RTD/src/Clock_Ip_ProgFreqSwitch.o
LOAD ./RTD/src/Clock_Ip_Selector.o
LOAD ./RTD/src/Clock_Ip_Specific.o
LOAD ./RTD/src/Det.o
LOAD ./RTD/src/Flexio_I2c_Ip.o
LOAD ./RTD/src/Flexio_Mcl_Ip.o
LOAD ./RTD/src/Flexio_Mcl_Ip_HwAccess.o
LOAD ./RTD/src/Flexio_Mcl_Ip_Irq.o
LOAD ./RTD/src/IntCtrl_Ip.o
LOAD ./RTD/src/Lpi2c_Ip.o
LOAD ./RTD/src/Lpi2c_Ip_HwAccess.o
LOAD ./RTD/src/Lpi2c_Ip_Irq.o
LOAD ./RTD/src/OsIf_Interrupts.o
LOAD ./RTD/src/OsIf_Timer.o
LOAD ./RTD/src/OsIf_Timer_System.o
LOAD ./RTD/src/OsIf_Timer_System_Internal_Systick.o
LOAD ./RTD/src/Port_Ci_Port_Ip.o
LOAD ./RTD/src/SchM_Mcl.o
LOAD ./RTD/src/SchM_Mcu.o
LOAD ./RTD/src/SchM_Port.o
LOAD ./board/Port_Ci_Port_Ip_Cfg.o
LOAD ./generate/src/Clock_Ip_Cfg.o
LOAD ./generate/src/Flexio_I2c_Ip_VS_0_PBcfg.o
LOAD ./generate/src/Flexio_Mcl_Ip_VS_0_PBcfg.o
LOAD ./generate/src/IntCtrl_Ip_Cfg.o
LOAD ./generate/src/Lpi2c_Ip_VS_0_PBcfg.o
LOAD ./generate/src/OsIf_Cfg.o
LOAD ./src/main.o
LOAD c:/nxp/s32ds.3.6.0/s32ds/build_tools/gcc_v10.2/gcc-10.2-arm32-eabi/bin/../lib/gcc/arm-none-eabi/10.2.0/../../../../arm-none-eabi/lib/thumb/v6-m/nofp\libc_nano.a
LOAD c:/nxp/s32ds.3.6.0/s32ds/build_tools/gcc_v10.2/gcc-10.2-arm32-eabi/bin/../lib/gcc/arm-none-eabi/10.2.0/../../../../arm-none-eabi/lib/thumb/v6-m/nofp\libm.a
LOAD c:/nxp/s32ds.3.6.0/s32ds/build_tools/gcc_v10.2/gcc-10.2-arm32-eabi/bin/../lib/gcc/arm-none-eabi/10.2.0/thumb/v6-m/nofp\libgcc.a
LOAD c:/nxp/s32ds.3.6.0/s32ds/build_tools/gcc_v10.2/gcc-10.2-arm32-eabi/bin/../lib/gcc/arm-none-eabi/10.2.0/../../../../arm-none-eabi/lib/thumb/v6-m/nofp\libc_nano.a
LOAD c:/nxp/s32ds.3.6.0/s32ds/build_tools/gcc_v10.2/gcc-10.2-arm32-eabi/bin/../lib/gcc/arm-none-eabi/10.2.0/../../../../arm-none-eabi/lib/thumb/v6-m/nofp\libm.a
LOAD c:/nxp/s32ds.3.6.0/s32ds/build_tools/gcc_v10.2/gcc-10.2-arm32-eabi/bin/../lib/gcc/arm-none-eabi/10.2.0/thumb/v6-m/nofp\libgcc.a
START GROUP
LOAD c:/nxp/s32ds.3.6.0/s32ds/build_tools/gcc_v10.2/gcc-10.2-arm32-eabi/bin/../lib/gcc/arm-none-eabi/10.2.0/thumb/v6-m/nofp\libgcc.a
LOAD c:/nxp/s32ds.3.6.0/s32ds/build_tools/gcc_v10.2/gcc-10.2-arm32-eabi/bin/../lib/gcc/arm-none-eabi/10.2.0/../../../../arm-none-eabi/lib/thumb/v6-m/nofp\libg_nano.a
LOAD c:/nxp/s32ds.3.6.0/s32ds/build_tools/gcc_v10.2/gcc-10.2-arm32-eabi/bin/../lib/gcc/arm-none-eabi/10.2.0/../../../../arm-none-eabi/lib/thumb/v6-m/nofp\libc_nano.a
END GROUP
START GROUP
LOAD c:/nxp/s32ds.3.6.0/s32ds/build_tools/gcc_v10.2/gcc-10.2-arm32-eabi/bin/../lib/gcc/arm-none-eabi/10.2.0/thumb/v6-m/nofp\libgcc.a
LOAD c:/nxp/s32ds.3.6.0/s32ds/build_tools/gcc_v10.2/gcc-10.2-arm32-eabi/bin/../lib/gcc/arm-none-eabi/10.2.0/../../../../arm-none-eabi/lib/thumb/v6-m/nofp\libc_nano.a
LOAD c:/nxp/s32ds.3.6.0/s32ds/build_tools/gcc_v10.2/gcc-10.2-arm32-eabi/bin/../lib/gcc/arm-none-eabi/10.2.0/../../../../arm-none-eabi/lib/thumb/v6-m/nofp\libnosys.a
END GROUP
START GROUP
LOAD c:/nxp/s32ds.3.6.0/s32ds/build_tools/gcc_v10.2/gcc-10.2-arm32-eabi/bin/../lib/gcc/arm-none-eabi/10.2.0/thumb/v6-m/nofp\libgcc.a
LOAD c:/nxp/s32ds.3.6.0/s32ds/build_tools/gcc_v10.2/gcc-10.2-arm32-eabi/bin/../lib/gcc/arm-none-eabi/10.2.0/../../../../arm-none-eabi/lib/thumb/v6-m/nofp\libc_nano.a
LOAD c:/nxp/s32ds.3.6.0/s32ds/build_tools/gcc_v10.2/gcc-10.2-arm32-eabi/bin/../lib/gcc/arm-none-eabi/10.2.0/../../../../arm-none-eabi/lib/thumb/v6-m/nofp\libnosys.a
END GROUP
                0x00000200                HEAP_SIZE = DEFINED (__heap_size__)?__heap_size__:0x200

.flash_interrupts
                0x00000000      0x310
                0x00000000                . = ALIGN (0x100)
                0x00000000                __interrupts_rom_start = .
 *(.intc_vector)
 .intc_vector   0x00000000      0x310 ./Project_Settings/Startup_Code/Vector_Table.o
                0x00000000                VTABLE
                0x00000310                . = ALIGN (0x4)
                0x00000310                __interrupts_rom_end = .

.flash_config   0x00000400       0x10
 *(.flash_config)
 .flash_config  0x00000400       0x10 ./Project_Settings/Startup_Code/startup_cm0p.o

.flash          0x00000410     0x6b34
                0x00000410                . = ALIGN (0x4)
 *(.startup)
 .startup       0x00000410       0xac ./Project_Settings/Startup_Code/startup_cm0p.o
                0x00000410                Reset_Handler
                0x00000410                _start
                0x0000047c                MCAL_LTB_TRACE_OFF
                0x0000047e                _end_of_eunit_test
                0x000004bc                . = ALIGN (0x4)
 *(.systeminit)
 .systeminit    0x000004bc        0x2 ./Project_Settings/Startup_Code/exceptions.o
                0x000004bc                NMI_Handler
 *fill*         0x000004be        0x2 
 .systeminit    0x000004c0       0x70 ./Project_Settings/Startup_Code/system.o
                0x000004c0                SystemInit
                0x00000530                . = ALIGN (0x4)
 *(.text.startup)
 .text.startup  0x00000530      0x10c ./src/main.o
                0x00000530                main
                0x0000063c                . = ALIGN (0x4)
 *(.text)
 .text          0x0000063c        0x0 ./Project_Settings/Startup_Code/Vector_Table.o
 .text          0x0000063c       0x12 ./Project_Settings/Startup_Code/exceptions.o
                0x0000063c                HardFault_Handler
                0x0000063e                SVC_Handler
                0x00000640                MemManage_Handler
                0x00000642                BusFault_Handler
                0x00000644                UsageFault_Handler
                0x00000646                DebugMon_Handler
                0x00000648                PendSV_Handler
                0x0000064a                SysTick_Handler
                0x0000064c                undefined_handler
 *fill*         0x0000064e        0x2 
 .text          0x00000650       0x5c ./Project_Settings/Startup_Code/nvic.o
                0x00000650                NVIC_EnableIRQ
                0x00000664                NVIC_DisableIRQ
                0x00000678                NVIC_SetPriority
 .text          0x000006ac       0x50 ./Project_Settings/Startup_Code/startup.o
                0x000006ac                init_data_bss
 .text          0x000006fc        0x0 ./Project_Settings/Startup_Code/startup_cm0p.o
 .text          0x000006fc        0x8 ./Project_Settings/Startup_Code/system.o
                0x000006fc                startup_go_to_user_mode
                0x000006fe                default_interrupt_routine
                0x00000700                Sys_GetCoreID
 .text          0x00000704        0x0 ./RTD/src/Clock_Ip.o
 .text          0x00000704        0x0 ./RTD/src/Clock_Ip_Data.o
 .text          0x00000704        0x0 ./RTD/src/Clock_Ip_Divider.o
 .text          0x00000704        0x0 ./RTD/src/Clock_Ip_DividerTrigger.o
 .text          0x00000704        0x0 ./RTD/src/Clock_Ip_ExtOsc.o
 .text          0x00000704        0x0 ./RTD/src/Clock_Ip_FracDiv.o
 .text          0x00000704        0x0 ./RTD/src/Clock_Ip_Frequency.o
 .text          0x00000704        0x0 ./RTD/src/Clock_Ip_Gate.o
 .text          0x00000704        0x0 ./RTD/src/Clock_Ip_IntOsc.o
 .text          0x00000704        0x0 ./RTD/src/Clock_Ip_Irq.o
 .text          0x00000704        0x0 ./RTD/src/Clock_Ip_Monitor.o
 .text          0x00000704        0x0 ./RTD/src/Clock_Ip_Pll.o
 .text          0x00000704        0x0 ./RTD/src/Clock_Ip_ProgFreqSwitch.o
 .text          0x00000704        0x0 ./RTD/src/Clock_Ip_Selector.o
 .text          0x00000704        0x0 ./RTD/src/Clock_Ip_Specific.o
 .text          0x00000704        0x0 ./RTD/src/Det.o
 .text          0x00000704      0x14c ./RTD/src/Flexio_I2c_Ip.o
 .text          0x00000850        0x0 ./RTD/src/Flexio_Mcl_Ip.o
 .text          0x00000850        0x0 ./RTD/src/Flexio_Mcl_Ip_HwAccess.o
 .text          0x00000850        0x0 ./RTD/src/Flexio_Mcl_Ip_Irq.o
 .text          0x00000850       0x16 ./RTD/src/IntCtrl_Ip.o
 .text          0x00000866        0x0 ./RTD/src/Lpi2c_Ip.o
 .text          0x00000866        0x0 ./RTD/src/Lpi2c_Ip_HwAccess.o
 .text          0x00000866        0x0 ./RTD/src/Lpi2c_Ip_Irq.o
 .text          0x00000866        0x0 ./RTD/src/OsIf_Interrupts.o
 .text          0x00000866        0x0 ./RTD/src/OsIf_Timer.o
 .text          0x00000866        0x0 ./RTD/src/OsIf_Timer_System.o
 .text          0x00000866        0x0 ./RTD/src/OsIf_Timer_System_Internal_Systick.o
 .text          0x00000866       0x16 ./RTD/src/Port_Ci_Port_Ip.o
 .text          0x0000087c        0x6 ./RTD/src/SchM_Mcl.o
                0x0000087c                Mcl_schm_read_msr
 .text          0x00000882        0x6 ./RTD/src/SchM_Mcu.o
                0x00000882                Mcu_schm_read_msr
 .text          0x00000888        0x6 ./RTD/src/SchM_Port.o
                0x00000888                Port_schm_read_msr
 .text          0x0000088e        0x0 ./board/Port_Ci_Port_Ip_Cfg.o
 .text          0x0000088e        0x0 ./generate/src/Clock_Ip_Cfg.o
 .text          0x0000088e        0x0 ./generate/src/Flexio_I2c_Ip_VS_0_PBcfg.o
 .text          0x0000088e        0x0 ./generate/src/Flexio_Mcl_Ip_VS_0_PBcfg.o
 .text          0x0000088e        0x0 ./generate/src/IntCtrl_Ip_Cfg.o
 .text          0x0000088e        0x0 ./generate/src/Lpi2c_Ip_VS_0_PBcfg.o
 .text          0x0000088e        0x0 ./generate/src/OsIf_Cfg.o
 .text          0x0000088e        0x0 ./src/main.o
 .text          0x0000088e        0x0 c:/nxp/s32ds.3.6.0/s32ds/build_tools/gcc_v10.2/gcc-10.2-arm32-eabi/bin/../lib/gcc/arm-none-eabi/10.2.0/../../../../arm-none-eabi/lib/thumb/v6-m/nofp\libc_nano.a(lib_a-memset.o)
 *fill*         0x0000088e        0x2 
 .text          0x00000890      0x114 c:/nxp/s32ds.3.6.0/s32ds/build_tools/gcc_v10.2/gcc-10.2-arm32-eabi/bin/../lib/gcc/arm-none-eabi/10.2.0/thumb/v6-m/nofp\libgcc.a(_udivsi3.o)
                0x00000890                __aeabi_uidiv
                0x00000890                __udivsi3
                0x0000099c                __aeabi_uidivmod
 .text          0x000009a4      0x1d4 c:/nxp/s32ds.3.6.0/s32ds/build_tools/gcc_v10.2/gcc-10.2-arm32-eabi/bin/../lib/gcc/arm-none-eabi/10.2.0/thumb/v6-m/nofp\libgcc.a(_divsi3.o)
                0x000009a4                __divsi3
                0x000009a4                __aeabi_idiv
                0x00000b70                __aeabi_idivmod
 .text          0x00000b78        0x4 c:/nxp/s32ds.3.6.0/s32ds/build_tools/gcc_v10.2/gcc-10.2-arm32-eabi/bin/../lib/gcc/arm-none-eabi/10.2.0/thumb/v6-m/nofp\libgcc.a(_dvmd_tls.o)
                0x00000b78                __aeabi_idiv0
                0x00000b78                __aeabi_ldiv0
 *(.text*)
 .text.memset   0x00000b7c       0x10 c:/nxp/s32ds.3.6.0/s32ds/build_tools/gcc_v10.2/gcc-10.2-arm32-eabi/bin/../lib/gcc/arm-none-eabi/10.2.0/../../../../arm-none-eabi/lib/thumb/v6-m/nofp\libc_nano.a(lib_a-memset.o)
                0x00000b7c                memset
                0x00000b8c                . = ALIGN (0x4)
 *(.mcal_text)
 .mcal_text     0x00000b8c      0x850 ./RTD/src/Clock_Ip.o
                0x00000b8e                Clock_Ip_InitClock
                0x0000112c                Clock_Ip_GetPllStatus
                0x000011c4                Clock_Ip_DistributePll
                0x000012b4                Clock_Ip_Init
                0x000012dc                Clock_Ip_DisableClockMonitor
                0x00001304                Clock_Ip_InstallNotificationsCallback
                0x00001310                Clock_Ip_DisableModuleClock
                0x0000133c                Clock_Ip_EnableModuleClock
                0x00001368                Clock_Ip_PowerModeChangeNotification
                0x00001390                Clock_Ip_ReportClockErrors
                0x000013a0                Clock_Ip_StartTimeout
                0x000013c0                Clock_Ip_TimeoutExpired
 .mcal_text     0x000013dc      0x1e4 ./RTD/src/Clock_Ip_Divider.o
                0x000013de                Clock_Ip_SetScgAsyncDiv1_TrustedCall
                0x0000141c                Clock_Ip_SetScgAsyncDiv2_TrustedCall
                0x00001460                Clock_Ip_SetScgRunDivcore_TrustedCall
                0x00001488                Clock_Ip_SetScgRunDivbus_TrustedCall
                0x000014b0                Clock_Ip_SetScgRunDivslow_TrustedCall
                0x000014d4                Clock_Ip_SetScgVlprDivcore_TrustedCall
                0x000014fc                Clock_Ip_SetScgVlprDivbus_TrustedCall
                0x00001524                Clock_Ip_SetScgVlprDivslow_TrustedCall
                0x00001548                Clock_Ip_SetSimClkoutDiv_TrustedCall
                0x00001578                Clock_Ip_SetPccPcdDivFrac_TrustedCall
 .mcal_text     0x000015c0        0x2 ./RTD/src/Clock_Ip_DividerTrigger.o
 *fill*         0x000015c2        0x2 
 .mcal_text     0x000015c4      0x16c ./RTD/src/Clock_Ip_ExtOsc.o
                0x00001618                Clock_Ip_ResetSOSC_TrustedCall
                0x00001658                Clock_Ip_SetSOSC_TrustedCall
                0x000016f8                Clock_Ip_DisableSOSC_TrustedCall
                0x00001710                Clock_Ip_EnableSOSC_TrustedCall
 .mcal_text     0x00001730        0x6 ./RTD/src/Clock_Ip_FracDiv.o
 .mcal_text     0x00001736        0x2 ./RTD/src/Clock_Ip_Frequency.o
                0x00001736                Clock_Ip_SetExternalSignalFrequency
 .mcal_text     0x00001738      0x14c ./RTD/src/Clock_Ip_Gate.o
                0x0000173c                Clock_Ip_ClockSetSimLPO1KEnable_TrustedCall
                0x00001774                Clock_Ip_ClockSetSimLPO32KEnable_TrustedCall
                0x000017ac                Clock_Ip_ClockSetSimClkoutEnable_TrustedCall
                0x000017e8                Clock_Ip_ClockSetPccCgcEnable_TrustedCall
                0x00001838                Clock_Ip_ClockSetSimGate_TrustedCall
 .mcal_text     0x00001884      0x43c ./RTD/src/Clock_Ip_IntOsc.o
                0x000018e0                Clock_Ip_SetSirc_TrustedCall
                0x00001984                Clock_Ip_EnableSirc_TrustedCall
                0x000019ec                Clock_Ip_DisableSirc_TrustedCall
                0x00001a10                Clock_Ip_SetSircVlp_TrustedCall
                0x00001a4c                Clock_Ip_EnableSircVlp_TrustedCall
                0x00001a74                Clock_Ip_DisableSircVlp_TrustedCall
                0x00001a90                Clock_Ip_SetSircStop_TrustedCall
                0x00001acc                Clock_Ip_EnableSircStop_TrustedCall
                0x00001af4                Clock_Ip_DisableSircStop_TrustedCall
                0x00001b10                Clock_Ip_SetFirc_TrustedCall
                0x00001c40                Clock_Ip_EnableFirc_TrustedCall
                0x00001ca4                Clock_Ip_DisableFirc_TrustedCall
 .mcal_text     0x00001cc0        0x8 ./RTD/src/Clock_Ip_Irq.o
                0x00001cc0                Mcu_Cmu_ClockFail_IRQHandler
 .mcal_text     0x00001cc8      0x24c ./RTD/src/Clock_Ip_Monitor.o
                0x00001ebe                Clock_Ip_CMU_GetInterruptStatus
                0x00001ed0                Clock_Ip_CMU_ClockFailInt
 .mcal_text     0x00001f14        0x8 ./RTD/src/Clock_Ip_Pll.o
 .mcal_text     0x00001f1c        0x2 ./RTD/src/Clock_Ip_ProgFreqSwitch.o
 *fill*         0x00001f1e        0x2 
 .mcal_text     0x00001f20      0x30c ./RTD/src/Clock_Ip_Selector.o
                0x00001f22                Clock_Ip_ResetScgRunSel_TrustedCall
                0x00001f54                Clock_Ip_SetScgRunSel_TrustedCall
                0x00001f88                Clock_Ip_SetScgVlprSel_TrustedCall
                0x00001fbc                Clock_Ip_ResetSimRtcSel_TrustedCall
                0x00001fe4                Clock_Ip_SetSimRtcSel_TrustedCall
                0x00002010                Clock_Ip_ResetSimLpoSel_TrustedCall
                0x00002038                Clock_Ip_SetSimLpoSel_TrustedCall
                0x00002064                Clock_Ip_ResetScgClkoutSel_TrustedCall
                0x00002090                Clock_Ip_SetScgClkoutSel_TrustedCall
                0x000020c0                Clock_Ip_ResetSimFtmoptSel_TrustedCall
                0x0000210c                Clock_Ip_SetSimFtmoptSel_TrustedCall
                0x00002158                Clock_Ip_ResetSimClkoutSel_TrustedCall
                0x00002178                Clock_Ip_SetSimClkoutSel_TrustedCall
                0x000021a4                Clock_Ip_ResetPccPcsSelect_TrustedCall
                0x000021e4                Clock_Ip_SetPccPcsSelect_TrustedCall
 .mcal_text     0x0000222c      0x794 ./RTD/src/Clock_Ip_Specific.o
                0x0000222c                SetFircToResetValue_TrustedCall
                0x00002248                SetSimLpoclksRegister_TrustedCall
                0x000022b4                Clock_Ip_EnableCmu0Gate_TrustedCall
                0x000022d8                Clock_Ip_EnableCmu1Gate_TrustedCall
                0x000022fc                Clock_Ip_ClockPowerModeChangeNotification
                0x0000248c                Clock_Ip_Command
 .mcal_text     0x000029c0       0xa4 ./RTD/src/Det.o
                0x000029c0                Det_Init
                0x000029c2                Det_ReportError
                0x000029f8                Det_ReportRuntimeError
                0x00002a2c                Det_ReportTransientFault
                0x00002a60                Det_Start
 .mcal_text     0x00002a64      0x8a8 ./RTD/src/Flexio_I2c_Ip.o
                0x00002d3c                Flexio_I2c_Ip_MasterInit
                0x00002eec                Flexio_I2c_Ip_MasterDeinit
                0x00002f1c                Flexio_I2c_Ip_MasterSetBaudRate
                0x00002f70                Flexio_I2c_Ip_MasterGetBaudRate
                0x00002fa8                Flexio_I2c_Ip_MasterSetSlaveAddr
                0x00002fc8                Flexio_I2c_Ip_MasterSendData
                0x0000300c                Flexio_I2c_Ip_MasterReceiveData
                0x00003050                Flexio_I2c_Ip_MasterTransferAbort
                0x00003078                Flexio_I2c_Ip_MasterGetStatus
                0x00003194                Flexio_I2c_Ip_MasterSendDataBlocking
                0x000031dc                Flexio_I2c_Ip_MasterReceiveDataBlocking
                0x00003224                Flexio_I2c_Ip_SetMasterCallback
                0x00003238                Flexio_I2c_Ip_IrqHandler
 .mcal_text     0x0000330c       0x50 ./RTD/src/Flexio_Mcl_Ip.o
                0x0000330c                Flexio_Mcl_Ip_InitDevice
                0x00003340                Flexio_Mcl_Ip_DeinitDevice
 .mcal_text     0x0000335c      0x150 ./RTD/src/Flexio_Mcl_Ip_HwAccess.o
                0x0000335c                Flexio_Mcl_Ip_SetSoftwareReset
                0x0000337c                Flexio_Mcl_Ip_SetDebugEnable
                0x000033a0                Flexio_Mcl_Ip_SetEnable
                0x000033ba                Flexio_Mcl_Ip_GetShifterStatus
                0x000033c4                Flexio_Mcl_Ip_GetAllShifterStatus
                0x000033c8                Flexio_Mcl_Ip_ClearShifterStatus
                0x000033d0                Flexio_Mcl_Ip_GetShifterErrorStatus
                0x000033da                Flexio_Mcl_Ip_GetAllShifterErrorStatus
                0x000033de                Flexio_Mcl_Ip_ClearShifterErrorStatus
                0x000033e6                Flexio_Mcl_Ip_GetTimerStatus
                0x000033f0                Flexio_Mcl_Ip_GetTimerInterruptEnable
                0x000033fa                Flexio_Mcl_Ip_GetAllTimerStatus
                0x000033fe                Flexio_Mcl_Ip_ClearTimerStatus
                0x00003406                Flexio_Mcl_Ip_GetAllShifterInterrupt
                0x0000340a                Flexio_Mcl_Ip_GetAllShifterErrorInterrupt
                0x0000340e                Flexio_Mcl_Ip_SetShifterErrorInterrupt
                0x00003430                Flexio_Mcl_Ip_SetShifterInterrupt
                0x00003452                Flexio_Mcl_Ip_SetShifterDMARequest
                0x00003474                Flexio_Mcl_Ip_GetAllTimerInterrupt
                0x00003478                Flexio_Mcl_Ip_SetTimerInterrupt
                0x0000349a                Flexio_Mcl_Ip_Init
 .mcal_text     0x000034ac       0x94 ./RTD/src/Flexio_Mcl_Ip_Irq.o
                0x000034ac                MCL_FLEXIO_ISR
 .mcal_text     0x00003540      0x2a8 ./RTD/src/IntCtrl_Ip.o
                0x00003540                IntCtrl_Ip_InstallHandlerPrivileged
                0x000035a0                IntCtrl_Ip_EnableIrqPrivileged
                0x000035d0                IntCtrl_Ip_DisableIrqPrivileged
                0x00003604                IntCtrl_Ip_SetPriorityPrivileged
                0x00003660                IntCtrl_Ip_GetPriorityPrivileged
                0x00003698                IntCtrl_Ip_ClearPendingPrivileged
                0x000036cc                IntCtrl_Ip_SetPendingPrivileged
                0x00003700                IntCtrl_Ip_GetPendingPrivileged
                0x00003734                IntCtrl_Ip_Init
                0x000037a0                IntCtrl_Ip_InstallHandler
                0x000037a8                IntCtrl_Ip_EnableIrq
                0x000037b0                IntCtrl_Ip_DisableIrq
                0x000037b8                IntCtrl_Ip_SetPriority
                0x000037c0                IntCtrl_Ip_GetPriority
                0x000037c8                IntCtrl_Ip_ClearPending
                0x000037d0                IntCtrl_Ip_SetPending
                0x000037d8                IntCtrl_Ip_GetPending
 .mcal_text     0x000037e8      0xe38 ./RTD/src/Lpi2c_Ip.o
                0x00003b4c                Lpi2c_Ip_MasterSetBaudRate
                0x00003c38                Lpi2c_Ip_MasterInit
                0x00003dbc                Lpi2c_Ip_MasterDeinit
                0x00003dd8                Lpi2c_Ip_MasterGetBaudRate
                0x00003e38                Lpi2c_Ip_MasterSetSlaveAddr
                0x00003e4c                Lpi2c_Ip_MasterSendData
                0x00003ea4                Lpi2c_Ip_MasterSendDataBlocking
                0x00003f9c                Lpi2c_Ip_MasterReceiveData
                0x00003ff8                Lpi2c_Ip_MasterReceiveDataBlocking
                0x00004130                Lpi2c_Ip_MasterGetTransferStatus
                0x0000414c                Lpi2c_Ip_SlaveInit
                0x00004288                Lpi2c_Ip_StartListening
                0x00004290                Lpi2c_Ip_SlaveDeinit
                0x000042cc                Lpi2c_Ip_SlaveSetBuffer
                0x000042e0                Lpi2c_Ip_SlaveGetTransferStatus
                0x000042fc                Lpi2c_Ip_MasterIRQHandler
                0x00004434                Lpi2c_Ip_SlaveIRQHandler
                0x000045a8                Lpi2c_Ip_ModuleIRQHandler
                0x000045e8                Lpi2c_Ip_SetMasterCallback
                0x000045f8                Lpi2c_Ip_SetSlaveCallback
                0x00004608                Lpi2c_Ip_SetMasterHighSpeedMode
 .mcal_text     0x00004620       0x1e ./RTD/src/Lpi2c_Ip_HwAccess.o
                0x00004620                Lpi2c_Ip_Init
 .mcal_text     0x0000463e        0xa ./RTD/src/Lpi2c_Ip_Irq.o
                0x0000463e                LPI2C0_Master_Slave_IRQHandler
 .mcal_text     0x00004648       0x22 ./RTD/src/OsIf_Timer.o
                0x00004648                OsIf_Init
                0x00004652                OsIf_GetCounter
                0x00004656                OsIf_GetElapsed
                0x0000465c                OsIf_SetTimerFrequency
                0x0000465e                OsIf_MicrosToTicks
 *fill*         0x0000466a        0x2 
 .mcal_text     0x0000466c       0x50 ./RTD/src/OsIf_Timer_System_Internal_Systick.o
                0x0000466c                OsIf_Timer_System_Internal_Init
                0x00004688                OsIf_Timer_System_Internal_GetCounter
                0x00004698                OsIf_Timer_System_Internal_GetElapsed
 .mcal_text     0x000046bc      0x210 ./RTD/src/Port_Ci_Port_Ip.o
                0x000046bc                Port_Ci_Port_Ip_Init
                0x000047dc                Port_Ci_Port_Ip_SetMuxModeSel
                0x00004824                Port_Ci_Port_Ip_EnableDigitalFilter
                0x0000484e                Port_Ci_Port_Ip_DisableDigitalFilter
                0x00004878                Port_Ci_Port_Ip_ConfigDigitalFilter
                0x000048a4                Port_Ci_Port_Ip_SetGlobalPinControl
 .mcal_text     0x000048cc     0x10e4 ./RTD/src/SchM_Mcl.o
                0x000048cc                SchM_Enter_Mcl_MCL_EXCLUSIVE_AREA_00
                0x000048fc                SchM_Exit_Mcl_MCL_EXCLUSIVE_AREA_00
                0x00004928                SchM_Enter_Mcl_MCL_EXCLUSIVE_AREA_01
                0x00004958                SchM_Exit_Mcl_MCL_EXCLUSIVE_AREA_01
                0x00004984                SchM_Enter_Mcl_MCL_EXCLUSIVE_AREA_02
                0x000049b4                SchM_Exit_Mcl_MCL_EXCLUSIVE_AREA_02
                0x000049e0                SchM_Enter_Mcl_MCL_EXCLUSIVE_AREA_03
                0x00004a10                SchM_Exit_Mcl_MCL_EXCLUSIVE_AREA_03
                0x00004a3c                SchM_Enter_Mcl_MCL_EXCLUSIVE_AREA_04
                0x00004a6c                SchM_Exit_Mcl_MCL_EXCLUSIVE_AREA_04
                0x00004a98                SchM_Enter_Mcl_MCL_EXCLUSIVE_AREA_05
                0x00004ac8                SchM_Exit_Mcl_MCL_EXCLUSIVE_AREA_05
                0x00004af4                SchM_Enter_Mcl_MCL_EXCLUSIVE_AREA_06
                0x00004b24                SchM_Exit_Mcl_MCL_EXCLUSIVE_AREA_06
                0x00004b50                SchM_Enter_Mcl_MCL_EXCLUSIVE_AREA_07
                0x00004b80                SchM_Exit_Mcl_MCL_EXCLUSIVE_AREA_07
                0x00004bac                SchM_Enter_Mcl_MCL_EXCLUSIVE_AREA_08
                0x00004bdc                SchM_Exit_Mcl_MCL_EXCLUSIVE_AREA_08
                0x00004c08                SchM_Enter_Mcl_MCL_EXCLUSIVE_AREA_09
                0x00004c38                SchM_Exit_Mcl_MCL_EXCLUSIVE_AREA_09
                0x00004c64                SchM_Enter_Mcl_MCL_EXCLUSIVE_AREA_10
                0x00004c94                SchM_Exit_Mcl_MCL_EXCLUSIVE_AREA_10
                0x00004cc0                SchM_Enter_Mcl_MCL_EXCLUSIVE_AREA_11
                0x00004cf0                SchM_Exit_Mcl_MCL_EXCLUSIVE_AREA_11
                0x00004d1c                SchM_Enter_Mcl_MCL_EXCLUSIVE_AREA_12
                0x00004d4c                SchM_Exit_Mcl_MCL_EXCLUSIVE_AREA_12
                0x00004d78                SchM_Enter_Mcl_MCL_EXCLUSIVE_AREA_13
                0x00004da8                SchM_Exit_Mcl_MCL_EXCLUSIVE_AREA_13
                0x00004dd4                SchM_Enter_Mcl_MCL_EXCLUSIVE_AREA_14
                0x00004e04                SchM_Exit_Mcl_MCL_EXCLUSIVE_AREA_14
                0x00004e30                SchM_Enter_Mcl_MCL_EXCLUSIVE_AREA_15
                0x00004e60                SchM_Exit_Mcl_MCL_EXCLUSIVE_AREA_15
                0x00004e8c                SchM_Enter_Mcl_MCL_EXCLUSIVE_AREA_16
                0x00004ebc                SchM_Exit_Mcl_MCL_EXCLUSIVE_AREA_16
                0x00004ee8                SchM_Enter_Mcl_MCL_EXCLUSIVE_AREA_17
                0x00004f18                SchM_Exit_Mcl_MCL_EXCLUSIVE_AREA_17
                0x00004f44                SchM_Enter_Mcl_MCL_EXCLUSIVE_AREA_18
                0x00004f74                SchM_Exit_Mcl_MCL_EXCLUSIVE_AREA_18
                0x00004fa0                SchM_Enter_Mcl_MCL_EXCLUSIVE_AREA_19
                0x00004fd0                SchM_Exit_Mcl_MCL_EXCLUSIVE_AREA_19
                0x00004ffc                SchM_Enter_Mcl_MCL_EXCLUSIVE_AREA_20
                0x0000502c                SchM_Exit_Mcl_MCL_EXCLUSIVE_AREA_20
                0x00005058                SchM_Enter_Mcl_MCL_EXCLUSIVE_AREA_21
                0x00005088                SchM_Exit_Mcl_MCL_EXCLUSIVE_AREA_21
                0x000050b4                SchM_Enter_Mcl_MCL_EXCLUSIVE_AREA_22
                0x000050e4                SchM_Exit_Mcl_MCL_EXCLUSIVE_AREA_22
                0x00005110                SchM_Enter_Mcl_MCL_EXCLUSIVE_AREA_23
                0x00005140                SchM_Exit_Mcl_MCL_EXCLUSIVE_AREA_23
                0x0000516c                SchM_Enter_Mcl_MCL_EXCLUSIVE_AREA_24
                0x0000519c                SchM_Exit_Mcl_MCL_EXCLUSIVE_AREA_24
                0x000051c8                SchM_Enter_Mcl_MCL_EXCLUSIVE_AREA_25
                0x000051f8                SchM_Exit_Mcl_MCL_EXCLUSIVE_AREA_25
                0x00005224                SchM_Enter_Mcl_MCL_EXCLUSIVE_AREA_26
                0x00005254                SchM_Exit_Mcl_MCL_EXCLUSIVE_AREA_26
                0x00005280                SchM_Enter_Mcl_MCL_EXCLUSIVE_AREA_27
                0x000052b0                SchM_Exit_Mcl_MCL_EXCLUSIVE_AREA_27
                0x000052dc                SchM_Enter_Mcl_MCL_EXCLUSIVE_AREA_28
                0x0000530c                SchM_Exit_Mcl_MCL_EXCLUSIVE_AREA_28
                0x00005338                SchM_Enter_Mcl_MCL_EXCLUSIVE_AREA_29
                0x00005368                SchM_Exit_Mcl_MCL_EXCLUSIVE_AREA_29
                0x00005394                SchM_Enter_Mcl_MCL_EXCLUSIVE_AREA_30
                0x000053c4                SchM_Exit_Mcl_MCL_EXCLUSIVE_AREA_30
                0x000053f0                SchM_Enter_Mcl_MCL_EXCLUSIVE_AREA_31
                0x00005420                SchM_Exit_Mcl_MCL_EXCLUSIVE_AREA_31
                0x0000544c                SchM_Enter_Mcl_MCL_EXCLUSIVE_AREA_32
                0x0000547c                SchM_Exit_Mcl_MCL_EXCLUSIVE_AREA_32
                0x000054a8                SchM_Enter_Mcl_MCL_EXCLUSIVE_AREA_33
                0x000054d8                SchM_Exit_Mcl_MCL_EXCLUSIVE_AREA_33
                0x00005504                SchM_Enter_Mcl_MCL_EXCLUSIVE_AREA_34
                0x00005534                SchM_Exit_Mcl_MCL_EXCLUSIVE_AREA_34
                0x00005560                SchM_Enter_Mcl_MCL_EXCLUSIVE_AREA_35
                0x00005590                SchM_Exit_Mcl_MCL_EXCLUSIVE_AREA_35
                0x000055bc                SchM_Enter_Mcl_MCL_EXCLUSIVE_AREA_36
                0x000055ec                SchM_Exit_Mcl_MCL_EXCLUSIVE_AREA_36
                0x00005618                SchM_Enter_Mcl_MCL_EXCLUSIVE_AREA_37
                0x00005648                SchM_Exit_Mcl_MCL_EXCLUSIVE_AREA_37
                0x00005674                SchM_Enter_Mcl_MCL_EXCLUSIVE_AREA_38
                0x000056a4                SchM_Exit_Mcl_MCL_EXCLUSIVE_AREA_38
                0x000056d0                SchM_Enter_Mcl_MCL_EXCLUSIVE_AREA_39
                0x00005700                SchM_Exit_Mcl_MCL_EXCLUSIVE_AREA_39
                0x0000572c                SchM_Enter_Mcl_MCL_EXCLUSIVE_AREA_40
                0x0000575c                SchM_Exit_Mcl_MCL_EXCLUSIVE_AREA_40
                0x00005788                SchM_Enter_Mcl_MCL_EXCLUSIVE_AREA_41
                0x000057b8                SchM_Exit_Mcl_MCL_EXCLUSIVE_AREA_41
                0x000057e4                SchM_Enter_Mcl_MCL_EXCLUSIVE_AREA_42
                0x00005814                SchM_Exit_Mcl_MCL_EXCLUSIVE_AREA_42
                0x00005840                SchM_Enter_Mcl_MCL_EXCLUSIVE_AREA_43
                0x00005870                SchM_Exit_Mcl_MCL_EXCLUSIVE_AREA_43
                0x0000589c                SchM_Enter_Mcl_MCL_EXCLUSIVE_AREA_44
                0x000058cc                SchM_Exit_Mcl_MCL_EXCLUSIVE_AREA_44
                0x000058f8                SchM_Enter_Mcl_MCL_EXCLUSIVE_AREA_45
                0x00005928                SchM_Exit_Mcl_MCL_EXCLUSIVE_AREA_45
                0x00005954                SchM_Enter_Mcl_MCL_EXCLUSIVE_AREA_46
                0x00005984                SchM_Exit_Mcl_MCL_EXCLUSIVE_AREA_46
 .mcal_text     0x000059b0      0x114 ./RTD/src/SchM_Mcu.o
                0x000059b0                SchM_Enter_Mcu_MCU_EXCLUSIVE_AREA_00
                0x000059e0                SchM_Exit_Mcu_MCU_EXCLUSIVE_AREA_00
                0x00005a0c                SchM_Enter_Mcu_MCU_EXCLUSIVE_AREA_01
                0x00005a3c                SchM_Exit_Mcu_MCU_EXCLUSIVE_AREA_01
                0x00005a68                SchM_Enter_Mcu_MCU_EXCLUSIVE_AREA_02
                0x00005a98                SchM_Exit_Mcu_MCU_EXCLUSIVE_AREA_02
 .mcal_text     0x00005ac4      0xa10 ./RTD/src/SchM_Port.o
                0x00005ac4                SchM_Enter_Port_PORT_EXCLUSIVE_AREA_00
                0x00005af4                SchM_Exit_Port_PORT_EXCLUSIVE_AREA_00
                0x00005b20                SchM_Enter_Port_PORT_EXCLUSIVE_AREA_01
                0x00005b50                SchM_Exit_Port_PORT_EXCLUSIVE_AREA_01
                0x00005b7c                SchM_Enter_Port_PORT_EXCLUSIVE_AREA_02
                0x00005bac                SchM_Exit_Port_PORT_EXCLUSIVE_AREA_02
                0x00005bd8                SchM_Enter_Port_PORT_EXCLUSIVE_AREA_03
                0x00005c08                SchM_Exit_Port_PORT_EXCLUSIVE_AREA_03
                0x00005c34                SchM_Enter_Port_PORT_EXCLUSIVE_AREA_04
                0x00005c64                SchM_Exit_Port_PORT_EXCLUSIVE_AREA_04
                0x00005c90                SchM_Enter_Port_PORT_EXCLUSIVE_AREA_05
                0x00005cc0                SchM_Exit_Port_PORT_EXCLUSIVE_AREA_05
                0x00005cec                SchM_Enter_Port_PORT_EXCLUSIVE_AREA_06
                0x00005d1c                SchM_Exit_Port_PORT_EXCLUSIVE_AREA_06
                0x00005d48                SchM_Enter_Port_PORT_EXCLUSIVE_AREA_07
                0x00005d78                SchM_Exit_Port_PORT_EXCLUSIVE_AREA_07
                0x00005da4                SchM_Enter_Port_PORT_EXCLUSIVE_AREA_08
                0x00005dd4                SchM_Exit_Port_PORT_EXCLUSIVE_AREA_08
                0x00005e00                SchM_Enter_Port_PORT_EXCLUSIVE_AREA_09
                0x00005e30                SchM_Exit_Port_PORT_EXCLUSIVE_AREA_09
                0x00005e5c                SchM_Enter_Port_PORT_EXCLUSIVE_AREA_10
                0x00005e8c                SchM_Exit_Port_PORT_EXCLUSIVE_AREA_10
                0x00005eb8                SchM_Enter_Port_PORT_EXCLUSIVE_AREA_11
                0x00005ee8                SchM_Exit_Port_PORT_EXCLUSIVE_AREA_11
                0x00005f14                SchM_Enter_Port_PORT_EXCLUSIVE_AREA_12
                0x00005f44                SchM_Exit_Port_PORT_EXCLUSIVE_AREA_12
                0x00005f70                SchM_Enter_Port_PORT_EXCLUSIVE_AREA_13
                0x00005fa0                SchM_Exit_Port_PORT_EXCLUSIVE_AREA_13
                0x00005fcc                SchM_Enter_Port_PORT_EXCLUSIVE_AREA_14
                0x00005ffc                SchM_Exit_Port_PORT_EXCLUSIVE_AREA_14
                0x00006028                SchM_Enter_Port_PORT_EXCLUSIVE_AREA_15
                0x00006058                SchM_Exit_Port_PORT_EXCLUSIVE_AREA_15
                0x00006084                SchM_Enter_Port_PORT_EXCLUSIVE_AREA_16
                0x000060b4                SchM_Exit_Port_PORT_EXCLUSIVE_AREA_16
                0x000060e0                SchM_Enter_Port_PORT_EXCLUSIVE_AREA_17
                0x00006110                SchM_Exit_Port_PORT_EXCLUSIVE_AREA_17
                0x0000613c                SchM_Enter_Port_PORT_EXCLUSIVE_AREA_18
                0x0000616c                SchM_Exit_Port_PORT_EXCLUSIVE_AREA_18
                0x00006198                SchM_Enter_Port_PORT_EXCLUSIVE_AREA_19
                0x000061c8                SchM_Exit_Port_PORT_EXCLUSIVE_AREA_19
                0x000061f4                SchM_Enter_Port_PORT_EXCLUSIVE_AREA_20
                0x00006224                SchM_Exit_Port_PORT_EXCLUSIVE_AREA_20
                0x00006250                SchM_Enter_Port_PORT_EXCLUSIVE_AREA_21
                0x00006280                SchM_Exit_Port_PORT_EXCLUSIVE_AREA_21
                0x000062ac                SchM_Enter_Port_PORT_EXCLUSIVE_AREA_22
                0x000062dc                SchM_Exit_Port_PORT_EXCLUSIVE_AREA_22
                0x00006308                SchM_Enter_Port_PORT_EXCLUSIVE_AREA_23
                0x00006338                SchM_Exit_Port_PORT_EXCLUSIVE_AREA_23
                0x00006364                SchM_Enter_Port_PORT_EXCLUSIVE_AREA_24
                0x00006394                SchM_Exit_Port_PORT_EXCLUSIVE_AREA_24
                0x000063c0                SchM_Enter_Port_PORT_EXCLUSIVE_AREA_25
                0x000063f0                SchM_Exit_Port_PORT_EXCLUSIVE_AREA_25
                0x0000641c                SchM_Enter_Port_PORT_EXCLUSIVE_AREA_26
                0x0000644c                SchM_Exit_Port_PORT_EXCLUSIVE_AREA_26
                0x00006478                SchM_Enter_Port_PORT_EXCLUSIVE_AREA_27
                0x000064a8                SchM_Exit_Port_PORT_EXCLUSIVE_AREA_27
 .mcal_text     0x000064d4       0x28 ./src/main.o
                0x000064d4                I2c_SlaveCallback
                0x000064fc                . = ALIGN (0x4)
                0x000064fc                acfls_code_rom_start = .
                0x000064fc                . = ALIGN (0x4)
 *(.acfls_code_rom)
                0x000064fc                . = ALIGN (0x4)
 *(.acmem_43_INFLS_code_rom)
                0x000064fc                . = ALIGN (0x4)
                0x000064fc                acfls_code_rom_end = .
 *(.init)
                0x000064fc                . = ALIGN (0x4)
 *(.fini)
                0x000064fc                . = ALIGN (0x4)
 *(.rodata)
 .rodata        0x000064fc       0x20 ./RTD/src/Lpi2c_Ip.o
 .rodata        0x0000651c        0x2 ./generate/src/Flexio_Mcl_Ip_VS_0_PBcfg.o
                0x0000651c                Flexio_Ip_xFlexioInit
 *(.rodata*)
                0x00006520                . = ALIGN (0x4)
 *fill*         0x0000651e        0x2 
 *(.mcal_const_cfg)
 .mcal_const_cfg
                0x00006520      0x34c ./generate/src/Clock_Ip_Cfg.o
                0x00006520                Clock_Ip_aClockConfig
 .mcal_const_cfg
                0x0000686c       0x20 ./generate/src/IntCtrl_Ip_Cfg.o
                0x0000686c                IntCtrlConfig_0
 .mcal_const_cfg
                0x0000688c       0x24 ./generate/src/Lpi2c_Ip_VS_0_PBcfg.o
                0x0000688c                I2c_Lpi2cSlaveChannel0_VS_0
                0x000068b0                . = ALIGN (0x4)
 *(.mcal_const)
 .mcal_const    0x000068b0      0x4cd ./RTD/src/Clock_Ip_Data.o
                0x000068b0                Clock_Ip_aeHwDfsName
                0x000068b4                Clock_Ip_aeHwPllName
                0x000068b8                Clock_Ip_aeSourceTypeClockName
                0x00006950                Clock_Ip_axCmuInfo
                0x00006970                Clock_Ip_aeCmuNames
                0x00006978                Clock_Ip_apxCmu
                0x00006980                Clock_Ip_apxScgPeriphAsyncDivs
                0x0000698c                Clock_Ip_au8DividerValueHardwareValue
                0x000069cd                Clock_Ip_au8SelectorEntrySIMHardwareValue
                0x000069f3                Clock_Ip_au8SelectorEntryPcsHardwareValue
                0x00006a19                Clock_Ip_au8SelectorEntryScsHardwareValue
                0x00006a3f                Clock_Ip_au16SelectorEntryHardwareValue
                0x00006a87                Clock_Ip_au8ClockFeatures
                0x00006d0f                Clock_Ip_au8CmuCallbackIndex
                0x00006d1a                Clock_Ip_au8PcfsCallbackIndex
                0x00006d25                Clock_Ip_au8SelectorCallbackIndex
                0x00006d30                Clock_Ip_au8PllCallbackIndex
                0x00006d3b                Clock_Ip_au8FractionalDividerCallbackIndex
                0x00006d46                Clock_Ip_au8GateCallbackIndex
                0x00006d51                Clock_Ip_au8IrcoscCallbackIndex
                0x00006d5c                Clock_Ip_au8XoscCallbackIndex
                0x00006d67                Clock_Ip_au8DividerTriggerCallbackIndex
                0x00006d72                Clock_Ip_au8DividerCallbackIndex
 *fill*         0x00006d7d        0x3 
 .mcal_const    0x00006d80       0x2c ./RTD/src/Clock_Ip_Divider.o
                0x00006d80                Clock_Ip_axDividerCallbacks
 .mcal_const    0x00006dac        0x8 ./RTD/src/Clock_Ip_DividerTrigger.o
                0x00006dac                Clock_Ip_axDividerTriggerCallbacks
 .mcal_const    0x00006db4       0x28 ./RTD/src/Clock_Ip_ExtOsc.o
                0x00006db4                Clock_Ip_axExtOscCallbacks
 .mcal_const    0x00006ddc        0xc ./RTD/src/Clock_Ip_FracDiv.o
                0x00006ddc                Clock_Ip_axFracDivCallbacks
 .mcal_const    0x00006de8       0x30 ./RTD/src/Clock_Ip_Gate.o
                0x00006de8                Clock_Ip_axGateCallbacks
 .mcal_const    0x00006e18       0x3c ./RTD/src/Clock_Ip_IntOsc.o
                0x00006e18                Clock_Ip_axIntOscCallbacks
 .mcal_const    0x00006e54       0x20 ./RTD/src/Clock_Ip_Monitor.o
                0x00006e54                Clock_Ip_axCmuCallbacks
 .mcal_const    0x00006e74       0x14 ./RTD/src/Clock_Ip_Pll.o
                0x00006e74                Clock_Ip_axPllCallbacks
 .mcal_const    0x00006e88        0x4 ./RTD/src/Clock_Ip_ProgFreqSwitch.o
                0x00006e88                Clock_Ip_axPcfsCallbacks
 .mcal_const    0x00006e8c       0x48 ./RTD/src/Clock_Ip_Selector.o
                0x00006e8c                Clock_Ip_axSelectorCallbacks
 .mcal_const    0x00006ed4       0x1c ./RTD/src/Clock_Ip_Specific.o
 .mcal_const    0x00006ef0        0x4 ./RTD/src/Flexio_Mcl_Ip.o
                0x00006ef0                Flexio_Ip_paxBase
 .mcal_const    0x00006ef4       0x28 ./RTD/src/Port_Ci_Port_Ip.o
                0x00006ef4                Port_au32PortCiGpioBaseAddr
                0x00006f08                Port_au32PortCiPortBaseAddr
                0x00006f1c                . = ALIGN (0x4)
 *(.mcal_const_no_cacheable)
                0x00006f1c                . = ALIGN (0x4)
                0x00006f1c                __init_table = .
 *(.init_table)
 .init_table    0x00006f1c       0x1c ./Project_Settings/Startup_Code/startup_cm0p.o
                0x00006f38                . = ALIGN (0x4)
                0x00006f38                __zero_table = .
 *(.zero_table)
 .zero_table    0x00006f38        0xc ./Project_Settings/Startup_Code/startup_cm0p.o
                0x00006f44                . = ALIGN (0x4)
 *(.acmcu_code_rom)
                0x00006f44                . = ALIGN (0x4)
                0x00006f44                _etext = .
                0x00006f44                __DATA_ROM = .

.glue_7         0x00006f44        0x0
 .glue_7        0x00006f44        0x0 linker stubs

.glue_7t        0x00006f44        0x0
 .glue_7t       0x00006f44        0x0 linker stubs

.vfp11_veneer   0x00006f44        0x0
 .vfp11_veneer  0x00006f44        0x0 linker stubs

.v4_bx          0x00006f44        0x0
 .v4_bx         0x00006f44        0x0 linker stubs

.iplt           0x00006f44        0x0
 .iplt          0x00006f44        0x0 ./Project_Settings/Startup_Code/Vector_Table.o

.igot.plt       0x00006f44        0x0
 .igot.plt      0x00006f44        0x0 ./Project_Settings/Startup_Code/Vector_Table.o

.rel.dyn        0x00006f44        0x0
 .rel.iplt      0x00006f44        0x0 ./Project_Settings/Startup_Code/Vector_Table.o
                0x00006f44                . = ALIGN (0x4)
                [!provide]                PROVIDE (__exidx_start = .)

.ARM.exidx
 *(.ARM.exidx* .gnu.linkonce.armexidx.*)
                0x00006f44                . = ALIGN (0x4)
                [!provide]                PROVIDE (__exidx_end = .)

.ARM.extab      0x1ffffd00        0x0
 *(.ARM.extab*)
                0x1ffffd00                . = ALIGN (0x4)

.sram_interrupts
                0x1ffffd00      0x310
                0x1ffffd00                . = ALIGN (0x100)
                0x1ffffd00                __interrupts_ram_start = .
                0x20000010                . = (. + (__interrupts_rom_end - __interrupts_rom_start))
 *fill*         0x1ffffd00      0x310 
                0x20000010                . = ALIGN (0x4)
                0x20000010                __interrupts_ram_end = .

.sram_data      0x20000010       0xdc load address 0x00006f44
                0x20000010                . = ALIGN (0x4)
                0x20000010                __data_ram_start = .
 *(.ramcode)
                0x20000010                . = ALIGN (0x4)
 *(.data)
 .data          0x20000010        0x0 ./Project_Settings/Startup_Code/Vector_Table.o
 .data          0x20000010        0x0 ./Project_Settings/Startup_Code/exceptions.o
 .data          0x20000010        0x0 ./Project_Settings/Startup_Code/nvic.o
 .data          0x20000010        0x0 ./Project_Settings/Startup_Code/startup.o
 .data          0x20000010        0x0 ./Project_Settings/Startup_Code/startup_cm0p.o
 .data          0x20000010        0x0 ./Project_Settings/Startup_Code/system.o
 .data          0x20000010        0x4 ./RTD/src/Clock_Ip.o
 .data          0x20000014        0x0 ./RTD/src/Clock_Ip_Data.o
 .data          0x20000014        0x0 ./RTD/src/Clock_Ip_Divider.o
 .data          0x20000014        0x0 ./RTD/src/Clock_Ip_DividerTrigger.o
 .data          0x20000014        0x0 ./RTD/src/Clock_Ip_ExtOsc.o
 .data          0x20000014        0x0 ./RTD/src/Clock_Ip_FracDiv.o
 .data          0x20000014        0x0 ./RTD/src/Clock_Ip_Frequency.o
 .data          0x20000014        0x0 ./RTD/src/Clock_Ip_Gate.o
 .data          0x20000014        0x0 ./RTD/src/Clock_Ip_IntOsc.o
 .data          0x20000014        0x0 ./RTD/src/Clock_Ip_Irq.o
 .data          0x20000014        0x0 ./RTD/src/Clock_Ip_Monitor.o
 .data          0x20000014        0x0 ./RTD/src/Clock_Ip_Pll.o
 .data          0x20000014        0x0 ./RTD/src/Clock_Ip_ProgFreqSwitch.o
 .data          0x20000014        0x0 ./RTD/src/Clock_Ip_Selector.o
 .data          0x20000014        0x0 ./RTD/src/Clock_Ip_Specific.o
 .data          0x20000014        0x0 ./RTD/src/Det.o
 .data          0x20000014        0x0 ./RTD/src/Flexio_I2c_Ip.o
 .data          0x20000014        0x0 ./RTD/src/Flexio_Mcl_Ip.o
 .data          0x20000014        0x0 ./RTD/src/Flexio_Mcl_Ip_HwAccess.o
 .data          0x20000014        0x0 ./RTD/src/Flexio_Mcl_Ip_Irq.o
 .data          0x20000014        0x0 ./RTD/src/IntCtrl_Ip.o
 .data          0x20000014        0x0 ./RTD/src/Lpi2c_Ip.o
 .data          0x20000014        0x0 ./RTD/src/Lpi2c_Ip_HwAccess.o
 .data          0x20000014        0x0 ./RTD/src/Lpi2c_Ip_Irq.o
 .data          0x20000014        0x0 ./RTD/src/OsIf_Interrupts.o
 .data          0x20000014        0x0 ./RTD/src/OsIf_Timer.o
 .data          0x20000014        0x0 ./RTD/src/OsIf_Timer_System.o
 .data          0x20000014        0x0 ./RTD/src/OsIf_Timer_System_Internal_Systick.o
 .data          0x20000014        0x0 ./RTD/src/Port_Ci_Port_Ip.o
 .data          0x20000014        0x0 ./RTD/src/SchM_Mcl.o
 .data          0x20000014        0x0 ./RTD/src/SchM_Mcu.o
 .data          0x20000014        0x0 ./RTD/src/SchM_Port.o
 .data          0x20000014       0xa0 ./board/Port_Ci_Port_Ip_Cfg.o
                0x20000014                g_pin_mux_InitConfigArr_BOARD_InitPins
 .data          0x200000b4        0x0 ./generate/src/Clock_Ip_Cfg.o
 .data          0x200000b4       0x2c ./generate/src/Flexio_I2c_Ip_VS_0_PBcfg.o
                0x200000b4                Flexio_I2cMasterChannel0_VS_0
 .data          0x200000e0        0x0 ./generate/src/Flexio_Mcl_Ip_VS_0_PBcfg.o
 .data          0x200000e0        0x0 ./generate/src/IntCtrl_Ip_Cfg.o
 .data          0x200000e0        0x0 ./generate/src/Lpi2c_Ip_VS_0_PBcfg.o
 .data          0x200000e0        0x0 ./generate/src/OsIf_Cfg.o
 .data          0x200000e0        0x8 ./src/main.o
                0x200000e0                txBuffer
 .data          0x200000e8        0x0 c:/nxp/s32ds.3.6.0/s32ds/build_tools/gcc_v10.2/gcc-10.2-arm32-eabi/bin/../lib/gcc/arm-none-eabi/10.2.0/../../../../arm-none-eabi/lib/thumb/v6-m/nofp\libc_nano.a(lib_a-memset.o)
 .data          0x200000e8        0x0 c:/nxp/s32ds.3.6.0/s32ds/build_tools/gcc_v10.2/gcc-10.2-arm32-eabi/bin/../lib/gcc/arm-none-eabi/10.2.0/thumb/v6-m/nofp\libgcc.a(_udivsi3.o)
 .data          0x200000e8        0x0 c:/nxp/s32ds.3.6.0/s32ds/build_tools/gcc_v10.2/gcc-10.2-arm32-eabi/bin/../lib/gcc/arm-none-eabi/10.2.0/thumb/v6-m/nofp\libgcc.a(_divsi3.o)
 .data          0x200000e8        0x0 c:/nxp/s32ds.3.6.0/s32ds/build_tools/gcc_v10.2/gcc-10.2-arm32-eabi/bin/../lib/gcc/arm-none-eabi/10.2.0/thumb/v6-m/nofp\libgcc.a(_dvmd_tls.o)
 *(.data*)
                0x200000e8                . = ALIGN (0x4)
 *(.mcal_data)
 .mcal_data     0x200000e8        0x1 ./RTD/src/Clock_Ip.o
                0x200000e8                Clock_Ip_bSentFromUpdateDriverContext
 .mcal_data     0x200000e9        0x2 ./RTD/src/Clock_Ip_Specific.o
                0x200000ec                . = ALIGN (0x4)
 *fill*         0x200000eb        0x1 
 *(.mcal_data_no_cacheable)
                0x200000ec                . = ALIGN (0x4)
                0x200000ec                __data_ram_end = .
                0x00007020                __DATA_ROM_END = (__DATA_ROM + (__data_ram_end - __data_ram_start))

.sram_bss       0x200000ec      0x4a8 load address 0x00007020
                0x200000f0                . = ALIGN (0x10)
 *fill*         0x200000ec        0x4 
                0x200000f0                __sram_bss_start = .
 *(.bss)
 .bss           0x200000f0        0x0 ./Project_Settings/Startup_Code/Vector_Table.o
 .bss           0x200000f0        0x0 ./Project_Settings/Startup_Code/exceptions.o
 .bss           0x200000f0        0x0 ./Project_Settings/Startup_Code/nvic.o
 .bss           0x200000f0        0x0 ./Project_Settings/Startup_Code/startup.o
 .bss           0x200000f0        0x0 ./Project_Settings/Startup_Code/startup_cm0p.o
 .bss           0x200000f0        0x4 ./Project_Settings/Startup_Code/system.o
                0x200000f0                RESET_CATCH_CORE
 .bss           0x200000f4        0x0 ./RTD/src/Clock_Ip.o
 .bss           0x200000f4        0x0 ./RTD/src/Clock_Ip_Data.o
 .bss           0x200000f4        0x0 ./RTD/src/Clock_Ip_Divider.o
 .bss           0x200000f4        0x0 ./RTD/src/Clock_Ip_DividerTrigger.o
 .bss           0x200000f4        0x0 ./RTD/src/Clock_Ip_ExtOsc.o
 .bss           0x200000f4        0x0 ./RTD/src/Clock_Ip_FracDiv.o
 .bss           0x200000f4        0x0 ./RTD/src/Clock_Ip_Frequency.o
 .bss           0x200000f4        0x0 ./RTD/src/Clock_Ip_Gate.o
 .bss           0x200000f4        0x0 ./RTD/src/Clock_Ip_IntOsc.o
 .bss           0x200000f4        0x0 ./RTD/src/Clock_Ip_Irq.o
 .bss           0x200000f4        0x0 ./RTD/src/Clock_Ip_Monitor.o
 .bss           0x200000f4        0x0 ./RTD/src/Clock_Ip_Pll.o
 .bss           0x200000f4        0x0 ./RTD/src/Clock_Ip_ProgFreqSwitch.o
 .bss           0x200000f4        0x0 ./RTD/src/Clock_Ip_Selector.o
 .bss           0x200000f4        0x0 ./RTD/src/Clock_Ip_Specific.o
 .bss           0x200000f4        0x0 ./RTD/src/Det.o
 .bss           0x200000f4        0x0 ./RTD/src/Flexio_I2c_Ip.o
 .bss           0x200000f4        0x0 ./RTD/src/Flexio_Mcl_Ip.o
 .bss           0x200000f4        0x0 ./RTD/src/Flexio_Mcl_Ip_HwAccess.o
 .bss           0x200000f4        0x0 ./RTD/src/Flexio_Mcl_Ip_Irq.o
 .bss           0x200000f4        0x0 ./RTD/src/IntCtrl_Ip.o
 .bss           0x200000f4        0x0 ./RTD/src/Lpi2c_Ip.o
 .bss           0x200000f4        0x0 ./RTD/src/Lpi2c_Ip_HwAccess.o
 .bss           0x200000f4        0x0 ./RTD/src/Lpi2c_Ip_Irq.o
 .bss           0x200000f4        0x0 ./RTD/src/OsIf_Interrupts.o
 .bss           0x200000f4        0x0 ./RTD/src/OsIf_Timer.o
 .bss           0x200000f4        0x0 ./RTD/src/OsIf_Timer_System.o
 .bss           0x200000f4        0x0 ./RTD/src/OsIf_Timer_System_Internal_Systick.o
 .bss           0x200000f4        0x0 ./RTD/src/Port_Ci_Port_Ip.o
 .bss           0x200000f4        0x0 ./RTD/src/SchM_Mcl.o
 .bss           0x200000f4        0x0 ./RTD/src/SchM_Mcu.o
 .bss           0x200000f4        0x0 ./RTD/src/SchM_Port.o
 .bss           0x200000f4        0x0 ./board/Port_Ci_Port_Ip_Cfg.o
 .bss           0x200000f4        0x0 ./generate/src/Clock_Ip_Cfg.o
 .bss           0x200000f4        0x0 ./generate/src/Flexio_I2c_Ip_VS_0_PBcfg.o
 .bss           0x200000f4        0x0 ./generate/src/Flexio_Mcl_Ip_VS_0_PBcfg.o
 .bss           0x200000f4        0x0 ./generate/src/IntCtrl_Ip_Cfg.o
 .bss           0x200000f4        0x0 ./generate/src/Lpi2c_Ip_VS_0_PBcfg.o
 .bss           0x200000f4        0x0 ./generate/src/OsIf_Cfg.o
 .bss           0x200000f4       0x14 ./src/main.o
                0x200000f4                rxBufferSlave
                0x200000fc                rxBufferMaster
                0x20000104                exit_code
 .bss           0x20000108        0x0 c:/nxp/s32ds.3.6.0/s32ds/build_tools/gcc_v10.2/gcc-10.2-arm32-eabi/bin/../lib/gcc/arm-none-eabi/10.2.0/../../../../arm-none-eabi/lib/thumb/v6-m/nofp\libc_nano.a(lib_a-memset.o)
 .bss           0x20000108        0x0 c:/nxp/s32ds.3.6.0/s32ds/build_tools/gcc_v10.2/gcc-10.2-arm32-eabi/bin/../lib/gcc/arm-none-eabi/10.2.0/thumb/v6-m/nofp\libgcc.a(_udivsi3.o)
 .bss           0x20000108        0x0 c:/nxp/s32ds.3.6.0/s32ds/build_tools/gcc_v10.2/gcc-10.2-arm32-eabi/bin/../lib/gcc/arm-none-eabi/10.2.0/thumb/v6-m/nofp\libgcc.a(_divsi3.o)
 .bss           0x20000108        0x0 c:/nxp/s32ds.3.6.0/s32ds/build_tools/gcc_v10.2/gcc-10.2-arm32-eabi/bin/../lib/gcc/arm-none-eabi/10.2.0/thumb/v6-m/nofp\libgcc.a(_dvmd_tls.o)
 *(.bss*)
                0x20000110                . = ALIGN (0x10)
 *fill*         0x20000108        0x8 
 *(.mcal_bss)
 .mcal_bss      0x20000110       0x51 ./RTD/src/Clock_Ip.o
                0x20000110                Clock_Ip_FreqIds
                0x2000015c                Clock_Ip_pxConfig
 *fill*         0x20000161        0x3 
 .mcal_bss      0x20000164        0x8 ./RTD/src/Clock_Ip_Monitor.o
 .mcal_bss      0x2000016c      0x10c ./RTD/src/Clock_Ip_Specific.o
                0x200001c4                Clock_Ip_pxCmuFircMon1Config
                0x200001cc                Clock_Ip_pxCmuFircMon2Config
 .mcal_bss      0x20000278       0x5c ./RTD/src/Flexio_I2c_Ip.o
 .mcal_bss      0x200002d4       0x38 ./RTD/src/Lpi2c_Ip.o
                0x20000310                . = ALIGN (0x10)
 *fill*         0x2000030c        0x4 
                0x20000310                __non_cacheable_bss_start = .
 *(.mcal_bss_no_cacheable)
 .mcal_bss_no_cacheable
                0x20000310       0x10 ./RTD/src/Det.o
                0x20000310                Det_TransientModuleId
                0x20000312                Det_ApiId
                0x20000313                Det_TransientInstanceId
                0x20000314                Det_ErrorId
                0x20000315                Det_TransientApiId
                0x20000316                Det_RuntimeModuleId
                0x20000318                Det_TransientFaultId
                0x20000319                Det_RuntimeInstanceId
                0x2000031a                Det_RuntimeApiId
                0x2000031c                Det_ModuleId
                0x2000031e                Det_RuntimeErrorId
                0x2000031f                Det_InstanceId
 .mcal_bss_no_cacheable
                0x20000320        0x1 ./RTD/src/Flexio_Mcl_Ip.o
                0x20000320                Flexio_Ip_baIpIsInitialized
 *fill*         0x20000321        0x3 
 .mcal_bss_no_cacheable
                0x20000324      0x178 ./RTD/src/SchM_Mcl.o
 .mcal_bss_no_cacheable
                0x2000049c       0x18 ./RTD/src/SchM_Mcu.o
 .mcal_bss_no_cacheable
                0x200004b4       0xe0 ./RTD/src/SchM_Port.o
                0x20000594                . = ALIGN (0x4)
                0x20000594                __non_cacheable_bss_end = .
                0x20000594                __sram_bss_end = .

.acfls_code_ram
                0x20000594        0x0
                0x20000594                . = (. + (acfls_code_rom_end - acfls_code_rom_start))

.heap           0x20000594      0x200 load address 0x000074c8
                0x20000594                . = ALIGN (0x4)
                0x20000594                _end = .
                0x20000594                end = .
                0x20000594                _heap_start = .
                0x20000794                . = (. + HEAP_SIZE)
 *fill*         0x20000594      0x200 
                0x20000794                _heap_end = .

int_results     0x1ffffc00      0x100
                0x1ffffc00                . = ALIGN (0x4)
 *(.int_results)
                0x1ffffd00                . = (. + 0x100)
 *fill*         0x1ffffc00      0x100 
                0x20002800                __Stack_end_c0 = ORIGIN (int_sram_stack_c0)
                0x20003800                __Stack_start_c0 = (ORIGIN (int_sram_stack_c0) + LENGTH (int_sram_stack_c0))
                0x1ffffc00                __INT_SRAM_START = ORIGIN (int_sram_results)
                0x20003800                __INT_SRAM_END = ORIGIN (ram_rsvd2)
                0x20000010                __RAM_INIT_START = __data_ram_start
                0x200000ec                __RAM_INIT_END = __data_ram_end
                0x00006f44                __ROM_INIT_START = __DATA_ROM
                0x00007020                __ROM_INIT_END = __DATA_ROM_END
                0x200000f0                __BSS_SRAM_START = __sram_bss_start
                0x20000594                __BSS_SRAM_END = __sram_bss_end
                0x000004a4                __BSS_SRAM_SIZE = (__sram_bss_end - __sram_bss_start)
                0x1ffffd00                __RAM_INTERRUPT_START = __interrupts_ram_start
                0x00000000                __ROM_INTERRUPT_START = __interrupts_rom_start
                0x00000310                __ROM_INTERRUPT_END = __interrupts_rom_end
                0x00006f1c                __INIT_TABLE = __init_table
                0x00006f38                __ZERO_TABLE = __zero_table
                0x00000001                __RAM_INIT = 0x1
                0x000064fc                Fls_ACEraseRomStart = acfls_code_rom_start
                0x000064fc                Fls_ACEraseRomEnd = acfls_code_rom_end
                0x00000000                Fls_ACEraseSize = (acfls_code_rom_end - acfls_code_rom_start)
                0x000064fc                Fls_ACWriteRomStart = acfls_code_rom_start
                0x000064fc                Fls_ACWriteRomEnd = acfls_code_rom_end
                0x00000000                Fls_ACWriteSize = (acfls_code_rom_end - acfls_code_rom_start)
                0x20000594                _ERASE_FUNC_ADDRESS_ = ADDR (.acfls_code_ram)
                0x20000594                _WRITE_FUNC_ADDRESS_ = ADDR (.acfls_code_ram)
                0x1ffffd00                __ENTRY_VTABLE = __RAM_INTERRUPT_START
OUTPUT(I2c_Ip_Example_S32K116.elf elf32-littlearm)
LOAD linker stubs

.ARM.attributes
                0x00000000       0x28
 .ARM.attributes
                0x00000000       0x1c ./Project_Settings/Startup_Code/Vector_Table.o
 .ARM.attributes
                0x0000001c       0x2c ./Project_Settings/Startup_Code/exceptions.o
 .ARM.attributes
                0x00000048       0x2c ./Project_Settings/Startup_Code/nvic.o
 .ARM.attributes
                0x00000074       0x2c ./Project_Settings/Startup_Code/startup.o
 .ARM.attributes
                0x000000a0       0x1b ./Project_Settings/Startup_Code/startup_cm0p.o
 .ARM.attributes
                0x000000bb       0x2c ./Project_Settings/Startup_Code/system.o
 .ARM.attributes
                0x000000e7       0x2c ./RTD/src/Clock_Ip.o
 .ARM.attributes
                0x00000113       0x32 ./RTD/src/Clock_Ip_Data.o
 .ARM.attributes
                0x00000145       0x2c ./RTD/src/Clock_Ip_Divider.o
 .ARM.attributes
                0x00000171       0x2c ./RTD/src/Clock_Ip_DividerTrigger.o
 .ARM.attributes
                0x0000019d       0x2c ./RTD/src/Clock_Ip_ExtOsc.o
 .ARM.attributes
                0x000001c9       0x2c ./RTD/src/Clock_Ip_FracDiv.o
 .ARM.attributes
                0x000001f5       0x2c ./RTD/src/Clock_Ip_Frequency.o
 .ARM.attributes
                0x00000221       0x2c ./RTD/src/Clock_Ip_Gate.o
 .ARM.attributes
                0x0000024d       0x2c ./RTD/src/Clock_Ip_IntOsc.o
 .ARM.attributes
                0x00000279       0x2c ./RTD/src/Clock_Ip_Irq.o
 .ARM.attributes
                0x000002a5       0x2c ./RTD/src/Clock_Ip_Monitor.o
 .ARM.attributes
                0x000002d1       0x2c ./RTD/src/Clock_Ip_Pll.o
 .ARM.attributes
                0x000002fd       0x2c ./RTD/src/Clock_Ip_ProgFreqSwitch.o
 .ARM.attributes
                0x00000329       0x2c ./RTD/src/Clock_Ip_Selector.o
 .ARM.attributes
                0x00000355       0x2c ./RTD/src/Clock_Ip_Specific.o
 .ARM.attributes
                0x00000381       0x2c ./RTD/src/Det.o
 .ARM.attributes
                0x000003ad       0x2c ./RTD/src/Flexio_I2c_Ip.o
 .ARM.attributes
                0x000003d9       0x2c ./RTD/src/Flexio_Mcl_Ip.o
 .ARM.attributes
                0x00000405       0x2c ./RTD/src/Flexio_Mcl_Ip_HwAccess.o
 .ARM.attributes
                0x00000431       0x2c ./RTD/src/Flexio_Mcl_Ip_Irq.o
 .ARM.attributes
                0x0000045d       0x2c ./RTD/src/IntCtrl_Ip.o
 .ARM.attributes
                0x00000489       0x2c ./RTD/src/Lpi2c_Ip.o
 .ARM.attributes
                0x000004b5       0x2c ./RTD/src/Lpi2c_Ip_HwAccess.o
 .ARM.attributes
                0x000004e1       0x2c ./RTD/src/Lpi2c_Ip_Irq.o
 .ARM.attributes
                0x0000050d       0x32 ./RTD/src/OsIf_Interrupts.o
 .ARM.attributes
                0x0000053f       0x2c ./RTD/src/OsIf_Timer.o
 .ARM.attributes
                0x0000056b       0x32 ./RTD/src/OsIf_Timer_System.o
 .ARM.attributes
                0x0000059d       0x2c ./RTD/src/OsIf_Timer_System_Internal_Systick.o
 .ARM.attributes
                0x000005c9       0x2c ./RTD/src/Port_Ci_Port_Ip.o
 .ARM.attributes
                0x000005f5       0x2c ./RTD/src/SchM_Mcl.o
 .ARM.attributes
                0x00000621       0x2c ./RTD/src/SchM_Mcu.o
 .ARM.attributes
                0x0000064d       0x2c ./RTD/src/SchM_Port.o
 .ARM.attributes
                0x00000679       0x32 ./board/Port_Ci_Port_Ip_Cfg.o
 .ARM.attributes
                0x000006ab       0x32 ./generate/src/Clock_Ip_Cfg.o
 .ARM.attributes
                0x000006dd       0x32 ./generate/src/Flexio_I2c_Ip_VS_0_PBcfg.o
 .ARM.attributes
                0x0000070f       0x32 ./generate/src/Flexio_Mcl_Ip_VS_0_PBcfg.o
 .ARM.attributes
                0x00000741       0x32 ./generate/src/IntCtrl_Ip_Cfg.o
 .ARM.attributes
                0x00000773       0x32 ./generate/src/Lpi2c_Ip_VS_0_PBcfg.o
 .ARM.attributes
                0x000007a5       0x32 ./generate/src/OsIf_Cfg.o
 .ARM.attributes
                0x000007d7       0x2c ./src/main.o
 .ARM.attributes
                0x00000803       0x2c c:/nxp/s32ds.3.6.0/s32ds/build_tools/gcc_v10.2/gcc-10.2-arm32-eabi/bin/../lib/gcc/arm-none-eabi/10.2.0/../../../../arm-none-eabi/lib/thumb/v6-m/nofp\libc_nano.a(lib_a-memset.o)
 .ARM.attributes
                0x0000082f       0x1e c:/nxp/s32ds.3.6.0/s32ds/build_tools/gcc_v10.2/gcc-10.2-arm32-eabi/bin/../lib/gcc/arm-none-eabi/10.2.0/thumb/v6-m/nofp\libgcc.a(_udivsi3.o)
 .ARM.attributes
                0x0000084d       0x1e c:/nxp/s32ds.3.6.0/s32ds/build_tools/gcc_v10.2/gcc-10.2-arm32-eabi/bin/../lib/gcc/arm-none-eabi/10.2.0/thumb/v6-m/nofp\libgcc.a(_divsi3.o)
 .ARM.attributes
                0x0000086b       0x1e c:/nxp/s32ds.3.6.0/s32ds/build_tools/gcc_v10.2/gcc-10.2-arm32-eabi/bin/../lib/gcc/arm-none-eabi/10.2.0/thumb/v6-m/nofp\libgcc.a(_dvmd_tls.o)

.comment        0x00000000       0x88
 .comment       0x00000000       0x88 ./Project_Settings/Startup_Code/exceptions.o
                                 0x89 (size before relaxing)
 .comment       0x00000088       0x89 ./Project_Settings/Startup_Code/nvic.o
 .comment       0x00000088       0x89 ./Project_Settings/Startup_Code/startup.o
 .comment       0x00000088       0x89 ./Project_Settings/Startup_Code/system.o
 .comment       0x00000088       0x89 ./RTD/src/Clock_Ip.o
 .comment       0x00000088       0x89 ./RTD/src/Clock_Ip_Data.o
 .comment       0x00000088       0x89 ./RTD/src/Clock_Ip_Divider.o
 .comment       0x00000088       0x89 ./RTD/src/Clock_Ip_DividerTrigger.o
 .comment       0x00000088       0x89 ./RTD/src/Clock_Ip_ExtOsc.o
 .comment       0x00000088       0x89 ./RTD/src/Clock_Ip_FracDiv.o
 .comment       0x00000088       0x89 ./RTD/src/Clock_Ip_Frequency.o
 .comment       0x00000088       0x89 ./RTD/src/Clock_Ip_Gate.o
 .comment       0x00000088       0x89 ./RTD/src/Clock_Ip_IntOsc.o
 .comment       0x00000088       0x89 ./RTD/src/Clock_Ip_Irq.o
 .comment       0x00000088       0x89 ./RTD/src/Clock_Ip_Monitor.o
 .comment       0x00000088       0x89 ./RTD/src/Clock_Ip_Pll.o
 .comment       0x00000088       0x89 ./RTD/src/Clock_Ip_ProgFreqSwitch.o
 .comment       0x00000088       0x89 ./RTD/src/Clock_Ip_Selector.o
 .comment       0x00000088       0x89 ./RTD/src/Clock_Ip_Specific.o
 .comment       0x00000088       0x89 ./RTD/src/Det.o
 .comment       0x00000088       0x89 ./RTD/src/Flexio_I2c_Ip.o
 .comment       0x00000088       0x89 ./RTD/src/Flexio_Mcl_Ip.o
 .comment       0x00000088       0x89 ./RTD/src/Flexio_Mcl_Ip_HwAccess.o
 .comment       0x00000088       0x89 ./RTD/src/Flexio_Mcl_Ip_Irq.o
 .comment       0x00000088       0x89 ./RTD/src/IntCtrl_Ip.o
 .comment       0x00000088       0x89 ./RTD/src/Lpi2c_Ip.o
 .comment       0x00000088       0x89 ./RTD/src/Lpi2c_Ip_HwAccess.o
 .comment       0x00000088       0x89 ./RTD/src/Lpi2c_Ip_Irq.o
 .comment       0x00000088       0x89 ./RTD/src/OsIf_Interrupts.o
 .comment       0x00000088       0x89 ./RTD/src/OsIf_Timer.o
 .comment       0x00000088       0x89 ./RTD/src/OsIf_Timer_System.o
 .comment       0x00000088       0x89 ./RTD/src/OsIf_Timer_System_Internal_Systick.o
 .comment       0x00000088       0x89 ./RTD/src/Port_Ci_Port_Ip.o
 .comment       0x00000088       0x89 ./RTD/src/SchM_Mcl.o
 .comment       0x00000088       0x89 ./RTD/src/SchM_Mcu.o
 .comment       0x00000088       0x89 ./RTD/src/SchM_Port.o
 .comment       0x00000088       0x89 ./board/Port_Ci_Port_Ip_Cfg.o
 .comment       0x00000088       0x89 ./generate/src/Clock_Ip_Cfg.o
 .comment       0x00000088       0x89 ./generate/src/Flexio_I2c_Ip_VS_0_PBcfg.o
 .comment       0x00000088       0x89 ./generate/src/Flexio_Mcl_Ip_VS_0_PBcfg.o
 .comment       0x00000088       0x89 ./generate/src/IntCtrl_Ip_Cfg.o
 .comment       0x00000088       0x89 ./generate/src/Lpi2c_Ip_VS_0_PBcfg.o
 .comment       0x00000088       0x89 ./generate/src/OsIf_Cfg.o
 .comment       0x00000088       0x89 ./src/main.o
 .comment       0x00000088       0x89 c:/nxp/s32ds.3.6.0/s32ds/build_tools/gcc_v10.2/gcc-10.2-arm32-eabi/bin/../lib/gcc/arm-none-eabi/10.2.0/../../../../arm-none-eabi/lib/thumb/v6-m/nofp\libc_nano.a(lib_a-memset.o)

.debug_info     0x00000000    0x1f83a
 .debug_info    0x00000000      0x139 ./Project_Settings/Startup_Code/exceptions.o
 .debug_info    0x00000139      0x273 ./Project_Settings/Startup_Code/nvic.o
 .debug_info    0x000003ac      0x264 ./Project_Settings/Startup_Code/startup.o
 .debug_info    0x00000610       0x26 ./Project_Settings/Startup_Code/startup_cm0p.o
 .debug_info    0x00000636      0x3c3 ./Project_Settings/Startup_Code/system.o
 .debug_info    0x000009f9     0x1f70 ./RTD/src/Clock_Ip.o
 .debug_info    0x00002969      0x958 ./RTD/src/Clock_Ip_Data.o
 .debug_info    0x000032c1      0xc26 ./RTD/src/Clock_Ip_Divider.o
 .debug_info    0x00003ee7      0x3a6 ./RTD/src/Clock_Ip_DividerTrigger.o
 .debug_info    0x0000428d      0x9c3 ./RTD/src/Clock_Ip_ExtOsc.o
 .debug_info    0x00004c50      0x43f ./RTD/src/Clock_Ip_FracDiv.o
 .debug_info    0x0000508f      0x2ad ./RTD/src/Clock_Ip_Frequency.o
 .debug_info    0x0000533c      0xb2d ./RTD/src/Clock_Ip_Gate.o
 .debug_info    0x00005e69     0x10d7 ./RTD/src/Clock_Ip_IntOsc.o
 .debug_info    0x00006f40       0xb2 ./RTD/src/Clock_Ip_Irq.o
 .debug_info    0x00006ff2     0x12cb ./RTD/src/Clock_Ip_Monitor.o
 .debug_info    0x000082bd      0x57e ./RTD/src/Clock_Ip_Pll.o
 .debug_info    0x0000883b      0x3b5 ./RTD/src/Clock_Ip_ProgFreqSwitch.o
 .debug_info    0x00008bf0      0xf3f ./RTD/src/Clock_Ip_Selector.o
 .debug_info    0x00009b2f     0x1fb0 ./RTD/src/Clock_Ip_Specific.o
 .debug_info    0x0000badf      0x420 ./RTD/src/Det.o
 .debug_info    0x0000beff     0x3833 ./RTD/src/Flexio_I2c_Ip.o
 .debug_info    0x0000f732      0x4f4 ./RTD/src/Flexio_Mcl_Ip.o
 .debug_info    0x0000fc26      0x9d0 ./RTD/src/Flexio_Mcl_Ip_HwAccess.o
 .debug_info    0x000105f6      0x548 ./RTD/src/Flexio_Mcl_Ip_Irq.o
 .debug_info    0x00010b3e      0xd55 ./RTD/src/IntCtrl_Ip.o
 .debug_info    0x00011893     0x58ec ./RTD/src/Lpi2c_Ip.o
 .debug_info    0x0001717f      0x475 ./RTD/src/Lpi2c_Ip_HwAccess.o
 .debug_info    0x000175f4       0xb8 ./RTD/src/Lpi2c_Ip_Irq.o
 .debug_info    0x000176ac       0x7d ./RTD/src/OsIf_Interrupts.o
 .debug_info    0x00017729      0x2ca ./RTD/src/OsIf_Timer.o
 .debug_info    0x000179f3       0x7d ./RTD/src/OsIf_Timer_System.o
 .debug_info    0x00017a70      0x196 ./RTD/src/OsIf_Timer_System_Internal_Systick.o
 .debug_info    0x00017c06      0x9dd ./RTD/src/Port_Ci_Port_Ip.o
 .debug_info    0x000185e3     0x26d7 ./RTD/src/SchM_Mcl.o
 .debug_info    0x0001acba      0x39b ./RTD/src/SchM_Mcu.o
 .debug_info    0x0001b055     0x17a0 ./RTD/src/SchM_Port.o
 .debug_info    0x0001c7f5      0x40a ./board/Port_Ci_Port_Ip_Cfg.o
 .debug_info    0x0001cbff      0xb4c ./generate/src/Clock_Ip_Cfg.o
 .debug_info    0x0001d74b      0x284 ./generate/src/Flexio_I2c_Ip_VS_0_PBcfg.o
 .debug_info    0x0001d9cf      0x101 ./generate/src/Flexio_Mcl_Ip_VS_0_PBcfg.o
 .debug_info    0x0001dad0      0x2a9 ./generate/src/IntCtrl_Ip_Cfg.o
 .debug_info    0x0001dd79      0x2a1 ./generate/src/Lpi2c_Ip_VS_0_PBcfg.o
 .debug_info    0x0001e01a       0x7d ./generate/src/OsIf_Cfg.o
 .debug_info    0x0001e097     0x1731 ./src/main.o
 .debug_info    0x0001f7c8       0x26 c:/nxp/s32ds.3.6.0/s32ds/build_tools/gcc_v10.2/gcc-10.2-arm32-eabi/bin/../lib/gcc/arm-none-eabi/10.2.0/thumb/v6-m/nofp\libgcc.a(_udivsi3.o)
 .debug_info    0x0001f7ee       0x26 c:/nxp/s32ds.3.6.0/s32ds/build_tools/gcc_v10.2/gcc-10.2-arm32-eabi/bin/../lib/gcc/arm-none-eabi/10.2.0/thumb/v6-m/nofp\libgcc.a(_divsi3.o)
 .debug_info    0x0001f814       0x26 c:/nxp/s32ds.3.6.0/s32ds/build_tools/gcc_v10.2/gcc-10.2-arm32-eabi/bin/../lib/gcc/arm-none-eabi/10.2.0/thumb/v6-m/nofp\libgcc.a(_dvmd_tls.o)

.debug_abbrev   0x00000000     0x44da
 .debug_abbrev  0x00000000       0x47 ./Project_Settings/Startup_Code/exceptions.o
 .debug_abbrev  0x00000047      0x10f ./Project_Settings/Startup_Code/nvic.o
 .debug_abbrev  0x00000156      0x108 ./Project_Settings/Startup_Code/startup.o
 .debug_abbrev  0x0000025e       0x14 ./Project_Settings/Startup_Code/startup_cm0p.o
 .debug_abbrev  0x00000272      0x17f ./Project_Settings/Startup_Code/system.o
 .debug_abbrev  0x000003f1      0x390 ./RTD/src/Clock_Ip.o
 .debug_abbrev  0x00000781      0x143 ./RTD/src/Clock_Ip_Data.o
 .debug_abbrev  0x000008c4      0x230 ./RTD/src/Clock_Ip_Divider.o
 .debug_abbrev  0x00000af4      0x117 ./RTD/src/Clock_Ip_DividerTrigger.o
 .debug_abbrev  0x00000c0b      0x2d1 ./RTD/src/Clock_Ip_ExtOsc.o
 .debug_abbrev  0x00000edc      0x163 ./RTD/src/Clock_Ip_FracDiv.o
 .debug_abbrev  0x0000103f       0x92 ./RTD/src/Clock_Ip_Frequency.o
 .debug_abbrev  0x000010d1      0x2a3 ./RTD/src/Clock_Ip_Gate.o
 .debug_abbrev  0x00001374      0x2fc ./RTD/src/Clock_Ip_IntOsc.o
 .debug_abbrev  0x00001670       0x67 ./RTD/src/Clock_Ip_Irq.o
 .debug_abbrev  0x000016d7      0x28b ./RTD/src/Clock_Ip_Monitor.o
 .debug_abbrev  0x00001962      0x17d ./RTD/src/Clock_Ip_Pll.o
 .debug_abbrev  0x00001adf      0x115 ./RTD/src/Clock_Ip_ProgFreqSwitch.o
 .debug_abbrev  0x00001bf4      0x230 ./RTD/src/Clock_Ip_Selector.o
 .debug_abbrev  0x00001e24      0x350 ./RTD/src/Clock_Ip_Specific.o
 .debug_abbrev  0x00002174      0x14e ./RTD/src/Det.o
 .debug_abbrev  0x000022c2      0x3c5 ./RTD/src/Flexio_I2c_Ip.o
 .debug_abbrev  0x00002687      0x19e ./RTD/src/Flexio_Mcl_Ip.o
 .debug_abbrev  0x00002825      0x1c2 ./RTD/src/Flexio_Mcl_Ip_HwAccess.o
 .debug_abbrev  0x000029e7      0x156 ./RTD/src/Flexio_Mcl_Ip_Irq.o
 .debug_abbrev  0x00002b3d      0x299 ./RTD/src/IntCtrl_Ip.o
 .debug_abbrev  0x00002dd6      0x447 ./RTD/src/Lpi2c_Ip.o
 .debug_abbrev  0x0000321d      0x190 ./RTD/src/Lpi2c_Ip_HwAccess.o
 .debug_abbrev  0x000033ad       0x73 ./RTD/src/Lpi2c_Ip_Irq.o
 .debug_abbrev  0x00003420       0x29 ./RTD/src/OsIf_Interrupts.o
 .debug_abbrev  0x00003449      0x17a ./RTD/src/OsIf_Timer.o
 .debug_abbrev  0x000035c3       0x29 ./RTD/src/OsIf_Timer_System.o
 .debug_abbrev  0x000035ec      0x125 ./RTD/src/OsIf_Timer_System_Internal_Systick.o
 .debug_abbrev  0x00003711      0x287 ./RTD/src/Port_Ci_Port_Ip.o
 .debug_abbrev  0x00003998      0x124 ./RTD/src/SchM_Mcl.o
 .debug_abbrev  0x00003abc      0x124 ./RTD/src/SchM_Mcu.o
 .debug_abbrev  0x00003be0      0x124 ./RTD/src/SchM_Port.o
 .debug_abbrev  0x00003d04      0x101 ./board/Port_Ci_Port_Ip_Cfg.o
 .debug_abbrev  0x00003e05      0x101 ./generate/src/Clock_Ip_Cfg.o
 .debug_abbrev  0x00003f06       0xaf ./generate/src/Flexio_I2c_Ip_VS_0_PBcfg.o
 .debug_abbrev  0x00003fb5       0x81 ./generate/src/Flexio_Mcl_Ip_VS_0_PBcfg.o
 .debug_abbrev  0x00004036       0xd9 ./generate/src/IntCtrl_Ip_Cfg.o
 .debug_abbrev  0x0000410f       0xc5 ./generate/src/Lpi2c_Ip_VS_0_PBcfg.o
 .debug_abbrev  0x000041d4       0x29 ./generate/src/OsIf_Cfg.o
 .debug_abbrev  0x000041fd      0x2a1 ./src/main.o
 .debug_abbrev  0x0000449e       0x14 c:/nxp/s32ds.3.6.0/s32ds/build_tools/gcc_v10.2/gcc-10.2-arm32-eabi/bin/../lib/gcc/arm-none-eabi/10.2.0/thumb/v6-m/nofp\libgcc.a(_udivsi3.o)
 .debug_abbrev  0x000044b2       0x14 c:/nxp/s32ds.3.6.0/s32ds/build_tools/gcc_v10.2/gcc-10.2-arm32-eabi/bin/../lib/gcc/arm-none-eabi/10.2.0/thumb/v6-m/nofp\libgcc.a(_divsi3.o)
 .debug_abbrev  0x000044c6       0x14 c:/nxp/s32ds.3.6.0/s32ds/build_tools/gcc_v10.2/gcc-10.2-arm32-eabi/bin/../lib/gcc/arm-none-eabi/10.2.0/thumb/v6-m/nofp\libgcc.a(_dvmd_tls.o)

.debug_aranges  0x00000000     0x1178
 .debug_aranges
                0x00000000       0x28 ./Project_Settings/Startup_Code/exceptions.o
 .debug_aranges
                0x00000028       0x20 ./Project_Settings/Startup_Code/nvic.o
 .debug_aranges
                0x00000048       0x20 ./Project_Settings/Startup_Code/startup.o
 .debug_aranges
                0x00000068       0x20 ./Project_Settings/Startup_Code/startup_cm0p.o
 .debug_aranges
                0x00000088       0x28 ./Project_Settings/Startup_Code/system.o
 .debug_aranges
                0x000000b0       0x80 ./RTD/src/Clock_Ip.o
 .debug_aranges
                0x00000130       0x18 ./RTD/src/Clock_Ip_Data.o
 .debug_aranges
                0x00000148       0xc0 ./RTD/src/Clock_Ip_Divider.o
 .debug_aranges
                0x00000208       0x20 ./RTD/src/Clock_Ip_DividerTrigger.o
 .debug_aranges
                0x00000228       0x70 ./RTD/src/Clock_Ip_ExtOsc.o
 .debug_aranges
                0x00000298       0x28 ./RTD/src/Clock_Ip_FracDiv.o
 .debug_aranges
                0x000002c0       0x20 ./RTD/src/Clock_Ip_Frequency.o
 .debug_aranges
                0x000002e0       0xa0 ./RTD/src/Clock_Ip_Gate.o
 .debug_aranges
                0x00000380       0xf0 ./RTD/src/Clock_Ip_IntOsc.o
 .debug_aranges
                0x00000470       0x20 ./RTD/src/Clock_Ip_Irq.o
 .debug_aranges
                0x00000490       0x60 ./RTD/src/Clock_Ip_Monitor.o
 .debug_aranges
                0x000004f0       0x30 ./RTD/src/Clock_Ip_Pll.o
 .debug_aranges
                0x00000520       0x20 ./RTD/src/Clock_Ip_ProgFreqSwitch.o
 .debug_aranges
                0x00000540      0x110 ./RTD/src/Clock_Ip_Selector.o
 .debug_aranges
                0x00000650       0x48 ./RTD/src/Clock_Ip_Specific.o
 .debug_aranges
                0x00000698       0x38 ./RTD/src/Det.o
 .debug_aranges
                0x000006d0       0xa8 ./RTD/src/Flexio_I2c_Ip.o
 .debug_aranges
                0x00000778       0x28 ./RTD/src/Flexio_Mcl_Ip.o
 .debug_aranges
                0x000007a0       0xc0 ./RTD/src/Flexio_Mcl_Ip_HwAccess.o
 .debug_aranges
                0x00000860       0x20 ./RTD/src/Flexio_Mcl_Ip_Irq.o
 .debug_aranges
                0x00000880       0xa8 ./RTD/src/IntCtrl_Ip.o
 .debug_aranges
                0x00000928      0x110 ./RTD/src/Lpi2c_Ip.o
 .debug_aranges
                0x00000a38       0x20 ./RTD/src/Lpi2c_Ip_HwAccess.o
 .debug_aranges
                0x00000a58       0x20 ./RTD/src/Lpi2c_Ip_Irq.o
 .debug_aranges
                0x00000a78       0x18 ./RTD/src/OsIf_Interrupts.o
 .debug_aranges
                0x00000a90       0x40 ./RTD/src/OsIf_Timer.o
 .debug_aranges
                0x00000ad0       0x18 ./RTD/src/OsIf_Timer_System.o
 .debug_aranges
                0x00000ae8       0x30 ./RTD/src/OsIf_Timer_System_Internal_Systick.o
 .debug_aranges
                0x00000b18       0x50 ./RTD/src/Port_Ci_Port_Ip.o
 .debug_aranges
                0x00000b68      0x310 ./RTD/src/SchM_Mcl.o
 .debug_aranges
                0x00000e78       0x50 ./RTD/src/SchM_Mcu.o
 .debug_aranges
                0x00000ec8      0x1e0 ./RTD/src/SchM_Port.o
 .debug_aranges
                0x000010a8       0x18 ./board/Port_Ci_Port_Ip_Cfg.o
 .debug_aranges
                0x000010c0       0x18 ./generate/src/Clock_Ip_Cfg.o
 .debug_aranges
                0x000010d8       0x18 ./generate/src/Flexio_I2c_Ip_VS_0_PBcfg.o
 .debug_aranges
                0x000010f0       0x18 ./generate/src/Flexio_Mcl_Ip_VS_0_PBcfg.o
 .debug_aranges
                0x00001108       0x18 ./generate/src/IntCtrl_Ip_Cfg.o
 .debug_aranges
                0x00001120       0x18 ./generate/src/Lpi2c_Ip_VS_0_PBcfg.o
 .debug_aranges
                0x00001138       0x18 ./generate/src/OsIf_Cfg.o
 .debug_aranges
                0x00001150       0x28 ./src/main.o

.debug_ranges   0x00000000     0x2098
 .debug_ranges  0x00000000       0x18 ./Project_Settings/Startup_Code/exceptions.o
 .debug_ranges  0x00000018       0x30 ./Project_Settings/Startup_Code/system.o
 .debug_ranges  0x00000048       0xe0 ./RTD/src/Clock_Ip.o
 .debug_ranges  0x00000128       0xb0 ./RTD/src/Clock_Ip_Divider.o
 .debug_ranges  0x000001d8       0x10 ./RTD/src/Clock_Ip_DividerTrigger.o
 .debug_ranges  0x000001e8       0x90 ./RTD/src/Clock_Ip_ExtOsc.o
 .debug_ranges  0x00000278       0x18 ./RTD/src/Clock_Ip_FracDiv.o
 .debug_ranges  0x00000290       0x10 ./RTD/src/Clock_Ip_Frequency.o
 .debug_ranges  0x000002a0      0x108 ./RTD/src/Clock_Ip_Gate.o
 .debug_ranges  0x000003a8       0xf8 ./RTD/src/Clock_Ip_IntOsc.o
 .debug_ranges  0x000004a0       0x10 ./RTD/src/Clock_Ip_Irq.o
 .debug_ranges  0x000004b0       0x50 ./RTD/src/Clock_Ip_Monitor.o
 .debug_ranges  0x00000500       0x20 ./RTD/src/Clock_Ip_Pll.o
 .debug_ranges  0x00000520       0x10 ./RTD/src/Clock_Ip_ProgFreqSwitch.o
 .debug_ranges  0x00000530      0x100 ./RTD/src/Clock_Ip_Selector.o
 .debug_ranges  0x00000630      0x1f0 ./RTD/src/Clock_Ip_Specific.o
 .debug_ranges  0x00000820       0x28 ./RTD/src/Det.o
 .debug_ranges  0x00000848      0x538 ./RTD/src/Flexio_I2c_Ip.o
 .debug_ranges  0x00000d80       0x18 ./RTD/src/Flexio_Mcl_Ip.o
 .debug_ranges  0x00000d98       0xb0 ./RTD/src/Flexio_Mcl_Ip_HwAccess.o
 .debug_ranges  0x00000e48       0x30 ./RTD/src/Flexio_Mcl_Ip_Irq.o
 .debug_ranges  0x00000e78       0xc8 ./RTD/src/IntCtrl_Ip.o
 .debug_ranges  0x00000f40      0xb30 ./RTD/src/Lpi2c_Ip.o
 .debug_ranges  0x00001a70       0x28 ./RTD/src/Lpi2c_Ip_HwAccess.o
 .debug_ranges  0x00001a98       0x10 ./RTD/src/Lpi2c_Ip_Irq.o
 .debug_ranges  0x00001aa8       0x30 ./RTD/src/OsIf_Timer.o
 .debug_ranges  0x00001ad8       0x20 ./RTD/src/OsIf_Timer_System_Internal_Systick.o
 .debug_ranges  0x00001af8       0x60 ./RTD/src/Port_Ci_Port_Ip.o
 .debug_ranges  0x00001b58      0x300 ./RTD/src/SchM_Mcl.o
 .debug_ranges  0x00001e58       0x40 ./RTD/src/SchM_Mcu.o
 .debug_ranges  0x00001e98      0x1d0 ./RTD/src/SchM_Port.o
 .debug_ranges  0x00002068       0x30 ./src/main.o

.debug_macro    0x00000000    0x1aab2
 .debug_macro   0x00000000      0x144 ./Project_Settings/Startup_Code/exceptions.o
 .debug_macro   0x00000144      0xa66 ./Project_Settings/Startup_Code/exceptions.o
 .debug_macro   0x00000baa       0x22 ./Project_Settings/Startup_Code/exceptions.o
 .debug_macro   0x00000bcc       0x56 ./Project_Settings/Startup_Code/exceptions.o
 .debug_macro   0x00000c22       0x51 ./Project_Settings/Startup_Code/exceptions.o
 .debug_macro   0x00000c73      0x103 ./Project_Settings/Startup_Code/exceptions.o
 .debug_macro   0x00000d76       0x6a ./Project_Settings/Startup_Code/exceptions.o
 .debug_macro   0x00000de0      0x1df ./Project_Settings/Startup_Code/exceptions.o
 .debug_macro   0x00000fbf       0x22 ./Project_Settings/Startup_Code/exceptions.o
 .debug_macro   0x00000fe1      0x16d ./Project_Settings/Startup_Code/exceptions.o
 .debug_macro   0x0000114e       0x82 ./Project_Settings/Startup_Code/exceptions.o
 .debug_macro   0x000011d0      0x97b ./Project_Settings/Startup_Code/exceptions.o
 .debug_macro   0x00001b4b       0x3a ./Project_Settings/Startup_Code/exceptions.o
 .debug_macro   0x00001b85       0xcc ./Project_Settings/Startup_Code/exceptions.o
 .debug_macro   0x00001c51       0x6e ./Project_Settings/Startup_Code/exceptions.o
 .debug_macro   0x00001cbf       0x94 ./Project_Settings/Startup_Code/exceptions.o
 .debug_macro   0x00001d53       0xcf ./Project_Settings/Startup_Code/exceptions.o
 .debug_macro   0x00001e22       0xb8 ./Project_Settings/Startup_Code/exceptions.o
 .debug_macro   0x00001eda       0x52 ./Project_Settings/Startup_Code/exceptions.o
 .debug_macro   0x00001f2c       0x16 ./Project_Settings/Startup_Code/exceptions.o
 .debug_macro   0x00001f42       0x6e ./Project_Settings/Startup_Code/exceptions.o
 .debug_macro   0x00001fb0      0x130 ./Project_Settings/Startup_Code/exceptions.o
 .debug_macro   0x000020e0       0x6a ./Project_Settings/Startup_Code/exceptions.o
 .debug_macro   0x0000214a       0x58 ./Project_Settings/Startup_Code/exceptions.o
 .debug_macro   0x000021a2       0x57 ./Project_Settings/Startup_Code/exceptions.o
 .debug_macro   0x000021f9      0x255 ./Project_Settings/Startup_Code/nvic.o
 .debug_macro   0x0000244e      0x525 ./Project_Settings/Startup_Code/nvic.o
 .debug_macro   0x00002973      0x616 ./Project_Settings/Startup_Code/nvic.o
 .debug_macro   0x00002f89      0x549 ./Project_Settings/Startup_Code/nvic.o
 .debug_macro   0x000034d2      0x184 ./Project_Settings/Startup_Code/nvic.o
 .debug_macro   0x00003656      0x204 ./Project_Settings/Startup_Code/nvic.o
 .debug_macro   0x0000385a      0xc41 ./Project_Settings/Startup_Code/nvic.o
 .debug_macro   0x0000449b       0x80 ./Project_Settings/Startup_Code/nvic.o
 .debug_macro   0x0000451b       0x9e ./Project_Settings/Startup_Code/nvic.o
 .debug_macro   0x000045b9       0xba ./Project_Settings/Startup_Code/nvic.o
 .debug_macro   0x00004673     0x122f ./Project_Settings/Startup_Code/nvic.o
 .debug_macro   0x000058a2      0x5a3 ./Project_Settings/Startup_Code/nvic.o
 .debug_macro   0x00005e45      0x398 ./Project_Settings/Startup_Code/nvic.o
 .debug_macro   0x000061dd     0x18e3 ./Project_Settings/Startup_Code/nvic.o
 .debug_macro   0x00007ac0      0x102 ./Project_Settings/Startup_Code/nvic.o
 .debug_macro   0x00007bc2      0x434 ./Project_Settings/Startup_Code/nvic.o
 .debug_macro   0x00007ff6      0xdd9 ./Project_Settings/Startup_Code/nvic.o
 .debug_macro   0x00008dcf      0x402 ./Project_Settings/Startup_Code/nvic.o
 .debug_macro   0x000091d1      0x7d2 ./Project_Settings/Startup_Code/nvic.o
 .debug_macro   0x000099a3      0x192 ./Project_Settings/Startup_Code/nvic.o
 .debug_macro   0x00009b35      0xc3c ./Project_Settings/Startup_Code/nvic.o
 .debug_macro   0x0000a771      0x394 ./Project_Settings/Startup_Code/nvic.o
 .debug_macro   0x0000ab05      0x5cf ./Project_Settings/Startup_Code/nvic.o
 .debug_macro   0x0000b0d4      0x5a7 ./Project_Settings/Startup_Code/nvic.o
 .debug_macro   0x0000b67b      0x1fb ./Project_Settings/Startup_Code/nvic.o
 .debug_macro   0x0000b876      0x126 ./Project_Settings/Startup_Code/nvic.o
 .debug_macro   0x0000b99c      0x160 ./Project_Settings/Startup_Code/nvic.o
 .debug_macro   0x0000bafc      0x314 ./Project_Settings/Startup_Code/nvic.o
 .debug_macro   0x0000be10      0x193 ./Project_Settings/Startup_Code/nvic.o
 .debug_macro   0x0000bfa3      0x294 ./Project_Settings/Startup_Code/nvic.o
 .debug_macro   0x0000c237      0x5f4 ./Project_Settings/Startup_Code/nvic.o
 .debug_macro   0x0000c82b      0x31c ./Project_Settings/Startup_Code/nvic.o
 .debug_macro   0x0000cb47      0x38c ./Project_Settings/Startup_Code/nvic.o
 .debug_macro   0x0000ced3      0x515 ./Project_Settings/Startup_Code/nvic.o
 .debug_macro   0x0000d3e8      0x585 ./Project_Settings/Startup_Code/nvic.o
 .debug_macro   0x0000d96d      0x194 ./Project_Settings/Startup_Code/nvic.o
 .debug_macro   0x0000db01      0x136 ./Project_Settings/Startup_Code/nvic.o
 .debug_macro   0x0000dc37      0x121 ./Project_Settings/Startup_Code/nvic.o
 .debug_macro   0x0000dd58      0x256 ./Project_Settings/Startup_Code/nvic.o
 .debug_macro   0x0000dfae       0x16 ./Project_Settings/Startup_Code/nvic.o
 .debug_macro   0x0000dfc4       0xc8 ./Project_Settings/Startup_Code/startup.o
 .debug_macro   0x0000e08c      0x2e3 ./Project_Settings/Startup_Code/system.o
 .debug_macro   0x0000e36f      0x52b ./Project_Settings/Startup_Code/system.o
 .debug_macro   0x0000e89a      0x4ab ./RTD/src/Clock_Ip.o
 .debug_macro   0x0000ed45      0x57f ./RTD/src/Clock_Ip.o
 .debug_macro   0x0000f2c4      0x301 ./RTD/src/Clock_Ip.o
 .debug_macro   0x0000f5c5       0x85 ./RTD/src/Clock_Ip.o
 .debug_macro   0x0000f64a       0x52 ./RTD/src/Clock_Ip.o
 .debug_macro   0x0000f69c       0x50 ./RTD/src/Clock_Ip.o
 .debug_macro   0x0000f6ec       0x50 ./RTD/src/Clock_Ip.o
 .debug_macro   0x0000f73c       0x50 ./RTD/src/Clock_Ip.o
 .debug_macro   0x0000f78c       0x50 ./RTD/src/Clock_Ip.o
 .debug_macro   0x0000f7dc       0x34 ./RTD/src/Clock_Ip.o
 .debug_macro   0x0000f810      0x1e0 ./RTD/src/Clock_Ip.o
 .debug_macro   0x0000f9f0       0x50 ./RTD/src/Clock_Ip.o
 .debug_macro   0x0000fa40       0x50 ./RTD/src/Clock_Ip.o
 .debug_macro   0x0000fa90       0x50 ./RTD/src/Clock_Ip.o
 .debug_macro   0x0000fae0       0x50 ./RTD/src/Clock_Ip.o
 .debug_macro   0x0000fb30       0x50 ./RTD/src/Clock_Ip.o
 .debug_macro   0x0000fb80       0x50 ./RTD/src/Clock_Ip.o
 .debug_macro   0x0000fbd0       0xa5 ./RTD/src/Clock_Ip.o
 .debug_macro   0x0000fc75       0x50 ./RTD/src/Clock_Ip.o
 .debug_macro   0x0000fcc5       0x50 ./RTD/src/Clock_Ip.o
 .debug_macro   0x0000fd15       0x50 ./RTD/src/Clock_Ip.o
 .debug_macro   0x0000fd65       0x50 ./RTD/src/Clock_Ip.o
 .debug_macro   0x0000fdb5       0x50 ./RTD/src/Clock_Ip.o
 .debug_macro   0x0000fe05       0x50 ./RTD/src/Clock_Ip.o
 .debug_macro   0x0000fe55       0x50 ./RTD/src/Clock_Ip.o
 .debug_macro   0x0000fea5       0x50 ./RTD/src/Clock_Ip.o
 .debug_macro   0x0000fef5       0x35 ./RTD/src/Clock_Ip.o
 .debug_macro   0x0000ff2a       0x50 ./RTD/src/Clock_Ip.o
 .debug_macro   0x0000ff7a       0x50 ./RTD/src/Clock_Ip.o
 .debug_macro   0x0000ffca       0x50 ./RTD/src/Clock_Ip.o
 .debug_macro   0x0001001a       0x50 ./RTD/src/Clock_Ip.o
 .debug_macro   0x0001006a      0x5c7 ./RTD/src/Clock_Ip_Data.o
 .debug_macro   0x00010631      0x3c8 ./RTD/src/Clock_Ip_Divider.o
 .debug_macro   0x000109f9      0x3c5 ./RTD/src/Clock_Ip_DividerTrigger.o
 .debug_macro   0x00010dbe      0x3c8 ./RTD/src/Clock_Ip_ExtOsc.o
 .debug_macro   0x00011186      0x3c6 ./RTD/src/Clock_Ip_FracDiv.o
 .debug_macro   0x0001154c      0x35c ./RTD/src/Clock_Ip_Frequency.o
 .debug_macro   0x000118a8      0x3d6 ./RTD/src/Clock_Ip_Gate.o
 .debug_macro   0x00011c7e      0x3d6 ./RTD/src/Clock_Ip_IntOsc.o
 .debug_macro   0x00012054      0x384 ./RTD/src/Clock_Ip_Irq.o
 .debug_macro   0x000123d8      0x443 ./RTD/src/Clock_Ip_Monitor.o
 .debug_macro   0x0001281b       0x3a ./RTD/src/Clock_Ip_Monitor.o
 .debug_macro   0x00012855       0x50 ./RTD/src/Clock_Ip_Monitor.o
 .debug_macro   0x000128a5       0x50 ./RTD/src/Clock_Ip_Monitor.o
 .debug_macro   0x000128f5       0x50 ./RTD/src/Clock_Ip_Monitor.o
 .debug_macro   0x00012945       0x50 ./RTD/src/Clock_Ip_Monitor.o
 .debug_macro   0x00012995      0x3c8 ./RTD/src/Clock_Ip_Pll.o
 .debug_macro   0x00012d5d      0x405 ./RTD/src/Clock_Ip_ProgFreqSwitch.o
 .debug_macro   0x00013162      0x3e4 ./RTD/src/Clock_Ip_Selector.o
 .debug_macro   0x00013546      0x488 ./RTD/src/Clock_Ip_Specific.o
 .debug_macro   0x000139ce      0x275 ./RTD/src/Det.o
 .debug_macro   0x00013c43       0x40 ./RTD/src/Det.o
 .debug_macro   0x00013c83       0x50 ./RTD/src/Det.o
 .debug_macro   0x00013cd3       0x50 ./RTD/src/Det.o
 .debug_macro   0x00013d23       0x50 ./RTD/src/Det.o
 .debug_macro   0x00013d73       0x50 ./RTD/src/Det.o
 .debug_macro   0x00013dc3       0x50 ./RTD/src/Det.o
 .debug_macro   0x00013e13       0x50 ./RTD/src/Det.o
 .debug_macro   0x00013e63      0x3cd ./RTD/src/Flexio_I2c_Ip.o
 .debug_macro   0x00014230      0x59d ./RTD/src/Flexio_I2c_Ip.o
 .debug_macro   0x000147cd       0x40 ./RTD/src/Flexio_I2c_Ip.o
 .debug_macro   0x0001480d       0x50 ./RTD/src/Flexio_I2c_Ip.o
 .debug_macro   0x0001485d       0x2f ./RTD/src/Flexio_I2c_Ip.o
 .debug_macro   0x0001488c       0x50 ./RTD/src/Flexio_I2c_Ip.o
 .debug_macro   0x000148dc       0x2e ./RTD/src/Flexio_I2c_Ip.o
 .debug_macro   0x0001490a       0x2e ./RTD/src/Flexio_I2c_Ip.o
 .debug_macro   0x00014938       0x40 ./RTD/src/Flexio_I2c_Ip.o
 .debug_macro   0x00014978       0x72 ./RTD/src/Flexio_I2c_Ip.o
 .debug_macro   0x000149ea       0x4a ./RTD/src/Flexio_I2c_Ip.o
 .debug_macro   0x00014a34       0x50 ./RTD/src/Flexio_I2c_Ip.o
 .debug_macro   0x00014a84       0x50 ./RTD/src/Flexio_I2c_Ip.o
 .debug_macro   0x00014ad4       0x3a ./RTD/src/Flexio_I2c_Ip.o
 .debug_macro   0x00014b0e       0xb0 ./RTD/src/Flexio_I2c_Ip.o
 .debug_macro   0x00014bbe       0x3b ./RTD/src/Flexio_I2c_Ip.o
 .debug_macro   0x00014bf9       0x50 ./RTD/src/Flexio_I2c_Ip.o
 .debug_macro   0x00014c49       0x50 ./RTD/src/Flexio_I2c_Ip.o
 .debug_macro   0x00014c99       0x34 ./RTD/src/Flexio_I2c_Ip.o
 .debug_macro   0x00014ccd       0x46 ./RTD/src/Flexio_I2c_Ip.o
 .debug_macro   0x00014d13       0x34 ./RTD/src/Flexio_I2c_Ip.o
 .debug_macro   0x00014d47       0x50 ./RTD/src/Flexio_I2c_Ip.o
 .debug_macro   0x00014d97       0x50 ./RTD/src/Flexio_I2c_Ip.o
 .debug_macro   0x00014de7       0x50 ./RTD/src/Flexio_I2c_Ip.o
 .debug_macro   0x00014e37       0x50 ./RTD/src/Flexio_I2c_Ip.o
 .debug_macro   0x00014e87       0x50 ./RTD/src/Flexio_I2c_Ip.o
 .debug_macro   0x00014ed7       0x50 ./RTD/src/Flexio_I2c_Ip.o
 .debug_macro   0x00014f27      0x2df ./RTD/src/Flexio_Mcl_Ip.o
 .debug_macro   0x00015206       0x34 ./RTD/src/Flexio_Mcl_Ip.o
 .debug_macro   0x0001523a       0x46 ./RTD/src/Flexio_Mcl_Ip.o
 .debug_macro   0x00015280       0x34 ./RTD/src/Flexio_Mcl_Ip.o
 .debug_macro   0x000152b4       0x34 ./RTD/src/Flexio_Mcl_Ip.o
 .debug_macro   0x000152e8       0x40 ./RTD/src/Flexio_Mcl_Ip.o
 .debug_macro   0x00015328       0x35 ./RTD/src/Flexio_Mcl_Ip.o
 .debug_macro   0x0001535d       0x50 ./RTD/src/Flexio_Mcl_Ip.o
 .debug_macro   0x000153ad       0x50 ./RTD/src/Flexio_Mcl_Ip.o
 .debug_macro   0x000153fd       0x50 ./RTD/src/Flexio_Mcl_Ip.o
 .debug_macro   0x0001544d       0x50 ./RTD/src/Flexio_Mcl_Ip.o
 .debug_macro   0x0001549d      0x225 ./RTD/src/Flexio_Mcl_Ip_HwAccess.o
 .debug_macro   0x000156c2       0x3a ./RTD/src/Flexio_Mcl_Ip_HwAccess.o
 .debug_macro   0x000156fc      0x37f ./RTD/src/Flexio_Mcl_Ip_Irq.o
 .debug_macro   0x00015a7b       0x34 ./RTD/src/Flexio_Mcl_Ip_Irq.o
 .debug_macro   0x00015aaf       0x2e ./RTD/src/Flexio_Mcl_Ip_Irq.o
 .debug_macro   0x00015add      0x3a3 ./RTD/src/IntCtrl_Ip.o
 .debug_macro   0x00015e80       0x2e ./RTD/src/IntCtrl_Ip.o
 .debug_macro   0x00015eae       0x64 ./RTD/src/IntCtrl_Ip.o
 .debug_macro   0x00015f12       0x2e ./RTD/src/IntCtrl_Ip.o
 .debug_macro   0x00015f40       0x34 ./RTD/src/IntCtrl_Ip.o
 .debug_macro   0x00015f74       0x50 ./RTD/src/IntCtrl_Ip.o
 .debug_macro   0x00015fc4       0x50 ./RTD/src/IntCtrl_Ip.o
 .debug_macro   0x00016014       0x34 ./RTD/src/IntCtrl_Ip.o
 .debug_macro   0x00016048       0x50 ./RTD/src/IntCtrl_Ip.o
 .debug_macro   0x00016098       0x50 ./RTD/src/IntCtrl_Ip.o
 .debug_macro   0x000160e8      0x365 ./RTD/src/Lpi2c_Ip.o
 .debug_macro   0x0001644d      0xdd3 ./RTD/src/Lpi2c_Ip.o
 .debug_macro   0x00017220       0x5e ./RTD/src/Lpi2c_Ip.o
 .debug_macro   0x0001727e       0x2e ./RTD/src/Lpi2c_Ip.o
 .debug_macro   0x000172ac       0x52 ./RTD/src/Lpi2c_Ip.o
 .debug_macro   0x000172fe       0x35 ./RTD/src/Lpi2c_Ip.o
 .debug_macro   0x00017333       0xb9 ./RTD/src/Lpi2c_Ip.o
 .debug_macro   0x000173ec       0x46 ./RTD/src/Lpi2c_Ip.o
 .debug_macro   0x00017432       0x46 ./RTD/src/Lpi2c_Ip.o
 .debug_macro   0x00017478       0x34 ./RTD/src/Lpi2c_Ip.o
 .debug_macro   0x000174ac      0x22a ./RTD/src/Lpi2c_Ip_HwAccess.o